Archive member included because of file (symbol)

.\CortexM3\ARM_GCC_473\Release\GobeeDir.a(cyfitter_cfg.o)
                              .\CortexM3\ARM_GCC_473\Release\main.o (AMuxSeq_Next)
.\CortexM3\ARM_GCC_473\Release\GobeeDir.a(ADC.o)
                              .\CortexM3\ARM_GCC_473\Release\main.o (ADC_Start)
.\CortexM3\ARM_GCC_473\Release\GobeeDir.a(ADC_INT.o)
                              .\CortexM3\ARM_GCC_473\Release\GobeeDir.a(ADC.o) (ADC_ISR1)
.\CortexM3\ARM_GCC_473\Release\GobeeDir.a(UART_USB.o)
                              .\CortexM3\ARM_GCC_473\Release\main.o (UART_USB_Start)
.\CortexM3\ARM_GCC_473\Release\GobeeDir.a(Control_Reg_LED.o)
                              .\CortexM3\ARM_GCC_473\Release\main.o (Control_Reg_LED_Write)
.\CortexM3\ARM_GCC_473\Release\GobeeDir.a(EEPROM.o)
                              .\CortexM3\ARM_GCC_473\Release\main.o (EEPROM_Enable)
.\CortexM3\ARM_GCC_473\Release\GobeeDir.a(AMuxSeq.o)
                              .\CortexM3\ARM_GCC_473\Release\main.o (AMuxSeq_Start)
.\CortexM3\ARM_GCC_473\Release\GobeeDir.a(isr_CTRL.o)
                              .\CortexM3\ARM_GCC_473\Release\main.o (isr_CTRL_Start)
.\CortexM3\ARM_GCC_473\Release\GobeeDir.a(Status_Reg_BUTTON.o)
                              .\CortexM3\ARM_GCC_473\Release\console.o (Status_Reg_BUTTON_Read)
.\CortexM3\ARM_GCC_473\Release\GobeeDir.a(Counter_LED.o)
                              .\CortexM3\ARM_GCC_473\Release\main.o (Counter_LED_Start)
.\CortexM3\ARM_GCC_473\Release\GobeeDir.a(ADC_theACLK.o)
                              .\CortexM3\ARM_GCC_473\Release\GobeeDir.a(ADC.o) (ADC_theACLK_SetDividerRegister)
.\CortexM3\ARM_GCC_473\Release\GobeeDir.a(ADC_Ext_CP_Clk.o)
                              .\CortexM3\ARM_GCC_473\Release\GobeeDir.a(ADC.o) (ADC_Ext_CP_Clk_SetDividerRegister)
.\CortexM3\ARM_GCC_473\Release\GobeeDir.a(UART_USB_IntClock.o)
                              .\CortexM3\ARM_GCC_473\Release\GobeeDir.a(UART_USB.o) (UART_USB_IntClock_Start)
.\CortexM3\ARM_GCC_473\Release\GobeeDir.a(CyBootAsmGnu.o)
                              .\CortexM3\ARM_GCC_473\Release\GobeeDir.a(cyfitter_cfg.o) (CyDelayCycles)
.\CortexM3\ARM_GCC_473\Release\GobeeDir.a(CyDmac.o)
                              .\CortexM3\ARM_GCC_473\Release\Cm3Start.o (CyDmacConfigure)
.\CortexM3\ARM_GCC_473\Release\GobeeDir.a(CyFlash.o)
                              .\CortexM3\ARM_GCC_473\Release\GobeeDir.a(EEPROM.o) (dieTemperature)
.\CortexM3\ARM_GCC_473\Release\GobeeDir.a(CyLib.o)
                              .\CortexM3\ARM_GCC_473\Release\main.o (CyDelay)
.\CortexM3\ARM_GCC_473\Release\GobeeDir.a(cyPm.o)
                              .\CortexM3\ARM_GCC_473\Release\GobeeDir.a(CyLib.o) (CyPmReadStatus)
.\CortexM3\ARM_GCC_473\Release\GobeeDir.a(CySpc.o)
                              .\CortexM3\ARM_GCC_473\Release\GobeeDir.a(EEPROM.o) (CySpcStart)
.\CortexM3\ARM_GCC_473\Release\GobeeDir.a(Control_Reg_BUZ.o)
                              .\CortexM3\ARM_GCC_473\Release\console.o (Control_Reg_BUZ_Write)
.\CortexM3\ARM_GCC_473\Release\GobeeDir.a(Control_Reg_MOTOR.o)
                              .\CortexM3\ARM_GCC_473\Release\motor_CTRL.o (Control_Reg_MOTOR_Write)
.\CortexM3\ARM_GCC_473\Release\GobeeDir.a(QuadDec_PAN.o)
                              .\CortexM3\ARM_GCC_473\Release\motor_CTRL.o (QuadDec_PAN_GetCounter)
.\CortexM3\ARM_GCC_473\Release\GobeeDir.a(QuadDec_PAN_INT.o)
                              .\CortexM3\ARM_GCC_473\Release\GobeeDir.a(QuadDec_PAN.o) (QuadDec_PAN_ISR)
.\CortexM3\ARM_GCC_473\Release\GobeeDir.a(QuadDec_PAN_Cnt16.o)
                              .\CortexM3\ARM_GCC_473\Release\GobeeDir.a(QuadDec_PAN.o) (QuadDec_PAN_Cnt16_Stop)
.\CortexM3\ARM_GCC_473\Release\GobeeDir.a(ADC_IRQ.o)
                              .\CortexM3\ARM_GCC_473\Release\main.o (ADC_IRQ_Enable)
.\CortexM3\ARM_GCC_473\Release\GobeeDir.a(PWM_MOTOR_PAN.o)
                              .\CortexM3\ARM_GCC_473\Release\motor_CTRL.o (PWM_MOTOR_PAN_WriteCompare)
.\CortexM3\ARM_GCC_473\Release\GobeeDir.a(isr_BUTTON.o)
                              .\CortexM3\ARM_GCC_473\Release\main.o (isr_BUTTON_Start)
.\CortexM3\ARM_GCC_473\Release\GobeeDir.a(WaveDAC8.o)
                              .\CortexM3\ARM_GCC_473\Release\console.o (WaveDAC8_Stop)
.\CortexM3\ARM_GCC_473\Release\GobeeDir.a(WaveDAC8_DacClk.o)
                              .\CortexM3\ARM_GCC_473\Release\GobeeDir.a(WaveDAC8.o) (WaveDAC8_DacClk_Start)
.\CortexM3\ARM_GCC_473\Release\GobeeDir.a(WaveDAC8_Wave1_DMA_dma.o)
                              .\CortexM3\ARM_GCC_473\Release\GobeeDir.a(WaveDAC8.o) (WaveDAC8_Wave1_DMA_DmaInitialize)
.\CortexM3\ARM_GCC_473\Release\GobeeDir.a(WaveDAC8_Wave2_DMA_dma.o)
                              .\CortexM3\ARM_GCC_473\Release\GobeeDir.a(WaveDAC8.o) (WaveDAC8_Wave2_DMA_DmaInitialize)
.\CortexM3\ARM_GCC_473\Release\GobeeDir.a(WaveDAC8_VDAC8.o)
                              .\CortexM3\ARM_GCC_473\Release\GobeeDir.a(WaveDAC8.o) (WaveDAC8_VDAC8_Enable)
[...]
Memory Configuration

Name             Origin             Length             Attributes
rom              0x00000000         0x00040000         xr
ram              0x1fff8000         0x00010000         xrw
*default*        0x00000000         0xffffffff

Linker script and memory map

LOAD c:/program files (x86)/cypress/psoc creator/3.0/psoc creator/import/gnu_cs/arm/4.7.3/bin/../lib/gcc/arm-none-eabi/4.7.3/armv7-m/crti.o
LOAD c:/program files (x86)/cypress/psoc creator/3.0/psoc creator/import/gnu_cs/arm/4.7.3/bin/../lib/gcc/arm-none-eabi/4.7.3/armv7-m/crtbegin.o
LOAD c:/program files (x86)/cypress/psoc creator/3.0/psoc creator/import/gnu_cs/arm/4.7.3/bin/../lib/gcc/arm-none-eabi/4.7.3/../../../../arm-none-eabi/lib/armv7-m/crt0.o
START GROUP
LOAD .\CortexM3\ARM_GCC_473\Release\main.o
LOAD .\CortexM3\ARM_GCC_473\Release\console.o
LOAD .\CortexM3\ARM_GCC_473\Release\gobeelib.o
LOAD .\CortexM3\ARM_GCC_473\Release\motor_CTRL.o
LOAD .\CortexM3\ARM_GCC_473\Release\sensor_CTRL.o
LOAD .\CortexM3\ARM_GCC_473\Release\pid_lib.o
LOAD .\CortexM3\ARM_GCC_473\Release\estimators.o
LOAD .\CortexM3\ARM_GCC_473\Release\das.o
LOAD .\CortexM3\ARM_GCC_473\Release\ITG-3701.o
LOAD .\CortexM3\ARM_GCC_473\Release\My_I2C_lib.o
LOAD .\CortexM3\ARM_GCC_473\Release\mover.o
LOAD .\CortexM3\ARM_GCC_473\Release\Cm3Start.o
LOAD .\CortexM3\ARM_GCC_473\Release\cymetadata.o
LOAD .\CortexM3\ARM_GCC_473\Release\GobeeDir.a
LOAD C:\Program Files (x86)\Cypress\PSoC Creator\3.0\PSoC Creator\psoc\content\cycomponentlibrary\CyComponentLibrary.cylib\CortexM3\ARM_GCC_473\Release\CyComponentLibrary.a
END GROUP
START GROUP
LOAD c:/program files (x86)/cypress/psoc creator/3.0/psoc creator/import/gnu_cs/arm/4.7.3/bin/../lib/gcc/arm-none-eabi/4.7.3/armv7-m\libgcc.a
LOAD c:/program files (x86)/cypress/psoc creator/3.0/psoc creator/import/gnu_cs/arm/4.7.3/bin/../lib/gcc/arm-none-eabi/4.7.3/../../../../arm-none-eabi/lib/armv7-m\libc_s.a
END GROUP
LOAD c:/program files (x86)/cypress/psoc creator/3.0/psoc creator/import/gnu_cs/arm/4.7.3/bin/../lib/gcc/arm-none-eabi/4.7.3/armv7-m/crtend.o
LOAD c:/program files (x86)/cypress/psoc creator/3.0/psoc creator/import/gnu_cs/arm/4.7.3/bin/../lib/gcc/arm-none-eabi/4.7.3/armv7-m/crtn.o
START GROUP
LOAD c:/program files (x86)/cypress/psoc creator/3.0/psoc creator/import/gnu_cs/arm/4.7.3/bin/../lib/gcc/arm-none-eabi/4.7.3/armv7-m\libgcc.a
LOAD c:/program files (x86)/cypress/psoc creator/3.0/psoc creator/import/gnu_cs/arm/4.7.3/bin/../lib/gcc/arm-none-eabi/4.7.3/../../../../arm-none-eabi/lib/armv7-m\libc.a
LOAD c:/program files (x86)/cypress/psoc creator/3.0/psoc creator/import/gnu_cs/arm/4.7.3/bin/../lib/gcc/arm-none-eabi/4.7.3/../../../../arm-none-eabi/lib/armv7-m\libnosys.a
END GROUP
                0x00000000                CY_APPL_ORIGIN = 0x0
                0x00000100                CY_FLASH_ROW_SIZE = 0x100
                0x00000020                CY_ECC_ROW_SIZE = 0x20
                0x00000000                CY_EE_IN_BTLDR = 0x0
                0x00000000                CY_APPL_LOADABLE = 0x0
                0x00000800                CY_EE_SIZE = 0x800
                0x00000001                CY_APPL_NUM = 0x1
                0x00000001                CY_APPL_MAX = 0x1
                0x00000040                CY_METADATA_SIZE = 0x40
                0x1ffff2d0                PROVIDE (__cy_heap_start, _end)
                0x00000001                PROVIDE (__cy_region_num, ((__cy_regions_end - __cy_regions) / 0x10))
                0x20008000                PROVIDE (__cy_stack, (ORIGIN (ram) + 0x10000))
                0x20004000                PROVIDE (__cy_heap_end, (__cy_stack - 0x4000))

.cybootloader   0x00000000        0x0
 *(.cybootloader)
                0x00000000                appl1_start = CY_APPL_ORIGIN?CY_APPL_ORIGIN:ALIGN (CY_FLASH_ROW_SIZE)
                0x0001ff00                appl2_start = (appl1_start + ALIGN ((((0x40000 - appl1_start) - (0x2 * CY_FLASH_ROW_SIZE)) / 0x2), CY_FLASH_ROW_SIZE))
                0x00000000                appl_start = (CY_APPL_NUM == 0x1)?appl1_start:appl2_start
                0x00000000                ecc_offset = ((appl_start / CY_FLASH_ROW_SIZE) * CY_ECC_ROW_SIZE)
                0x00000000                ee_offset = (CY_APPL_LOADABLE && ! (CY_EE_IN_BTLDR))?((CY_EE_SIZE / CY_APPL_MAX) * (CY_APPL_NUM - 0x1)):0x0
                0x00000800                ee_size = (CY_APPL_LOADABLE && ! (CY_EE_IN_BTLDR))?(CY_EE_SIZE / CY_APPL_MAX):CY_EE_SIZE
                0x00000000                PROVIDE (CY_ECC_OFFSET, ecc_offset)

.text           0x00000000     0xa658
 CREATE_OBJECT_SYMBOLS
                0x00000000                PROVIDE (__cy_interrupt_vector, RomVectors)
 *(.romvectors)
 .romvectors    0x00000000       0x10 .\CortexM3\ARM_GCC_473\Release\Cm3Start.o
                0x00000000                RomVectors
                0x00000001                ASSERT ((. != __cy_interrupt_vector), No interrupt vector)
                0x00000001                ASSERT (CY_APPL_ORIGIN?(SIZEOF (.cybootloader) <= CY_APPL_ORIGIN):0x1, Wrong image location)
                0x00000010                PROVIDE (__cy_reset, Reset)
 *(.text.Reset)
 .text.Reset    0x00000010       0x18 .\CortexM3\ARM_GCC_473\Release\Cm3Start.o
                0x00000010                Reset
                0x00000001                ASSERT ((. != __cy_reset), No reset code)
 *(.dma_init)
                0x00000001                ASSERT ((((appl_start + .) <= 0x10000) || 0x1), DMA Init must be within the first 64k of flash)
 *(.text .text.* .gnu.linkonce.t.*)
 .text          0x00000028       0x54 c:/program files (x86)/cypress/psoc creator/3.0/psoc creator/import/gnu_cs/arm/4.7.3/bin/../lib/gcc/arm-none-eabi/4.7.3/armv7-m/crtbegin.o
 .text.startup.main
                0x0000007c      0x1d0 .\CortexM3\ARM_GCC_473\Release\main.o
                0x0000007c                main
 .text.ShowParamsDirector
                0x0000024c       0xc0 .\CortexM3\ARM_GCC_473\Release\console.o
                0x0000024c                ShowParamsDirector
 *fill*         0x0000030c        0x4 00
 .text.ShowParamsGainAnaoutPan
                0x00000310       0x78 .\CortexM3\ARM_GCC_473\Release\console.o
                0x00000310                ShowParamsGainAnaoutPan
 .text.ShowParamsKiPan
                0x00000388       0x40 .\CortexM3\ARM_GCC_473\Release\console.o
                0x00000388                ShowParamsKiPan
 .text.ShowParamsKiTilt
                0x000003c8       0x40 .\CortexM3\ARM_GCC_473\Release\console.o
                0x000003c8                ShowParamsKiTilt
 .text.ShowParamsColorPan
                0x00000408       0x88 .\CortexM3\ARM_GCC_473\Release\console.o
                0x00000408                ShowParamsColorPan
 .text.AnyButtonPressed
                0x00000490        0xe .\CortexM3\ARM_GCC_473\Release\console.o
                0x00000490                AnyButtonPressed
 *fill*         0x0000049e        0x2 00
 .text.ButtonYNChoice
                0x000004a0       0x38 .\CortexM3\ARM_GCC_473\Release\console.o
                0x000004a0                ButtonYNChoice
 .text.clear_string
                0x000004d8        0xe .\CortexM3\ARM_GCC_473\Release\console.o
                0x000004d8                clear_string
 *fill*         0x000004e6        0x2 00
 .text.ReadUSBbuffer
                0x000004e8       0x84 .\CortexM3\ARM_GCC_473\Release\console.o
                0x000004e8                ReadUSBbuffer
 .text.scanner2
                0x0000056c      0x194 .\CortexM3\ARM_GCC_473\Release\console.o
                0x0000056c                scanner2
 .text.parser   0x00000700     0x2ae8 .\CortexM3\ARM_GCC_473\Release\console.o
                0x00000700                parser
 .text.CFtau    0x000031e8       0x2c .\CortexM3\ARM_GCC_473\Release\gobeelib.o
                0x000031e8                CFtau
 .text.LPFtau   0x00003214       0x20 .\CortexM3\ARM_GCC_473\Release\gobeelib.o
                0x00003214                LPFtau
 *fill*         0x00003234        0x4 00
 .text.LPFfreq  0x00003238       0x50 .\CortexM3\ARM_GCC_473\Release\gobeelib.o
                0x00003238                LPFfreq
 .text.squaref  0x00003288        0xa .\CortexM3\ARM_GCC_473\Release\gobeelib.o
                0x00003288                squaref
 *fill*         0x00003292        0x2 00
 .text.WriteAllEEparams
                0x00003294      0x180 .\CortexM3\ARM_GCC_473\Release\gobeelib.o
                0x00003294                WriteAllEEparams
 .text.ReadAllEEparams
                0x00003414      0x2dc .\CortexM3\ARM_GCC_473\Release\gobeelib.o
                0x00003414                ReadAllEEparams
 .text.printf_spc
                0x000036f0       0x16 .\CortexM3\ARM_GCC_473\Release\gobeelib.o
                0x000036f0                printf_spc
 *fill*         0x00003706        0x2 00
 .text.print_abs_linear_hystogram
                0x00003708       0x58 .\CortexM3\ARM_GCC_473\Release\gobeelib.o
                0x00003708                print_abs_linear_hystogram
 .text.print_hystogram_border
                0x00003760       0x30 .\CortexM3\ARM_GCC_473\Release\gobeelib.o
                0x00003760                print_hystogram_border
 .text._write   0x00003790       0x1a .\CortexM3\ARM_GCC_473\Release\gobeelib.o
                0x00003790                _write
 .text._read    0x000037aa        0x4 .\CortexM3\ARM_GCC_473\Release\gobeelib.o
                0x000037aa                _read
 .text._fstat   0x000037ae        0xa .\CortexM3\ARM_GCC_473\Release\gobeelib.o
                0x000037ae                _fstat
 .text._close   0x000037b8        0x6 .\CortexM3\ARM_GCC_473\Release\gobeelib.o
                0x000037b8                _close
 .text._isatty  0x000037be        0x4 .\CortexM3\ARM_GCC_473\Release\gobeelib.o
                0x000037be                _isatty
 .text._lseek   0x000037c2        0x4 .\CortexM3\ARM_GCC_473\Release\gobeelib.o
                0x000037c2                _lseek
 *fill*         0x000037c6        0x2 00
 .text.AnalogShowPan
                0x000037c8      0x110 .\CortexM3\ARM_GCC_473\Release\motor_CTRL.o
                0x000037c8                AnalogShowPan
 .text.motor_control
                0x000038d8      0x1f8 .\CortexM3\ARM_GCC_473\Release\motor_CTRL.o
                0x000038d8                motor_control
 .text.motor_init
                0x00003ad0        0xa .\CortexM3\ARM_GCC_473\Release\motor_CTRL.o
                0x00003ad0                motor_init
 *fill*         0x00003ada        0x2 00
 .text.mototor_energize
                0x00003adc       0x1c .\CortexM3\ARM_GCC_473\Release\motor_CTRL.o
                0x00003adc                mototor_energize
 .text.mototor_sleep
                0x00003af8       0x1c .\CortexM3\ARM_GCC_473\Release\motor_CTRL.o
                0x00003af8                mototor_sleep
 *fill*         0x00003b14        0x4 00
 .text.sensor_control
                0x00003b18      0x220 .\CortexM3\ARM_GCC_473\Release\sensor_CTRL.o
                0x00003b18                sensor_control
 .text.fpSpid_k2
                0x00003d38       0x94 .\CortexM3\ARM_GCC_473\Release\pid_lib.o
                0x00003d38                fpSpid_k2
 .text.convKiTi
                0x00003dcc       0x14 .\CortexM3\ARM_GCC_473\Release\pid_lib.o
                0x00003dcc                convKiTi
 .text.SimpleJumpEventEstimator
                0x00003de0       0x3c .\CortexM3\ARM_GCC_473\Release\estimators.o
                0x00003de0                SimpleJumpEventEstimator
 *fill*         0x00003e1c        0x4 00
 .text.SimpleTiltAngleEventsEstimator
                0x00003e20       0xe8 .\CortexM3\ARM_GCC_473\Release\estimators.o
                0x00003e20                SimpleTiltAngleEventsEstimator
 .text.SimpleVibrationEventsEstimator
                0x00003f08       0x48 .\CortexM3\ARM_GCC_473\Release\estimators.o
                0x00003f08                SimpleVibrationEventsEstimator
 .text.MappingStateMachineExecution
                0x00003f50       0xd4 .\CortexM3\ARM_GCC_473\Release\estimators.o
                0x00003f50                MappingStateMachineExecution
 .text.MappingStateMachineInit
                0x00004024       0x10 .\CortexM3\ARM_GCC_473\Release\estimators.o
                0x00004024                MappingStateMachineInit
 .text.VelocityEstimatorII
                0x00004034       0x44 .\CortexM3\ARM_GCC_473\Release\estimators.o
                0x00004034                VelocityEstimatorII
 .text.ClearVelocityEstimatorII
                0x00004078       0x14 .\CortexM3\ARM_GCC_473\Release\estimators.o
                0x00004078                ClearVelocityEstimatorII
 .text.DASbufferingInit
                0x0000408c       0x38 .\CortexM3\ARM_GCC_473\Release\das.o
                0x0000408c                DASbufferingInit
 .text.DASbufferingStart
                0x000040c4       0x14 .\CortexM3\ARM_GCC_473\Release\das.o
                0x000040c4                DASbufferingStart
 .text.DASbufferingStop
                0x000040d8       0x10 .\CortexM3\ARM_GCC_473\Release\das.o
                0x000040d8                DASbufferingStop
 .text.DASdebufferingInit
                0x000040e8        0x2 .\CortexM3\ARM_GCC_473\Release\das.o
                0x000040e8                DASdebufferingInit
 *fill*         0x000040ea        0x2 00
 .text.DASdebufferingStart
                0x000040ec       0x18 .\CortexM3\ARM_GCC_473\Release\das.o
                0x000040ec                DASdebufferingStart
 .text.DAS_printf
                0x00004104      0x5f0 .\CortexM3\ARM_GCC_473\Release\das.o
                0x00004104                DAS_printf
 .text.getGres  0x000046f4       0x3c .\CortexM3\ARM_GCC_473\Release\ITG-3701.o
                0x000046f4                getGres
 .text.initITG3701
                0x00004730       0x18 .\CortexM3\ARM_GCC_473\Release\ITG-3701.o
                0x00004730                initITG3701
 .text.gyrocalITG3701
                0x00004748       0x60 .\CortexM3\ARM_GCC_473\Release\ITG-3701.o
                0x00004748                gyrocalITG3701
 .text.ITG3701_test
                0x000047a8       0x9c .\CortexM3\ARM_GCC_473\Release\ITG-3701.o
                0x000047a8                ITG3701_test
 .text.CalculateTrapezoid
                0x00004844      0x19c .\CortexM3\ARM_GCC_473\Release\mover.o
                0x00004844                CalculateTrapezoid
 .text.MoverInit
                0x000049e0       0x18 .\CortexM3\ARM_GCC_473\Release\mover.o
                0x000049e0                MoverInit
 .text.MoverStart
                0x000049f8       0x1c .\CortexM3\ARM_GCC_473\Release\mover.o
                0x000049f8                MoverStart
 .text.MoverGeneratedSteps
                0x00004a14      0x100 .\CortexM3\ARM_GCC_473\Release\mover.o
                0x00004a14                MoverGeneratedSteps
 .text.CalculatePath
                0x00004b14       0x5c .\CortexM3\ARM_GCC_473\Release\mover.o
                0x00004b14                CalculatePath
 .text.CalculateAllPaths
                0x00004b70       0x20 .\CortexM3\ARM_GCC_473\Release\mover.o
                0x00004b70                CalculateAllPaths
 .text.CalculateGotoHomePath
                0x00004b90        0xc .\CortexM3\ARM_GCC_473\Release\mover.o
                0x00004b90                CalculateGotoHomePath
 .text.InitAllPathsWithConstMovements
                0x00004b9c      0x2ec .\CortexM3\ARM_GCC_473\Release\mover.o
                0x00004b9c                InitAllPathsWithConstMovements
 .text.InitGotoHomePath
                0x00004e88       0x30 .\CortexM3\ARM_GCC_473\Release\mover.o
                0x00004e88                InitGotoHomePath
 .text.IntDefaultHandler
                0x00004eb8        0x2 .\CortexM3\ARM_GCC_473\Release\Cm3Start.o
                0x00004eb8                IntDefaultHandler
 *fill*         0x00004eba        0x2 00
 .text.Start_c  0x00004ebc       0x54 .\CortexM3\ARM_GCC_473\Release\Cm3Start.o
                0x00004ebc                Start_c
 .text.startup.initialize_psoc
                0x00004f10       0x6c .\CortexM3\ARM_GCC_473\Release\Cm3Start.o
                0x00004f10                initialize_psoc
 .text.AMuxSeq_DisconnectAll
                0x00004f7c       0x34 .\CortexM3\ARM_GCC_473\Release\GobeeDir.a(cyfitter_cfg.o)
                0x00004f7c                AMuxSeq_DisconnectAll
 .text.AMuxSeq_Next
                0x00004fb0       0x9c .\CortexM3\ARM_GCC_473\Release\GobeeDir.a(cyfitter_cfg.o)
                0x00004fb0                AMuxSeq_Next
 .text.cyfitter_cfg
                0x0000504c      0x388 .\CortexM3\ARM_GCC_473\Release\GobeeDir.a(cyfitter_cfg.o)
                0x0000504c                cyfitter_cfg
 .text.ADC_InitConfig.part.0
                0x000053d4       0xfc .\CortexM3\ARM_GCC_473\Release\GobeeDir.a(ADC.o)
 .text.ADC_Init
                0x000054d0       0xb4 .\CortexM3\ARM_GCC_473\Release\GobeeDir.a(ADC.o)
                0x000054d0                ADC_Init
 .text.ADC_Enable
                0x00005584       0xcc .\CortexM3\ARM_GCC_473\Release\GobeeDir.a(ADC.o)
                0x00005584                ADC_Enable
 .text.ADC_Start
                0x00005650       0x20 .\CortexM3\ARM_GCC_473\Release\GobeeDir.a(ADC.o)
                0x00005650                ADC_Start
 .text.ADC_StartConvert
                0x00005670       0x10 .\CortexM3\ARM_GCC_473\Release\GobeeDir.a(ADC.o)
                0x00005670                ADC_StartConvert
 .text.ADC_StopConvert
                0x00005680       0x10 .\CortexM3\ARM_GCC_473\Release\GobeeDir.a(ADC.o)
                0x00005680                ADC_StopConvert
 .text.ADC_GetResult16
                0x00005690       0x4c .\CortexM3\ARM_GCC_473\Release\GobeeDir.a(ADC.o)
                0x00005690                ADC_GetResult16
 .text.ADC_ISR1
                0x000056dc       0x34 .\CortexM3\ARM_GCC_473\Release\GobeeDir.a(ADC_INT.o)
                0x000056dc                ADC_ISR1
 .text.UART_USB_Init
                0x00005710       0x2c .\CortexM3\ARM_GCC_473\Release\GobeeDir.a(UART_USB.o)
                0x00005710                UART_USB_Init
 .text.UART_USB_Enable
                0x0000573c       0x40 .\CortexM3\ARM_GCC_473\Release\GobeeDir.a(UART_USB.o)
                0x0000573c                UART_USB_Enable
 .text.UART_USB_Start
                0x0000577c       0x1c .\CortexM3\ARM_GCC_473\Release\GobeeDir.a(UART_USB.o)
                0x0000577c                UART_USB_Start
 .text.UART_USB_GetChar
                0x00005798       0x24 .\CortexM3\ARM_GCC_473\Release\GobeeDir.a(UART_USB.o)
                0x00005798                UART_USB_GetChar
 .text.UART_USB_PutChar
                0x000057bc       0x1c .\CortexM3\ARM_GCC_473\Release\GobeeDir.a(UART_USB.o)
                0x000057bc                UART_USB_PutChar
 .text.Control_Reg_LED_Write
                0x000057d8        0xc .\CortexM3\ARM_GCC_473\Release\GobeeDir.a(Control_Reg_LED.o)
                0x000057d8                Control_Reg_LED_Write
 .text.EEPROM_Enable
                0x000057e4        0x4 .\CortexM3\ARM_GCC_473\Release\GobeeDir.a(EEPROM.o)
                0x000057e4                EEPROM_Enable
 .text.EEPROM_Write
                0x000057e8       0x94 .\CortexM3\ARM_GCC_473\Release\GobeeDir.a(EEPROM.o)
                0x000057e8                EEPROM_Write
 .text.AMuxSeq_Start
                0x0000587c       0x14 .\CortexM3\ARM_GCC_473\Release\GobeeDir.a(AMuxSeq.o)
                0x0000587c                AMuxSeq_Start
 .text.isr_CTRL_Interrupt
                0x00005890       0x34 .\CortexM3\ARM_GCC_473\Release\GobeeDir.a(isr_CTRL.o)
                0x00005890                isr_CTRL_Interrupt
 .text.isr_CTRL_Start
                0x000058c4       0x30 .\CortexM3\ARM_GCC_473\Release\GobeeDir.a(isr_CTRL.o)
                0x000058c4                isr_CTRL_Start
 .text.Status_Reg_BUTTON_Read
                0x000058f4        0xc .\CortexM3\ARM_GCC_473\Release\GobeeDir.a(Status_Reg_BUTTON.o)
                0x000058f4                Status_Reg_BUTTON_Read
 .text.Counter_LED_Enable
                0x00005900       0x28 .\CortexM3\ARM_GCC_473\Release\GobeeDir.a(Counter_LED.o)
                0x00005900                Counter_LED_Enable
 .text.Counter_LED_WriteCounter
                0x00005928       0x20 .\CortexM3\ARM_GCC_473\Release\GobeeDir.a(Counter_LED.o)
                0x00005928                Counter_LED_WriteCounter
 .text.Counter_LED_Init
                0x00005948       0x54 .\CortexM3\ARM_GCC_473\Release\GobeeDir.a(Counter_LED.o)
                0x00005948                Counter_LED_Init
 .text.Counter_LED_Start
                0x0000599c       0x1c .\CortexM3\ARM_GCC_473\Release\GobeeDir.a(Counter_LED.o)
                0x0000599c                Counter_LED_Start
 .text.ADC_theACLK_SetDividerRegister
                0x000059b8       0xcc .\CortexM3\ARM_GCC_473\Release\GobeeDir.a(ADC_theACLK.o)
                0x000059b8                ADC_theACLK_SetDividerRegister
 .text.ADC_theACLK_SetModeRegister
                0x00005a84       0x14 .\CortexM3\ARM_GCC_473\Release\GobeeDir.a(ADC_theACLK.o)
                0x00005a84                ADC_theACLK_SetModeRegister
 .text.ADC_Ext_CP_Clk_SetDividerRegister
                0x00005a98       0xcc .\CortexM3\ARM_GCC_473\Release\GobeeDir.a(ADC_Ext_CP_Clk.o)
                0x00005a98                ADC_Ext_CP_Clk_SetDividerRegister
 .text.ADC_Ext_CP_Clk_SetModeRegister
                0x00005b64       0x14 .\CortexM3\ARM_GCC_473\Release\GobeeDir.a(ADC_Ext_CP_Clk.o)
                0x00005b64                ADC_Ext_CP_Clk_SetModeRegister
 .text.UART_USB_IntClock_Start
                0x00005b78       0x18 .\CortexM3\ARM_GCC_473\Release\GobeeDir.a(UART_USB_IntClock.o)
                0x00005b78                UART_USB_IntClock_Start
 .text          0x00005b90       0x28 .\CortexM3\ARM_GCC_473\Release\GobeeDir.a(CyBootAsmGnu.o)
                0x00005b90                CyDelayCycles
                0x00005ba4                CyEnterCriticalSection
                0x00005bac                CyExitCriticalSection
 .text.CyDmacConfigure
                0x00005bb8       0x30 .\CortexM3\ARM_GCC_473\Release\GobeeDir.a(CyDmac.o)
                0x00005bb8                CyDmacConfigure
 .text.CyDmaChEnable
                0x00005be8       0x34 .\CortexM3\ARM_GCC_473\Release\GobeeDir.a(CyDmac.o)
                0x00005be8                CyDmaChEnable
 .text.CyDmaChDisable
                0x00005c1c       0x24 .\CortexM3\ARM_GCC_473\Release\GobeeDir.a(CyDmac.o)
                0x00005c1c                CyDmaChDisable
 .text.CyDmaChPriority
                0x00005c40       0x24 .\CortexM3\ARM_GCC_473\Release\GobeeDir.a(CyDmac.o)
                0x00005c40                CyDmaChPriority
 .text.CyDmaChSetExtendedAddress
                0x00005c64       0x2e .\CortexM3\ARM_GCC_473\Release\GobeeDir.a(CyDmac.o)
                0x00005c64                CyDmaChSetExtendedAddress
 *fill*         0x00005c92        0x2 00
 .text.CyDmaChSetInitialTd
                0x00005c94       0x18 .\CortexM3\ARM_GCC_473\Release\GobeeDir.a(CyDmac.o)
                0x00005c94                CyDmaChSetInitialTd
 .text.CyDmaChSetConfiguration
                0x00005cac       0x40 .\CortexM3\ARM_GCC_473\Release\GobeeDir.a(CyDmac.o)
                0x00005cac                CyDmaChSetConfiguration
 .text.CyDmaTdAllocate
                0x00005cec       0x34 .\CortexM3\ARM_GCC_473\Release\GobeeDir.a(CyDmac.o)
                0x00005cec                CyDmaTdAllocate
 .text.CyDmaTdSetConfiguration
                0x00005d20       0x26 .\CortexM3\ARM_GCC_473\Release\GobeeDir.a(CyDmac.o)
                0x00005d20                CyDmaTdSetConfiguration
 .text.CyDmaTdSetAddress
                0x00005d46       0x1a .\CortexM3\ARM_GCC_473\Release\GobeeDir.a(CyDmac.o)
                0x00005d46                CyDmaTdSetAddress
 .text.CyEEPROM_Start
                0x00005d60       0x18 .\CortexM3\ARM_GCC_473\Release\GobeeDir.a(CyFlash.o)
                0x00005d60                CyEEPROM_Start
 .text.CyDelay  0x00005d78       0x28 .\CortexM3\ARM_GCC_473\Release\GobeeDir.a(CyLib.o)
                0x00005d78                CyDelay
 .text.CyDelayUs
                0x00005da0       0x10 .\CortexM3\ARM_GCC_473\Release\GobeeDir.a(CyLib.o)
                0x00005da0                CyDelayUs
 .text.CyIntSetVector
                0x00005db0       0x1c .\CortexM3\ARM_GCC_473\Release\GobeeDir.a(CyLib.o)
                0x00005db0                CyIntSetVector
 .text.CyIntSetPriority
                0x00005dcc       0x14 .\CortexM3\ARM_GCC_473\Release\GobeeDir.a(CyLib.o)
                0x00005dcc                CyIntSetPriority
 .text.CySpcStart
                0x00005de0       0x24 .\CortexM3\ARM_GCC_473\Release\GobeeDir.a(CySpc.o)
                0x00005de0                CySpcStart
 .text.CySpcLoadRow
                0x00005e04       0x4c .\CortexM3\ARM_GCC_473\Release\GobeeDir.a(CySpc.o)
                0x00005e04                CySpcLoadRow
 .text.CySpcWriteRow
                0x00005e50       0x48 .\CortexM3\ARM_GCC_473\Release\GobeeDir.a(CySpc.o)
                0x00005e50                CySpcWriteRow
 .text.CySpcLock
                0x00005e98       0x40 .\CortexM3\ARM_GCC_473\Release\GobeeDir.a(CySpc.o)
                0x00005e98                CySpcLock
 .text.CySpcUnlock
                0x00005ed8       0x34 .\CortexM3\ARM_GCC_473\Release\GobeeDir.a(CySpc.o)
                0x00005ed8                CySpcUnlock
 .text.Control_Reg_BUZ_Write
                0x00005f0c        0xc .\CortexM3\ARM_GCC_473\Release\GobeeDir.a(Control_Reg_BUZ.o)
                0x00005f0c                Control_Reg_BUZ_Write
 .text.Control_Reg_MOTOR_Write
                0x00005f18        0xc .\CortexM3\ARM_GCC_473\Release\GobeeDir.a(Control_Reg_MOTOR.o)
                0x00005f18                Control_Reg_MOTOR_Write
 .text.QuadDec_PAN_Init
                0x00005f24       0x24 .\CortexM3\ARM_GCC_473\Release\GobeeDir.a(QuadDec_PAN.o)
                0x00005f24                QuadDec_PAN_Init
 .text.QuadDec_PAN_GetCounter
                0x00005f48       0x2c .\CortexM3\ARM_GCC_473\Release\GobeeDir.a(QuadDec_PAN.o)
                0x00005f48                QuadDec_PAN_GetCounter
 .text.QuadDec_PAN_SetCounter
                0x00005f74       0x28 .\CortexM3\ARM_GCC_473\Release\GobeeDir.a(QuadDec_PAN.o)
                0x00005f74                QuadDec_PAN_SetCounter
 .text.QuadDec_PAN_GetEvents
                0x00005f9c       0x10 .\CortexM3\ARM_GCC_473\Release\GobeeDir.a(QuadDec_PAN.o)
                0x00005f9c                QuadDec_PAN_GetEvents
 .text.QuadDec_PAN_Enable
                0x00005fac       0x34 .\CortexM3\ARM_GCC_473\Release\GobeeDir.a(QuadDec_PAN.o)
                0x00005fac                QuadDec_PAN_Enable
 .text.QuadDec_PAN_Start
                0x00005fe0       0x34 .\CortexM3\ARM_GCC_473\Release\GobeeDir.a(QuadDec_PAN.o)
                0x00005fe0                QuadDec_PAN_Start
 .text.QuadDec_PAN_ISR
                0x00006014       0x40 .\CortexM3\ARM_GCC_473\Release\GobeeDir.a(QuadDec_PAN_INT.o)
                0x00006014                QuadDec_PAN_ISR
 .text.QuadDec_PAN_Cnt16_Enable
                0x00006054       0x10 .\CortexM3\ARM_GCC_473\Release\GobeeDir.a(QuadDec_PAN_Cnt16.o)
                0x00006054                QuadDec_PAN_Cnt16_Enable
 .text.QuadDec_PAN_Cnt16_WriteCounter
                0x00006064        0xc .\CortexM3\ARM_GCC_473\Release\GobeeDir.a(QuadDec_PAN_Cnt16.o)
                0x00006064                QuadDec_PAN_Cnt16_WriteCounter
 .text.QuadDec_PAN_Cnt16_ReadCounter
                0x00006070       0x14 .\CortexM3\ARM_GCC_473\Release\GobeeDir.a(QuadDec_PAN_Cnt16.o)
                0x00006070                QuadDec_PAN_Cnt16_ReadCounter
 .text.QuadDec_PAN_Cnt16_ClearFIFO
                0x00006084       0x1c .\CortexM3\ARM_GCC_473\Release\GobeeDir.a(QuadDec_PAN_Cnt16.o)
                0x00006084                QuadDec_PAN_Cnt16_ClearFIFO
 .text.QuadDec_PAN_Cnt16_Init
                0x000060a0       0x5c .\CortexM3\ARM_GCC_473\Release\GobeeDir.a(QuadDec_PAN_Cnt16.o)
                0x000060a0                QuadDec_PAN_Cnt16_Init
 .text.QuadDec_PAN_Cnt16_Start
                0x000060fc       0x1c .\CortexM3\ARM_GCC_473\Release\GobeeDir.a(QuadDec_PAN_Cnt16.o)
                0x000060fc                QuadDec_PAN_Cnt16_Start
 .text.ADC_IRQ_Enable
                0x00006118       0x10 .\CortexM3\ARM_GCC_473\Release\GobeeDir.a(ADC_IRQ.o)
                0x00006118                ADC_IRQ_Enable
 .text.PWM_MOTOR_PAN_Enable
                0x00006128       0x28 .\CortexM3\ARM_GCC_473\Release\GobeeDir.a(PWM_MOTOR_PAN.o)
                0x00006128                PWM_MOTOR_PAN_Enable
 .text.PWM_MOTOR_PAN_WriteCompare
                0x00006150        0xc .\CortexM3\ARM_GCC_473\Release\GobeeDir.a(PWM_MOTOR_PAN.o)
                0x00006150                PWM_MOTOR_PAN_WriteCompare
 .text.PWM_MOTOR_PAN_WriteDeadTime
                0x0000615c       0x1c .\CortexM3\ARM_GCC_473\Release\GobeeDir.a(PWM_MOTOR_PAN.o)
                0x0000615c                PWM_MOTOR_PAN_WriteDeadTime
 .text.PWM_MOTOR_PAN_Init
                0x00006178       0x80 .\CortexM3\ARM_GCC_473\Release\GobeeDir.a(PWM_MOTOR_PAN.o)
                0x00006178                PWM_MOTOR_PAN_Init
 .text.PWM_MOTOR_PAN_Start
                0x000061f8       0x1c .\CortexM3\ARM_GCC_473\Release\GobeeDir.a(PWM_MOTOR_PAN.o)
                0x000061f8                PWM_MOTOR_PAN_Start
 .text.isr_BUTTON_Interrupt
                0x00006214       0x7c .\CortexM3\ARM_GCC_473\Release\GobeeDir.a(isr_BUTTON.o)
                0x00006214                isr_BUTTON_Interrupt
 .text.isr_BUTTON_Start
                0x00006290       0x30 .\CortexM3\ARM_GCC_473\Release\GobeeDir.a(isr_BUTTON.o)
                0x00006290                isr_BUTTON_Start
 .text.WaveDAC8_Enable
                0x000062c0       0x30 .\CortexM3\ARM_GCC_473\Release\GobeeDir.a(WaveDAC8.o)
                0x000062c0                WaveDAC8_Enable
 .text.WaveDAC8_Stop
                0x000062f0       0x20 .\CortexM3\ARM_GCC_473\Release\GobeeDir.a(WaveDAC8.o)
                0x000062f0                WaveDAC8_Stop
 .text.WaveDAC8_Wave1Setup
                0x00006310       0x40 .\CortexM3\ARM_GCC_473\Release\GobeeDir.a(WaveDAC8.o)
                0x00006310                WaveDAC8_Wave1Setup
 .text.WaveDAC8_Wave2Setup
                0x00006350       0x40 .\CortexM3\ARM_GCC_473\Release\GobeeDir.a(WaveDAC8.o)
                0x00006350                WaveDAC8_Wave2Setup
 .text.WaveDAC8_Init
                0x00006390       0x48 .\CortexM3\ARM_GCC_473\Release\GobeeDir.a(WaveDAC8.o)
                0x00006390                WaveDAC8_Init
 .text.WaveDAC8_Start
                0x000063d8       0x1c .\CortexM3\ARM_GCC_473\Release\GobeeDir.a(WaveDAC8.o)
                0x000063d8                WaveDAC8_Start
 .text.WaveDAC8_DacClk_Start
                0x000063f4       0x18 .\CortexM3\ARM_GCC_473\Release\GobeeDir.a(WaveDAC8_DacClk.o)
                0x000063f4                WaveDAC8_DacClk_Start
 .text.WaveDAC8_DacClk_Stop
                0x0000640c       0x18 .\CortexM3\ARM_GCC_473\Release\GobeeDir.a(WaveDAC8_DacClk.o)
                0x0000640c                WaveDAC8_DacClk_Stop
 .text.WaveDAC8_Wave1_DMA_DmaInitialize
                0x00006424       0x38 .\CortexM3\ARM_GCC_473\Release\GobeeDir.a(WaveDAC8_Wave1_DMA_dma.o)
                0x00006424                WaveDAC8_Wave1_DMA_DmaInitialize
 .text.WaveDAC8_Wave2_DMA_DmaInitialize
                0x0000645c       0x38 .\CortexM3\ARM_GCC_473\Release\GobeeDir.a(WaveDAC8_Wave2_DMA_dma.o)
                0x0000645c                WaveDAC8_Wave2_DMA_DmaInitialize
 .text.WaveDAC8_VDAC8_Enable
                0x00006494       0x18 .\CortexM3\ARM_GCC_473\Release\GobeeDir.a(WaveDAC8_VDAC8.o)
                0x00006494                WaveDAC8_VDAC8_Enable
 .text.WaveDAC8_VDAC8_Stop
                0x000064ac       0x18 .\CortexM3\ARM_GCC_473\Release\GobeeDir.a(WaveDAC8_VDAC8.o)
                0x000064ac                WaveDAC8_VDAC8_Stop
 .text.WaveDAC8_VDAC8_SetSpeed
                0x000064c4       0x1c .\CortexM3\ARM_GCC_473\Release\GobeeDir.a(WaveDAC8_VDAC8.o)
                0x000064c4                WaveDAC8_VDAC8_SetSpeed
 .text.WaveDAC8_VDAC8_SetValue
                0x000064e0        0xc .\CortexM3\ARM_GCC_473\Release\GobeeDir.a(WaveDAC8_VDAC8.o)
                0x000064e0                WaveDAC8_VDAC8_SetValue
 .text.WaveDAC8_VDAC8_DacTrim
                0x000064ec       0x20 .\CortexM3\ARM_GCC_473\Release\GobeeDir.a(WaveDAC8_VDAC8.o)
                0x000064ec                WaveDAC8_VDAC8_DacTrim
 .text.WaveDAC8_VDAC8_SetRange
                0x0000650c       0x1c .\CortexM3\ARM_GCC_473\Release\GobeeDir.a(WaveDAC8_VDAC8.o)
                0x0000650c                WaveDAC8_VDAC8_SetRange
 .text.WaveDAC8_VDAC8_Init
                0x00006528       0x2c .\CortexM3\ARM_GCC_473\Release\GobeeDir.a(WaveDAC8_VDAC8.o)
                0x00006528                WaveDAC8_VDAC8_Init
 .text.WaveDAC8_BuffAmp_Enable
                0x00006554       0x28 .\CortexM3\ARM_GCC_473\Release\GobeeDir.a(WaveDAC8_BuffAmp.o)
                0x00006554                WaveDAC8_BuffAmp_Enable
 .text.WaveDAC8_BuffAmp_SetPower
                0x0000657c       0x1c .\CortexM3\ARM_GCC_473\Release\GobeeDir.a(WaveDAC8_BuffAmp.o)
                0x0000657c                WaveDAC8_BuffAmp_SetPower
 .text.WaveDAC8_BuffAmp_Init
                0x00006598        0x6 .\CortexM3\ARM_GCC_473\Release\GobeeDir.a(WaveDAC8_BuffAmp.o)
                0x00006598                WaveDAC8_BuffAmp_Init
 *fill*         0x0000659e        0x2 00
 .text.VDAC8_ANAPOS_Enable
                0x000065a0       0x18 .\CortexM3\ARM_GCC_473\Release\GobeeDir.a(VDAC8_ANAPOS.o)
                0x000065a0                VDAC8_ANAPOS_Enable
 .text.VDAC8_ANAPOS_SetSpeed
                0x000065b8       0x1c .\CortexM3\ARM_GCC_473\Release\GobeeDir.a(VDAC8_ANAPOS.o)
                0x000065b8                VDAC8_ANAPOS_SetSpeed
 .text.VDAC8_ANAPOS_SetValue
                0x000065d4        0xc .\CortexM3\ARM_GCC_473\Release\GobeeDir.a(VDAC8_ANAPOS.o)
                0x000065d4                VDAC8_ANAPOS_SetValue
 .text.VDAC8_ANAPOS_DacTrim
                0x000065e0       0x20 .\CortexM3\ARM_GCC_473\Release\GobeeDir.a(VDAC8_ANAPOS.o)
                0x000065e0                VDAC8_ANAPOS_DacTrim
 .text.VDAC8_ANAPOS_SetRange
                0x00006600       0x1c .\CortexM3\ARM_GCC_473\Release\GobeeDir.a(VDAC8_ANAPOS.o)
                0x00006600                VDAC8_ANAPOS_SetRange
 .text.VDAC8_ANAPOS_Init
                0x0000661c       0x20 .\CortexM3\ARM_GCC_473\Release\GobeeDir.a(VDAC8_ANAPOS.o)
                0x0000661c                VDAC8_ANAPOS_Init
 .text.VDAC8_ANAPOS_Start
                0x0000663c       0x24 .\CortexM3\ARM_GCC_473\Release\GobeeDir.a(VDAC8_ANAPOS.o)
                0x0000663c                VDAC8_ANAPOS_Start
 .text.isr_DAS_Interrupt
                0x00006660        0x4 .\CortexM3\ARM_GCC_473\Release\GobeeDir.a(isr_DAS.o)
                0x00006660                isr_DAS_Interrupt
 .text.isr_DAS_Start
                0x00006664       0x2c .\CortexM3\ARM_GCC_473\Release\GobeeDir.a(isr_DAS.o)
                0x00006664                isr_DAS_Start
 .text.isr_DAS_Stop
                0x00006690       0x1c .\CortexM3\ARM_GCC_473\Release\GobeeDir.a(isr_DAS.o)
                0x00006690                isr_DAS_Stop
 .text.isr_EVENTS_IDENTIF_Interrupt
                0x000066ac       0x28 .\CortexM3\ARM_GCC_473\Release\GobeeDir.a(isr_EVENTS_IDENTIF.o)
                0x000066ac                isr_EVENTS_IDENTIF_Interrupt
 .text.isr_EVENTS_IDENTIF_Start
                0x000066d4       0x30 .\CortexM3\ARM_GCC_473\Release\GobeeDir.a(isr_EVENTS_IDENTIF.o)
                0x000066d4                isr_EVENTS_IDENTIF_Start
 .text.QuadDec_TILT_Init
                0x00006704       0x24 .\CortexM3\ARM_GCC_473\Release\GobeeDir.a(QuadDec_TILT.o)
                0x00006704                QuadDec_TILT_Init
 .text.QuadDec_TILT_GetCounter
                0x00006728       0x2c .\CortexM3\ARM_GCC_473\Release\GobeeDir.a(QuadDec_TILT.o)
                0x00006728                QuadDec_TILT_GetCounter
 .text.QuadDec_TILT_GetEvents
                0x00006754       0x10 .\CortexM3\ARM_GCC_473\Release\GobeeDir.a(QuadDec_TILT.o)
                0x00006754                QuadDec_TILT_GetEvents
 .text.QuadDec_TILT_Enable
                0x00006764       0x34 .\CortexM3\ARM_GCC_473\Release\GobeeDir.a(QuadDec_TILT.o)
                0x00006764                QuadDec_TILT_Enable
 .text.QuadDec_TILT_Start
                0x00006798       0x34 .\CortexM3\ARM_GCC_473\Release\GobeeDir.a(QuadDec_TILT.o)
                0x00006798                QuadDec_TILT_Start
 .text.QuadDec_TILT_ISR
                0x000067cc       0x40 .\CortexM3\ARM_GCC_473\Release\GobeeDir.a(QuadDec_TILT_INT.o)
                0x000067cc                QuadDec_TILT_ISR
 .text.PWM_MOTOR_TILT_Enable
                0x0000680c       0x28 .\CortexM3\ARM_GCC_473\Release\GobeeDir.a(PWM_MOTOR_TILT.o)
                0x0000680c                PWM_MOTOR_TILT_Enable
 .text.PWM_MOTOR_TILT_WriteCompare
                0x00006834        0xc .\CortexM3\ARM_GCC_473\Release\GobeeDir.a(PWM_MOTOR_TILT.o)
                0x00006834                PWM_MOTOR_TILT_WriteCompare
 .text.PWM_MOTOR_TILT_WriteDeadTime
                0x00006840       0x1c .\CortexM3\ARM_GCC_473\Release\GobeeDir.a(PWM_MOTOR_TILT.o)
                0x00006840                PWM_MOTOR_TILT_WriteDeadTime
 .text.PWM_MOTOR_TILT_Init
                0x0000685c       0x80 .\CortexM3\ARM_GCC_473\Release\GobeeDir.a(PWM_MOTOR_TILT.o)
                0x0000685c                PWM_MOTOR_TILT_Init
 .text.PWM_MOTOR_TILT_Start
                0x000068dc       0x1c .\CortexM3\ARM_GCC_473\Release\GobeeDir.a(PWM_MOTOR_TILT.o)
                0x000068dc                PWM_MOTOR_TILT_Start
 .text.QuadDec_TILT_Cnt16_Enable
                0x000068f8       0x10 .\CortexM3\ARM_GCC_473\Release\GobeeDir.a(QuadDec_TILT_Cnt16.o)
                0x000068f8                QuadDec_TILT_Cnt16_Enable
 .text.QuadDec_TILT_Cnt16_WriteCounter
                0x00006908        0xc .\CortexM3\ARM_GCC_473\Release\GobeeDir.a(QuadDec_TILT_Cnt16.o)
                0x00006908                QuadDec_TILT_Cnt16_WriteCounter
 .text.QuadDec_TILT_Cnt16_ReadCounter
                0x00006914       0x14 .\CortexM3\ARM_GCC_473\Release\GobeeDir.a(QuadDec_TILT_Cnt16.o)
                0x00006914                QuadDec_TILT_Cnt16_ReadCounter
 .text.QuadDec_TILT_Cnt16_ClearFIFO
                0x00006928       0x1c .\CortexM3\ARM_GCC_473\Release\GobeeDir.a(QuadDec_TILT_Cnt16.o)
                0x00006928                QuadDec_TILT_Cnt16_ClearFIFO
 .text.QuadDec_TILT_Cnt16_Init
                0x00006944       0x5c .\CortexM3\ARM_GCC_473\Release\GobeeDir.a(QuadDec_TILT_Cnt16.o)
                0x00006944                QuadDec_TILT_Cnt16_Init
 .text.QuadDec_TILT_Cnt16_Start
                0x000069a0       0x1c .\CortexM3\ARM_GCC_473\Release\GobeeDir.a(QuadDec_TILT_Cnt16.o)
                0x000069a0                QuadDec_TILT_Cnt16_Start
 .text.Status_Reg_MOTORS_Read
                0x000069bc        0xc .\CortexM3\ARM_GCC_473\Release\GobeeDir.a(Status_Reg_MOTORS.o)
                0x000069bc                Status_Reg_MOTORS_Read
 .text          0x000069c8      0x370 c:/program files (x86)/cypress/psoc creator/3.0/psoc creator/import/gnu_cs/arm/4.7.3/bin/../lib/gcc/arm-none-eabi/4.7.3/armv7-m\libgcc.a(_arm_addsubdf3.o)
                0x000069c8                __aeabi_drsub
                0x000069d0                __aeabi_dsub
                0x000069d0                __subdf3
                0x000069d4                __aeabi_dadd
                0x000069d4                __adddf3
                0x00006c4c                __floatunsidf
                0x00006c4c                __aeabi_ui2d
                0x00006c6c                __floatsidf
                0x00006c6c                __aeabi_i2d
                0x00006c90                __aeabi_f2d
                0x00006c90                __extendsfdf2
                0x00006ccc                __floatundidf
                0x00006ccc                __aeabi_ul2d
                0x00006cdc                __floatdidf
                0x00006cdc                __aeabi_l2d
 .text          0x00006d38      0x424 c:/program files (x86)/cypress/psoc creator/3.0/psoc creator/import/gnu_cs/arm/4.7.3/bin/../lib/gcc/arm-none-eabi/4.7.3/armv7-m\libgcc.a(_arm_muldivdf3.o)
                0x00006d38                __aeabi_dmul
                0x00006d38                __muldf3
                0x00006f8c                __divdf3
                0x00006f8c                __aeabi_ddiv
 .text          0x0000715c      0x110 c:/program files (x86)/cypress/psoc creator/3.0/psoc creator/import/gnu_cs/arm/4.7.3/bin/../lib/gcc/arm-none-eabi/4.7.3/armv7-m\libgcc.a(_arm_cmpdf2.o)
                0x0000715c                __gtdf2
                0x0000715c                __gedf2
                0x00007164                __ltdf2
                0x00007164                __ledf2
                0x0000716c                __nedf2
                0x0000716c                __eqdf2
                0x0000716c                __cmpdf2
                0x000071e8                __aeabi_cdrcmple
                0x000071f8                __aeabi_cdcmpeq
                0x000071f8                __aeabi_cdcmple
                0x00007208                __aeabi_dcmpeq
                0x0000721c                __aeabi_dcmplt
                0x00007230                __aeabi_dcmple
                0x00007244                __aeabi_dcmpge
                0x00007258                __aeabi_dcmpgt
 .text          0x0000726c       0x50 c:/program files (x86)/cypress/psoc creator/3.0/psoc creator/import/gnu_cs/arm/4.7.3/bin/../lib/gcc/arm-none-eabi/4.7.3/armv7-m\libgcc.a(_arm_fixdfsi.o)
                0x0000726c                __aeabi_d2iz
                0x0000726c                __fixdfsi
 .text          0x000072bc       0xa0 c:/program files (x86)/cypress/psoc creator/3.0/psoc creator/import/gnu_cs/arm/4.7.3/bin/../lib/gcc/arm-none-eabi/4.7.3/armv7-m\libgcc.a(_arm_truncdfsf2.o)
                0x000072bc                __truncdfsf2
                0x000072bc                __aeabi_d2f
 .text          0x0000735c      0x21c c:/program files (x86)/cypress/psoc creator/3.0/psoc creator/import/gnu_cs/arm/4.7.3/bin/../lib/gcc/arm-none-eabi/4.7.3/armv7-m\libgcc.a(_arm_addsubsf3.o)
                0x0000735c                __aeabi_frsub
                0x00007364                __subsf3
                0x00007364                __aeabi_fsub
                0x00007368                __aeabi_fadd
                0x00007368                __addsf3
                0x000074c8                __aeabi_ui2f
                0x000074c8                __floatunsisf
                0x000074d0                __aeabi_i2f
                0x000074d0                __floatsisf
                0x000074ec                __aeabi_ul2f
                0x000074ec                __floatundisf
                0x000074fc                __aeabi_l2f
                0x000074fc                __floatdisf
 .text          0x00007578      0x2a0 c:/program files (x86)/cypress/psoc creator/3.0/psoc creator/import/gnu_cs/arm/4.7.3/bin/../lib/gcc/arm-none-eabi/4.7.3/armv7-m\libgcc.a(_arm_muldivsf3.o)
                0x00007578                __mulsf3
                0x00007578                __aeabi_fmul
                0x000076e0                __aeabi_fdiv
                0x000076e0                __divsf3
 .text          0x00007818       0xec c:/program files (x86)/cypress/psoc creator/3.0/psoc creator/import/gnu_cs/arm/4.7.3/bin/../lib/gcc/arm-none-eabi/4.7.3/armv7-m\libgcc.a(_arm_cmpsf2.o)
                0x00007818                __gesf2
                0x00007818                __gtsf2
                0x00007820                __lesf2
                0x00007820                __ltsf2
                0x00007828                __nesf2
                0x00007828                __eqsf2
                0x00007828                __cmpsf2
                0x00007888                __aeabi_cfrcmple
                0x00007890                __aeabi_cfcmpeq
                0x00007890                __aeabi_cfcmple
                0x000078a0                __aeabi_fcmpeq
                0x000078b4                __aeabi_fcmplt
                0x000078c8                __aeabi_fcmple
                0x000078dc                __aeabi_fcmpge
                0x000078f0                __aeabi_fcmpgt
 .text          0x00007904       0x4c c:/program files (x86)/cypress/psoc creator/3.0/psoc creator/import/gnu_cs/arm/4.7.3/bin/../lib/gcc/arm-none-eabi/4.7.3/armv7-m\libgcc.a(_arm_fixsfsi.o)
                0x00007904                __aeabi_f2iz
                0x00007904                __fixsfsi
 .text          0x00007950       0x40 c:/program files (x86)/cypress/psoc creator/3.0/psoc creator/import/gnu_cs/arm/4.7.3/bin/../lib/gcc/arm-none-eabi/4.7.3/armv7-m\libgcc.a(_arm_fixunssfsi.o)
                0x00007950                __fixunssfsi
                0x00007950                __aeabi_f2uiz
 .text.atof     0x00007990        0x6 c:/program files (x86)/cypress/psoc creator/3.0/psoc creator/import/gnu_cs/arm/4.7.3/bin/../lib/gcc/arm-none-eabi/4.7.3/../../../../arm-none-eabi/lib/armv7-m\libc_s.a(lib_a-atof.o)
                0x00007990                atof
 .text.atoi     0x00007996        0x8 c:/program files (x86)/cypress/psoc creator/3.0/psoc creator/import/gnu_cs/arm/4.7.3/bin/../lib/gcc/arm-none-eabi/4.7.3/../../../../arm-none-eabi/lib/armv7-m\libc_s.a(lib_a-atoi.o)
                0x00007996                atoi
 *fill*         0x0000799e        0x2 00
 .text.__libc_init_array
                0x000079a0       0x4c c:/program files (x86)/cypress/psoc creator/3.0/psoc creator/import/gnu_cs/arm/4.7.3/bin/../lib/gcc/arm-none-eabi/4.7.3/../../../../arm-none-eabi/lib/armv7-m\libc_s.a(lib_a-init.o)
                0x000079a0                __libc_init_array
 .text.memcpy   0x000079ec       0x12 c:/program files (x86)/cypress/psoc creator/3.0/psoc creator/import/gnu_cs/arm/4.7.3/bin/../lib/gcc/arm-none-eabi/4.7.3/../../../../arm-none-eabi/lib/armv7-m\libc_s.a(lib_a-memcpy.o)
                0x000079ec                memcpy
 .text.memset   0x000079fe       0x10 c:/program files (x86)/cypress/psoc creator/3.0/psoc creator/import/gnu_cs/arm/4.7.3/bin/../lib/gcc/arm-none-eabi/4.7.3/../../../../arm-none-eabi/lib/armv7-m\libc_s.a(lib_a-memset.o)
                0x000079fe                memset
 *fill*         0x00007a0e        0x2 00
 .text.printf   0x00007a10       0x30 c:/program files (x86)/cypress/psoc creator/3.0/psoc creator/import/gnu_cs/arm/4.7.3/bin/../lib/gcc/arm-none-eabi/4.7.3/../../../../arm-none-eabi/lib/armv7-m\libc_s.a(lib_a-printf.o)
                0x00007a10                iprintf
                0x00007a10                printf
 .text.putchar  0x00007a40       0x28 c:/program files (x86)/cypress/psoc creator/3.0/psoc creator/import/gnu_cs/arm/4.7.3/bin/../lib/gcc/arm-none-eabi/4.7.3/../../../../arm-none-eabi/lib/armv7-m\libc_s.a(lib_a-putchar.o)
                0x00007a40                putchar
 .text.puts     0x00007a68       0x3c c:/program files (x86)/cypress/psoc creator/3.0/psoc creator/import/gnu_cs/arm/4.7.3/bin/../lib/gcc/arm-none-eabi/4.7.3/../../../../arm-none-eabi/lib/armv7-m\libc_s.a(lib_a-puts.o)
                0x00007a68                puts
 .text.setvbuf  0x00007aa4      0x124 c:/program files (x86)/cypress/psoc creator/3.0/psoc creator/import/gnu_cs/arm/4.7.3/bin/../lib/gcc/arm-none-eabi/4.7.3/../../../../arm-none-eabi/lib/armv7-m\libc_s.a(lib_a-setvbuf.o)
                0x00007aa4                setvbuf
 .text.strcmp   0x00007bc8       0x16 c:/program files (x86)/cypress/psoc creator/3.0/psoc creator/import/gnu_cs/arm/4.7.3/bin/../lib/gcc/arm-none-eabi/4.7.3/../../../../arm-none-eabi/lib/armv7-m\libc_s.a(lib_a-strcmp.o)
                0x00007bc8                strcmp
 .text.strcpy   0x00007bde       0x10 c:/program files (x86)/cypress/psoc creator/3.0/psoc creator/import/gnu_cs/arm/4.7.3/bin/../lib/gcc/arm-none-eabi/4.7.3/../../../../arm-none-eabi/lib/armv7-m\libc_s.a(lib_a-strcpy.o)
                0x00007bde                strcpy
 .text.strlen   0x00007bee       0x10 c:/program files (x86)/cypress/psoc creator/3.0/psoc creator/import/gnu_cs/arm/4.7.3/bin/../lib/gcc/arm-none-eabi/4.7.3/../../../../arm-none-eabi/lib/armv7-m\libc_s.a(lib_a-strlen.o)
                0x00007bee                strlen
 .text.match    0x00007bfe       0x2a c:/program files (x86)/cypress/psoc creator/3.0/psoc creator/import/gnu_cs/arm/4.7.3/bin/../lib/gcc/arm-none-eabi/4.7.3/../../../../arm-none-eabi/lib/armv7-m\libc_s.a(lib_a-strtod.o)
 .text._strtod_r
                0x00007c28      0xb20 c:/program files (x86)/cypress/psoc creator/3.0/psoc creator/import/gnu_cs/arm/4.7.3/bin/../lib/gcc/arm-none-eabi/4.7.3/../../../../arm-none-eabi/lib/armv7-m\libc_s.a(lib_a-strtod.o)
                0x00007c28                _strtod_r
 .text.strtod   0x00008748       0x14 c:/program files (x86)/cypress/psoc creator/3.0/psoc creator/import/gnu_cs/arm/4.7.3/bin/../lib/gcc/arm-none-eabi/4.7.3/../../../../arm-none-eabi/lib/armv7-m\libc_s.a(lib_a-strtod.o)
                0x00008748                strtod
 .text.strtok   0x0000875c       0x6c c:/program files (x86)/cypress/psoc creator/3.0/psoc creator/import/gnu_cs/arm/4.7.3/bin/../lib/gcc/arm-none-eabi/4.7.3/../../../../arm-none-eabi/lib/armv7-m\libc_s.a(lib_a-strtok.o)
                0x0000875c                strtok
 .text.__strtok_r
                0x000087c8       0x5e c:/program files (x86)/cypress/psoc creator/3.0/psoc creator/import/gnu_cs/arm/4.7.3/bin/../lib/gcc/arm-none-eabi/4.7.3/../../../../arm-none-eabi/lib/armv7-m\libc_s.a(lib_a-strtok_r.o)
                0x000087c8                __strtok_r
 *fill*         0x00008826        0x2 00
 .text._strtol_r
                0x00008828      0x10c c:/program files (x86)/cypress/psoc creator/3.0/psoc creator/import/gnu_cs/arm/4.7.3/bin/../lib/gcc/arm-none-eabi/4.7.3/../../../../arm-none-eabi/lib/armv7-m\libc_s.a(lib_a-strtol.o)
                0x00008828                _strtol_r
 .text.strtol   0x00008934       0x1c c:/program files (x86)/cypress/psoc creator/3.0/psoc creator/import/gnu_cs/arm/4.7.3/bin/../lib/gcc/arm-none-eabi/4.7.3/../../../../arm-none-eabi/lib/armv7-m\libc_s.a(lib_a-strtol.o)
                0x00008934                strtol
 .text.__sfputc_r
                0x00008950       0x2c c:/program files (x86)/cypress/psoc creator/3.0/psoc creator/import/gnu_cs/arm/4.7.3/bin/../lib/gcc/arm-none-eabi/4.7.3/../../../../arm-none-eabi/lib/armv7-m\libc_s.a(lib_a-vfprintf.o)
                0x00008950                __sfputc_r
 .text._vfprintf_r
                0x0000897c      0x22c c:/program files (x86)/cypress/psoc creator/3.0/psoc creator/import/gnu_cs/arm/4.7.3/bin/../lib/gcc/arm-none-eabi/4.7.3/../../../../arm-none-eabi/lib/armv7-m\libc_s.a(lib_a-vfprintf.o)
                0x0000897c                _vfprintf_r
                0x0000897c                _vfiprintf_r
 .text._printf_common
                0x00008ba8       0xde c:/program files (x86)/cypress/psoc creator/3.0/psoc creator/import/gnu_cs/arm/4.7.3/bin/../lib/gcc/arm-none-eabi/4.7.3/../../../../arm-none-eabi/lib/armv7-m\libc_s.a(lib_a-vfprintf_i.o)
                0x00008ba8                _printf_common
 *fill*         0x00008c86        0x2 00
 .text._printf_i
                0x00008c88      0x248 c:/program files (x86)/cypress/psoc creator/3.0/psoc creator/import/gnu_cs/arm/4.7.3/bin/../lib/gcc/arm-none-eabi/4.7.3/../../../../arm-none-eabi/lib/armv7-m\libc_s.a(lib_a-vfprintf_i.o)
                0x00008c88                _printf_i
 .text.__swbuf_r
                0x00008ed0       0xb4 c:/program files (x86)/cypress/psoc creator/3.0/psoc creator/import/gnu_cs/arm/4.7.3/bin/../lib/gcc/arm-none-eabi/4.7.3/../../../../arm-none-eabi/lib/armv7-m\libc_s.a(lib_a-wbuf.o)
                0x00008ed0                __swbuf_r
 .text.__swsetup_r
                0x00008f84       0xec c:/program files (x86)/cypress/psoc creator/3.0/psoc creator/import/gnu_cs/arm/4.7.3/bin/../lib/gcc/arm-none-eabi/4.7.3/../../../../arm-none-eabi/lib/armv7-m\libc_s.a(lib_a-wsetup.o)
                0x00008f84                __swsetup_r
 .text._fflush_r
                0x00009070      0x148 c:/program files (x86)/cypress/psoc creator/3.0/psoc creator/import/gnu_cs/arm/4.7.3/bin/../lib/gcc/arm-none-eabi/4.7.3/../../../../arm-none-eabi/lib/armv7-m\libc_s.a(lib_a-fflush.o)
                0x00009070                _fflush_r
 .text._cleanup_r
                0x000091b8       0x32 c:/program files (x86)/cypress/psoc creator/3.0/psoc creator/import/gnu_cs/arm/4.7.3/bin/../lib/gcc/arm-none-eabi/4.7.3/../../../../arm-none-eabi/lib/armv7-m\libc_s.a(lib_a-findfp.o)
                0x000091b8                _cleanup_r
 *fill*         0x000091ea        0x2 00
 .text.std.isra.0
                0x000091ec       0x48 c:/program files (x86)/cypress/psoc creator/3.0/psoc creator/import/gnu_cs/arm/4.7.3/bin/../lib/gcc/arm-none-eabi/4.7.3/../../../../arm-none-eabi/lib/armv7-m\libc_s.a(lib_a-findfp.o)
 .text.__sfmoreglue
                0x00009234       0x2a c:/program files (x86)/cypress/psoc creator/3.0/psoc creator/import/gnu_cs/arm/4.7.3/bin/../lib/gcc/arm-none-eabi/4.7.3/../../../../arm-none-eabi/lib/armv7-m\libc_s.a(lib_a-findfp.o)
                0x00009234                __sfmoreglue
 *fill*         0x0000925e        0x2 00
 .text.__sinit  0x00009260       0x58 c:/program files (x86)/cypress/psoc creator/3.0/psoc creator/import/gnu_cs/arm/4.7.3/bin/../lib/gcc/arm-none-eabi/4.7.3/../../../../arm-none-eabi/lib/armv7-m\libc_s.a(lib_a-findfp.o)
                0x00009260                __sinit
 .text.__sfp    0x000092b8       0x78 c:/program files (x86)/cypress/psoc creator/3.0/psoc creator/import/gnu_cs/arm/4.7.3/bin/../lib/gcc/arm-none-eabi/4.7.3/../../../../arm-none-eabi/lib/armv7-m\libc_s.a(lib_a-findfp.o)
                0x000092b8                __sfp
 .text._free_r  0x00009330       0x88 c:/program files (x86)/cypress/psoc creator/3.0/psoc creator/import/gnu_cs/arm/4.7.3/bin/../lib/gcc/arm-none-eabi/4.7.3/../../../../arm-none-eabi/lib/armv7-m\libc_s.a(lib_a-freer.o)
                0x00009330                _free_r
 .text.rshift   0x000093b8       0x72 c:/program files (x86)/cypress/psoc creator/3.0/psoc creator/import/gnu_cs/arm/4.7.3/bin/../lib/gcc/arm-none-eabi/4.7.3/../../../../arm-none-eabi/lib/armv7-m\libc_s.a(lib_a-gdtoa-gethex.o)
 *fill*         0x0000942a        0x2 00
 .text.htinit.constprop.0
                0x0000942c       0x18 c:/program files (x86)/cypress/psoc creator/3.0/psoc creator/import/gnu_cs/arm/4.7.3/bin/../lib/gcc/arm-none-eabi/4.7.3/../../../../arm-none-eabi/lib/armv7-m\libc_s.a(lib_a-gdtoa-gethex.o)
 .text.__hexdig_init
                0x00009444       0x2c c:/program files (x86)/cypress/psoc creator/3.0/psoc creator/import/gnu_cs/arm/4.7.3/bin/../lib/gcc/arm-none-eabi/4.7.3/../../../../arm-none-eabi/lib/armv7-m\libc_s.a(lib_a-gdtoa-gethex.o)
                0x00009444                __hexdig_init
 .text.__gethex
                0x00009470      0x474 c:/program files (x86)/cypress/psoc creator/3.0/psoc creator/import/gnu_cs/arm/4.7.3/bin/../lib/gcc/arm-none-eabi/4.7.3/../../../../arm-none-eabi/lib/armv7-m\libc_s.a(lib_a-gdtoa-gethex.o)
                0x00009470                __gethex
 .text.L_shift  0x000098e4       0x28 c:/program files (x86)/cypress/psoc creator/3.0/psoc creator/import/gnu_cs/arm/4.7.3/bin/../lib/gcc/arm-none-eabi/4.7.3/../../../../arm-none-eabi/lib/armv7-m\libc_s.a(lib_a-gdtoa-hexnan.o)
 .text.__hexnan
                0x0000990c      0x124 c:/program files (x86)/cypress/psoc creator/3.0/psoc creator/import/gnu_cs/arm/4.7.3/bin/../lib/gcc/arm-none-eabi/4.7.3/../../../../arm-none-eabi/lib/armv7-m\libc_s.a(lib_a-gdtoa-hexnan.o)
                0x0000990c                __hexnan
 .text._localeconv_r
                0x00009a30        0x8 c:/program files (x86)/cypress/psoc creator/3.0/psoc creator/import/gnu_cs/arm/4.7.3/bin/../lib/gcc/arm-none-eabi/4.7.3/../../../../arm-none-eabi/lib/armv7-m\libc_s.a(lib_a-locale.o)
                0x00009a30                _localeconv_r
 .text.__smakebuf_r
                0x00009a38       0xa8 c:/program files (x86)/cypress/psoc creator/3.0/psoc creator/import/gnu_cs/arm/4.7.3/bin/../lib/gcc/arm-none-eabi/4.7.3/../../../../arm-none-eabi/lib/armv7-m\libc_s.a(lib_a-makebuf.o)
                0x00009a38                __smakebuf_r
 .text.malloc   0x00009ae0       0x10 c:/program files (x86)/cypress/psoc creator/3.0/psoc creator/import/gnu_cs/arm/4.7.3/bin/../lib/gcc/arm-none-eabi/4.7.3/../../../../arm-none-eabi/lib/armv7-m\libc_s.a(lib_a-malloc.o)
                0x00009ae0                malloc
 .text._malloc_r
                0x00009af0       0x94 c:/program files (x86)/cypress/psoc creator/3.0/psoc creator/import/gnu_cs/arm/4.7.3/bin/../lib/gcc/arm-none-eabi/4.7.3/../../../../arm-none-eabi/lib/armv7-m\libc_s.a(lib_a-mallocr.o)
                0x00009af0                _malloc_r
 .text.memchr   0x00009b84       0x1c c:/program files (x86)/cypress/psoc creator/3.0/psoc creator/import/gnu_cs/arm/4.7.3/bin/../lib/gcc/arm-none-eabi/4.7.3/../../../../arm-none-eabi/lib/armv7-m\libc_s.a(lib_a-memchr.o)
                0x00009b84                memchr
 .text._Balloc  0x00009ba0       0x6a c:/program files (x86)/cypress/psoc creator/3.0/psoc creator/import/gnu_cs/arm/4.7.3/bin/../lib/gcc/arm-none-eabi/4.7.3/../../../../arm-none-eabi/lib/armv7-m\libc_s.a(lib_a-mprec.o)
                0x00009ba0                _Balloc
 .text._Bfree   0x00009c0a       0x2e c:/program files (x86)/cypress/psoc creator/3.0/psoc creator/import/gnu_cs/arm/4.7.3/bin/../lib/gcc/arm-none-eabi/4.7.3/../../../../arm-none-eabi/lib/armv7-m\libc_s.a(lib_a-mprec.o)
                0x00009c0a                _Bfree
 .text.__multadd
                0x00009c38       0x78 c:/program files (x86)/cypress/psoc creator/3.0/psoc creator/import/gnu_cs/arm/4.7.3/bin/../lib/gcc/arm-none-eabi/4.7.3/../../../../arm-none-eabi/lib/armv7-m\libc_s.a(lib_a-mprec.o)
                0x00009c38                __multadd
 .text.__s2b    0x00009cb0       0x84 c:/program files (x86)/cypress/psoc creator/3.0/psoc creator/import/gnu_cs/arm/4.7.3/bin/../lib/gcc/arm-none-eabi/4.7.3/../../../../arm-none-eabi/lib/armv7-m\libc_s.a(lib_a-mprec.o)
                0x00009cb0                __s2b
 .text.__hi0bits
                0x00009d34       0x3e c:/program files (x86)/cypress/psoc creator/3.0/psoc creator/import/gnu_cs/arm/4.7.3/bin/../lib/gcc/arm-none-eabi/4.7.3/../../../../arm-none-eabi/lib/armv7-m\libc_s.a(lib_a-mprec.o)
                0x00009d34                __hi0bits
 .text.__lo0bits
                0x00009d72       0x5a c:/program files (x86)/cypress/psoc creator/3.0/psoc creator/import/gnu_cs/arm/4.7.3/bin/../lib/gcc/arm-none-eabi/4.7.3/../../../../arm-none-eabi/lib/armv7-m\libc_s.a(lib_a-mprec.o)
                0x00009d72                __lo0bits
 .text.__i2b    0x00009dcc       0x12 c:/program files (x86)/cypress/psoc creator/3.0/psoc creator/import/gnu_cs/arm/4.7.3/bin/../lib/gcc/arm-none-eabi/4.7.3/../../../../arm-none-eabi/lib/armv7-m\libc_s.a(lib_a-mprec.o)
                0x00009dcc                __i2b
 .text.__multiply
                0x00009dde      0x122 c:/program files (x86)/cypress/psoc creator/3.0/psoc creator/import/gnu_cs/arm/4.7.3/bin/../lib/gcc/arm-none-eabi/4.7.3/../../../../arm-none-eabi/lib/armv7-m\libc_s.a(lib_a-mprec.o)
                0x00009dde                __multiply
 .text.__pow5mult
                0x00009f00       0xa4 c:/program files (x86)/cypress/psoc creator/3.0/psoc creator/import/gnu_cs/arm/4.7.3/bin/../lib/gcc/arm-none-eabi/4.7.3/../../../../arm-none-eabi/lib/armv7-m\libc_s.a(lib_a-mprec.o)
                0x00009f00                __pow5mult
 .text.__lshift
                0x00009fa4       0xa8 c:/program files (x86)/cypress/psoc creator/3.0/psoc creator/import/gnu_cs/arm/4.7.3/bin/../lib/gcc/arm-none-eabi/4.7.3/../../../../arm-none-eabi/lib/armv7-m\libc_s.a(lib_a-mprec.o)
                0x00009fa4                __lshift
 .text.__mcmp   0x0000a04c       0x3a c:/program files (x86)/cypress/psoc creator/3.0/psoc creator/import/gnu_cs/arm/4.7.3/bin/../lib/gcc/arm-none-eabi/4.7.3/../../../../arm-none-eabi/lib/armv7-m\libc_s.a(lib_a-mprec.o)
                0x0000a04c                __mcmp
 .text.__mdiff  0x0000a086       0xc4 c:/program files (x86)/cypress/psoc creator/3.0/psoc creator/import/gnu_cs/arm/4.7.3/bin/../lib/gcc/arm-none-eabi/4.7.3/../../../../arm-none-eabi/lib/armv7-m\libc_s.a(lib_a-mprec.o)
                0x0000a086                __mdiff
 *fill*         0x0000a14a        0x2 00
 .text.__ulp    0x0000a14c       0x40 c:/program files (x86)/cypress/psoc creator/3.0/psoc creator/import/gnu_cs/arm/4.7.3/bin/../lib/gcc/arm-none-eabi/4.7.3/../../../../arm-none-eabi/lib/armv7-m\libc_s.a(lib_a-mprec.o)
                0x0000a14c                __ulp
 .text.__b2d    0x0000a18c       0xa8 c:/program files (x86)/cypress/psoc creator/3.0/psoc creator/import/gnu_cs/arm/4.7.3/bin/../lib/gcc/arm-none-eabi/4.7.3/../../../../arm-none-eabi/lib/armv7-m\libc_s.a(lib_a-mprec.o)
                0x0000a18c                __b2d
 .text.__d2b    0x0000a234       0xa8 c:/program files (x86)/cypress/psoc creator/3.0/psoc creator/import/gnu_cs/arm/4.7.3/bin/../lib/gcc/arm-none-eabi/4.7.3/../../../../arm-none-eabi/lib/armv7-m\libc_s.a(lib_a-mprec.o)
                0x0000a234                __d2b
 .text.__ratio  0x0000a2dc       0x4a c:/program files (x86)/cypress/psoc creator/3.0/psoc creator/import/gnu_cs/arm/4.7.3/bin/../lib/gcc/arm-none-eabi/4.7.3/../../../../arm-none-eabi/lib/armv7-m\libc_s.a(lib_a-mprec.o)
                0x0000a2dc                __ratio
 .text.__copybits
                0x0000a326       0x32 c:/program files (x86)/cypress/psoc creator/3.0/psoc creator/import/gnu_cs/arm/4.7.3/bin/../lib/gcc/arm-none-eabi/4.7.3/../../../../arm-none-eabi/lib/armv7-m\libc_s.a(lib_a-mprec.o)
                0x0000a326                __copybits
 .text.__any_on
                0x0000a358       0x4c c:/program files (x86)/cypress/psoc creator/3.0/psoc creator/import/gnu_cs/arm/4.7.3/bin/../lib/gcc/arm-none-eabi/4.7.3/../../../../arm-none-eabi/lib/armv7-m\libc_s.a(lib_a-mprec.o)
                0x0000a358                __any_on
 .text._putc_r  0x0000a3a4       0x7c c:/program files (x86)/cypress/psoc creator/3.0/psoc creator/import/gnu_cs/arm/4.7.3/bin/../lib/gcc/arm-none-eabi/4.7.3/../../../../arm-none-eabi/lib/armv7-m\libc_s.a(lib_a-putc.o)
                0x0000a3a4                _putc_r
 .text._sbrk_r  0x0000a420       0x20 c:/program files (x86)/cypress/psoc creator/3.0/psoc creator/import/gnu_cs/arm/4.7.3/bin/../lib/gcc/arm-none-eabi/4.7.3/../../../../arm-none-eabi/lib/armv7-m\libc_s.a(lib_a-sbrkr.o)
                0x0000a420                _sbrk_r
 .text.__sread  0x0000a440       0x22 c:/program files (x86)/cypress/psoc creator/3.0/psoc creator/import/gnu_cs/arm/4.7.3/bin/../lib/gcc/arm-none-eabi/4.7.3/../../../../arm-none-eabi/lib/armv7-m\libc_s.a(lib_a-stdio.o)
                0x0000a440                __sread
 .text.__swrite
                0x0000a462       0x3c c:/program files (x86)/cypress/psoc creator/3.0/psoc creator/import/gnu_cs/arm/4.7.3/bin/../lib/gcc/arm-none-eabi/4.7.3/../../../../arm-none-eabi/lib/armv7-m\libc_s.a(lib_a-stdio.o)
                0x0000a462                __swrite
 .text.__sseek  0x0000a49e       0x24 c:/program files (x86)/cypress/psoc creator/3.0/psoc creator/import/gnu_cs/arm/4.7.3/bin/../lib/gcc/arm-none-eabi/4.7.3/../../../../arm-none-eabi/lib/armv7-m\libc_s.a(lib_a-stdio.o)
                0x0000a49e                __sseek
 .text.__sclose
                0x0000a4c2        0x8 c:/program files (x86)/cypress/psoc creator/3.0/psoc creator/import/gnu_cs/arm/4.7.3/bin/../lib/gcc/arm-none-eabi/4.7.3/../../../../arm-none-eabi/lib/armv7-m\libc_s.a(lib_a-stdio.o)
                0x0000a4c2                __sclose
 .text.strncmp  0x0000a4ca       0x2e c:/program files (x86)/cypress/psoc creator/3.0/psoc creator/import/gnu_cs/arm/4.7.3/bin/../lib/gcc/arm-none-eabi/4.7.3/../../../../arm-none-eabi/lib/armv7-m\libc_s.a(lib_a-strncmp.o)
                0x0000a4ca                strncmp
 .text._write_r
                0x0000a4f8       0x24 c:/program files (x86)/cypress/psoc creator/3.0/psoc creator/import/gnu_cs/arm/4.7.3/bin/../lib/gcc/arm-none-eabi/4.7.3/../../../../arm-none-eabi/lib/armv7-m\libc_s.a(lib_a-writer.o)
                0x0000a4f8                _write_r
 .text._calloc_r
                0x0000a51c       0x1c c:/program files (x86)/cypress/psoc creator/3.0/psoc creator/import/gnu_cs/arm/4.7.3/bin/../lib/gcc/arm-none-eabi/4.7.3/../../../../arm-none-eabi/lib/armv7-m\libc_s.a(lib_a-callocr.o)
                0x0000a51c                _calloc_r
 .text._close_r
                0x0000a538       0x20 c:/program files (x86)/cypress/psoc creator/3.0/psoc creator/import/gnu_cs/arm/4.7.3/bin/../lib/gcc/arm-none-eabi/4.7.3/../../../../arm-none-eabi/lib/armv7-m\libc_s.a(lib_a-closer.o)
                0x0000a538                _close_r
 .text._fstat_r
                0x0000a558       0x24 c:/program files (x86)/cypress/psoc creator/3.0/psoc creator/import/gnu_cs/arm/4.7.3/bin/../lib/gcc/arm-none-eabi/4.7.3/../../../../arm-none-eabi/lib/armv7-m\libc_s.a(lib_a-fstatr.o)
                0x0000a558                _fstat_r
 .text._isatty_r
                0x0000a57c       0x20 c:/program files (x86)/cypress/psoc creator/3.0/psoc creator/import/gnu_cs/arm/4.7.3/bin/../lib/gcc/arm-none-eabi/4.7.3/../../../../arm-none-eabi/lib/armv7-m\libc_s.a(lib_a-isattyr.o)
                0x0000a57c                _isatty_r
 .text._lseek_r
                0x0000a59c       0x24 c:/program files (x86)/cypress/psoc creator/3.0/psoc creator/import/gnu_cs/arm/4.7.3/bin/../lib/gcc/arm-none-eabi/4.7.3/../../../../arm-none-eabi/lib/armv7-m\libc_s.a(lib_a-lseekr.o)
                0x0000a59c                _lseek_r
 .text._read_r  0x0000a5c0       0x24 c:/program files (x86)/cypress/psoc creator/3.0/psoc creator/import/gnu_cs/arm/4.7.3/bin/../lib/gcc/arm-none-eabi/4.7.3/../../../../arm-none-eabi/lib/armv7-m\libc_s.a(lib_a-readr.o)
                0x0000a5c0                _read_r
 .text          0x0000a5e4       0x40 c:/program files (x86)/cypress/psoc creator/3.0/psoc creator/import/gnu_cs/arm/4.7.3/bin/../lib/gcc/arm-none-eabi/4.7.3/armv7-m\libgcc.a(_arm_fixunsdfsi.o)
                0x0000a5e4                __aeabi_d2uiz
                0x0000a5e4                __fixunsdfsi
 .text._sbrk    0x0000a624       0x34 c:/program files (x86)/cypress/psoc creator/3.0/psoc creator/import/gnu_cs/arm/4.7.3/bin/../lib/gcc/arm-none-eabi/4.7.3/../../../../arm-none-eabi/lib/armv7-m\libnosys.a(sbrk.o)
                0x0000a624                _sbrk
 *(.plt)
 *(.gnu.warning)
 *(.glue_7t)
 .glue_7t       0x00000000        0x0 linker stubs
 *(.glue_7)
 .glue_7        0x00000000        0x0 linker stubs
 *(.vfp11_veneer)
 .vfp11_veneer  0x00000000        0x0 linker stubs
 *(.bootloader)
 *(.ARM.extab* .gnu.linkonce.armextab.*)
 *(.gcc_except_table)

.v4_bx          0x0000a658        0x0
 .v4_bx         0x00000000        0x0 linker stubs

.iplt           0x0000a658        0x0
 .iplt          0x00000000        0x0 c:/program files (x86)/cypress/psoc creator/3.0/psoc creator/import/gnu_cs/arm/4.7.3/bin/../lib/gcc/arm-none-eabi/4.7.3/armv7-m/crtbegin.o

.eh_frame_hdr
 *(.eh_frame_hdr)

.eh_frame       0x0000a658        0x4
 *(.eh_frame)
 .eh_frame      0x0000a658        0x0 c:/program files (x86)/cypress/psoc creator/3.0/psoc creator/import/gnu_cs/arm/4.7.3/bin/../lib/gcc/arm-none-eabi/4.7.3/armv7-m/crtbegin.o
 .eh_frame      0x0000a658        0x4 c:/program files (x86)/cypress/psoc creator/3.0/psoc creator/import/gnu_cs/arm/4.7.3/bin/../lib/gcc/arm-none-eabi/4.7.3/armv7-m/crtend.o
                0x0000a65c                PROVIDE (__exidx_start, .)

.ARM.exidx
 *(.ARM.exidx* .gnu.linkonce.armexidx.*)
                0x0000a65c                __exidx_end = .

.rodata         0x0000a660     0x7b30
 *(.rodata .rodata.* .gnu.linkonce.r.*)
 .rodata        0x0000a660     0x270f .\CortexM3\ARM_GCC_473\Release\main.o
                0x0000a660                WaveDAC8_wave_square
                0x0000b365                WaveDAC8_wave_triangle
                0x0000c06a                WaveDAC8_wave_sine
 .rodata.str1.1
                0x0000cd6f      0x191 .\CortexM3\ARM_GCC_473\Release\main.o
                                0x193 (size before relaxing)
 .rodata.str1.1
                0x0000cf00     0x30be .\CortexM3\ARM_GCC_473\Release\console.o
                               0x32ad (size before relaxing)
 .rodata.str1.1
                0x0000ffbe      0x2cb .\CortexM3\ARM_GCC_473\Release\gobeelib.o
                                0x33f (size before relaxing)
 .rodata.str1.1
                0x00010289      0x10b .\CortexM3\ARM_GCC_473\Release\das.o
                                0x10d (size before relaxing)
 .rodata.str1.1
                0x00010394       0x7e .\CortexM3\ARM_GCC_473\Release\ITG-3701.o
 .rodata        0x00010412       0x54 .\CortexM3\ARM_GCC_473\Release\GobeeDir.a(cyfitter_cfg.o)
 .rodata        0x00010466     0x1a0a .\CortexM3\ARM_GCC_473\Release\GobeeDir.a(WaveDAC8.o)
                0x00010466                WaveDAC8_wave1
                0x0001116b                WaveDAC8_wave2
 .rodata._ctype_
                0x00011e70      0x101 c:/program files (x86)/cypress/psoc creator/3.0/psoc creator/import/gnu_cs/arm/4.7.3/bin/../lib/gcc/arm-none-eabi/4.7.3/../../../../arm-none-eabi/lib/armv7-m\libc_s.a(lib_a-ctype_.o)
                0x00011e70                _ctype_
 .rodata.str1.1
                0x00011f71        0x2 c:/program files (x86)/cypress/psoc creator/3.0/psoc creator/import/gnu_cs/arm/4.7.3/bin/../lib/gcc/arm-none-eabi/4.7.3/../../../../arm-none-eabi/lib/armv7-m\libc_s.a(lib_a-impure.o)
 *fill*         0x00011f73        0x1 00
 .rodata._global_impure_ptr
                0x00011f74        0x4 c:/program files (x86)/cypress/psoc creator/3.0/psoc creator/import/gnu_cs/arm/4.7.3/bin/../lib/gcc/arm-none-eabi/4.7.3/../../../../arm-none-eabi/lib/armv7-m\libc_s.a(lib_a-impure.o)
                0x00011f74                _global_impure_ptr
 .rodata.str1.1
                0x00011f78        0x9 c:/program files (x86)/cypress/psoc creator/3.0/psoc creator/import/gnu_cs/arm/4.7.3/bin/../lib/gcc/arm-none-eabi/4.7.3/../../../../arm-none-eabi/lib/armv7-m\libc_s.a(lib_a-strtod.o)
                                  0xc (size before relaxing)
 *fill*         0x00011f81        0x7 00
 .rodata.tinytens
                0x00011f88       0x28 c:/program files (x86)/cypress/psoc creator/3.0/psoc creator/import/gnu_cs/arm/4.7.3/bin/../lib/gcc/arm-none-eabi/4.7.3/../../../../arm-none-eabi/lib/armv7-m\libc_s.a(lib_a-strtod.o)
 .rodata.str1.1
                0x00011fb0       0x11 c:/program files (x86)/cypress/psoc creator/3.0/psoc creator/import/gnu_cs/arm/4.7.3/bin/../lib/gcc/arm-none-eabi/4.7.3/../../../../arm-none-eabi/lib/armv7-m\libc_s.a(lib_a-vfprintf.o)
 .rodata.str1.1
                0x00011fc1       0x22 c:/program files (x86)/cypress/psoc creator/3.0/psoc creator/import/gnu_cs/arm/4.7.3/bin/../lib/gcc/arm-none-eabi/4.7.3/../../../../arm-none-eabi/lib/armv7-m\libc_s.a(lib_a-vfprintf_i.o)
 *fill*         0x00011fe3        0x1 00
 .rodata.__sf_fake_stdin
                0x00011fe4       0x20 c:/program files (x86)/cypress/psoc creator/3.0/psoc creator/import/gnu_cs/arm/4.7.3/bin/../lib/gcc/arm-none-eabi/4.7.3/../../../../arm-none-eabi/lib/armv7-m\libc_s.a(lib_a-findfp.o)
                0x00011fe4                __sf_fake_stdin
 .rodata.__sf_fake_stdout
                0x00012004       0x20 c:/program files (x86)/cypress/psoc creator/3.0/psoc creator/import/gnu_cs/arm/4.7.3/bin/../lib/gcc/arm-none-eabi/4.7.3/../../../../arm-none-eabi/lib/armv7-m\libc_s.a(lib_a-findfp.o)
                0x00012004                __sf_fake_stdout
 .rodata.__sf_fake_stderr
                0x00012024       0x20 c:/program files (x86)/cypress/psoc creator/3.0/psoc creator/import/gnu_cs/arm/4.7.3/bin/../lib/gcc/arm-none-eabi/4.7.3/../../../../arm-none-eabi/lib/armv7-m\libc_s.a(lib_a-findfp.o)
                0x00012024                __sf_fake_stderr
 .rodata.str1.1
                0x00012044        0xb c:/program files (x86)/cypress/psoc creator/3.0/psoc creator/import/gnu_cs/arm/4.7.3/bin/../lib/gcc/arm-none-eabi/4.7.3/../../../../arm-none-eabi/lib/armv7-m\libc_s.a(lib_a-gdtoa-gethex.o)
                                 0x19 (size before relaxing)
 .rodata.str1.1
                0x0001204f        0x8 c:/program files (x86)/cypress/psoc creator/3.0/psoc creator/import/gnu_cs/arm/4.7.3/bin/../lib/gcc/arm-none-eabi/4.7.3/../../../../arm-none-eabi/lib/armv7-m\libc_s.a(lib_a-locale.o)
                                  0xb (size before relaxing)
 *fill*         0x00012057        0x1 00
 .rodata.__mprec_tens
                0x00012058       0xc8 c:/program files (x86)/cypress/psoc creator/3.0/psoc creator/import/gnu_cs/arm/4.7.3/bin/../lib/gcc/arm-none-eabi/4.7.3/../../../../arm-none-eabi/lib/armv7-m\libc_s.a(lib_a-mprec.o)
                0x00012058                __mprec_tens
 .rodata.p05.5252
                0x00012120        0xc c:/program files (x86)/cypress/psoc creator/3.0/psoc creator/import/gnu_cs/arm/4.7.3/bin/../lib/gcc/arm-none-eabi/4.7.3/../../../../arm-none-eabi/lib/armv7-m\libc_s.a(lib_a-mprec.o)
 *fill*         0x0001212c        0x4 00
 .rodata.__mprec_bigtens
                0x00012130       0x28 c:/program files (x86)/cypress/psoc creator/3.0/psoc creator/import/gnu_cs/arm/4.7.3/bin/../lib/gcc/arm-none-eabi/4.7.3/../../../../arm-none-eabi/lib/armv7-m\libc_s.a(lib_a-mprec.o)
                0x00012130                __mprec_bigtens
                0x00012158                . = ALIGN (0x4)
 *(.init)
 .init          0x00012158        0x4 c:/program files (x86)/cypress/psoc creator/3.0/psoc creator/import/gnu_cs/arm/4.7.3/bin/../lib/gcc/arm-none-eabi/4.7.3/armv7-m/crti.o
                0x00012158                _init
 .init          0x0001215c        0x8 c:/program files (x86)/cypress/psoc creator/3.0/psoc creator/import/gnu_cs/arm/4.7.3/bin/../lib/gcc/arm-none-eabi/4.7.3/armv7-m/crtn.o
                0x00012164                . = ALIGN (0x4)
                0x00012164                __preinit_array_start = .
 *(.preinit_array)
                0x00012164                __preinit_array_end = .
                0x00012164                . = ALIGN (0x4)
                0x00012164                __init_array_start = .
 *(SORT(.init_array.*))
 *(.init_array)
 .init_array    0x00012164        0x4 c:/program files (x86)/cypress/psoc creator/3.0/psoc creator/import/gnu_cs/arm/4.7.3/bin/../lib/gcc/arm-none-eabi/4.7.3/armv7-m/crtbegin.o
 .init_array    0x00012168        0x4 .\CortexM3\ARM_GCC_473\Release\Cm3Start.o
                0x0001216c                __init_array_end = .
                0x0001216c                . = ALIGN (0x4)
 *(.fini)
 .fini          0x0001216c        0x4 c:/program files (x86)/cypress/psoc creator/3.0/psoc creator/import/gnu_cs/arm/4.7.3/bin/../lib/gcc/arm-none-eabi/4.7.3/armv7-m/crti.o
                0x0001216c                _fini
 .fini          0x00012170        0x8 c:/program files (x86)/cypress/psoc creator/3.0/psoc creator/import/gnu_cs/arm/4.7.3/bin/../lib/gcc/arm-none-eabi/4.7.3/armv7-m/crtn.o
                0x00012178                . = ALIGN (0x4)
                0x00012178                __fini_array_start = .
 *(.fini_array)
 .fini_array    0x00012178        0x4 c:/program files (x86)/cypress/psoc creator/3.0/psoc creator/import/gnu_cs/arm/4.7.3/bin/../lib/gcc/arm-none-eabi/4.7.3/armv7-m/crtbegin.o
 *(SORT(.fini_array.*))
                0x0001217c                __fini_array_end = .
                0x0001217c                . = ALIGN (0x4)
 *crtbegin.o(.ctors)
 *(EXCLUDE_FILE(*crtend.o) .ctors)
 *(SORT(.ctors.*))
 *crtend.o(.ctors)
                0x0001217c                . = ALIGN (0x4)
 *crtbegin.o(.dtors)
 *(EXCLUDE_FILE(*crtend.o) .dtors)
 *(SORT(.dtors.*))
 *crtend.o(.dtors)
                0x0001217c                . = ALIGN (0x4)
                0x0001217c                __cy_regions = .
                0x0001217c        0x4 LONG 0x12190 __cy_region_init_ram
                0x00012180        0x4 LONG 0x1fff8108 __cy_region_start_data
                0x00012184        0x4 LONG 0x108 __cy_region_init_size_ram
                0x00012188        0x4 LONG 0x70c0 __cy_region_zero_size_ram
                0x0001218c                __cy_regions_end = .
                0x00012190                . = ALIGN (0x8)
 *fill*         0x0001218c        0x4 00
                0x00012190                _etext = .

.ramvectors     0x1fff8000      0x100
                0x1fff8000                __cy_region_start_ram = .
 *(.ramvectors)
 .ramvectors    0x1fff8000      0x100 .\CortexM3\ARM_GCC_473\Release\Cm3Start.o
                0x1fff8000                CyRamVectors

.noinit         0x1fff8100        0x5
 *(.noinit)
 .noinit        0x1fff8100        0x4 .\CortexM3\ARM_GCC_473\Release\Cm3Start.o
 .noinit        0x1fff8104        0x1 .\CortexM3\ARM_GCC_473\Release\GobeeDir.a(CyLib.o)
                0x1fff8104                CyResetStatus

.data           0x1fff8108      0x108 load address 0x00012190
                0x1fff8108                __cy_region_start_data = .
 *(.jcr)
 .jcr           0x1fff8108        0x0 c:/program files (x86)/cypress/psoc creator/3.0/psoc creator/import/gnu_cs/arm/4.7.3/bin/../lib/gcc/arm-none-eabi/4.7.3/armv7-m/crtbegin.o
 .jcr           0x1fff8108        0x4 c:/program files (x86)/cypress/psoc creator/3.0/psoc creator/import/gnu_cs/arm/4.7.3/bin/../lib/gcc/arm-none-eabi/4.7.3/armv7-m/crtend.o
 *(.got.plt)
 *(.got)
 *(.shdata)
 *(.data .data.* .gnu.linkonce.d.*)
 .data          0x1fff810c       0x14 .\CortexM3\ARM_GCC_473\Release\main.o
                0x1fff810c                fsampling
                0x1fff8110                dgyro_messg
                0x1fff8114                dg_iteration
                0x1fff8118                agyro_messg
                0x1fff811c                iteration
 .data          0x1fff8120        0x3 .\CortexM3\ARM_GCC_473\Release\ITG-3701.o
                0x1fff8120                Gscale
                0x1fff8121                Gbw
                0x1fff8122                Godr
 .data          0x1fff8123        0x1 .\CortexM3\ARM_GCC_473\Release\GobeeDir.a(cyfitter_cfg.o)
                0x1fff8123                AMuxSeq_curChannel
 .data          0x1fff8124        0x1 .\CortexM3\ARM_GCC_473\Release\GobeeDir.a(ADC.o)
                0x1fff8124                ADC_Config
 *fill*         0x1fff8125        0x3 00
 .data          0x1fff8128        0x8 .\CortexM3\ARM_GCC_473\Release\GobeeDir.a(CyDmac.o)
 .data          0x1fff8130       0x10 .\CortexM3\ARM_GCC_473\Release\GobeeDir.a(CyLib.o)
                0x1fff8130                cydelay_32k_ms
                0x1fff8134                cydelay_freq_khz
                0x1fff8138                cydelay_freq_mhz
                0x1fff813c                cydelay_freq_hz
 .data          0x1fff8140        0x1 .\CortexM3\ARM_GCC_473\Release\GobeeDir.a(WaveDAC8_Wave1_DMA_dma.o)
                0x1fff8140                WaveDAC8_Wave1_DMA_DmaHandle
 .data          0x1fff8141        0x1 .\CortexM3\ARM_GCC_473\Release\GobeeDir.a(WaveDAC8_Wave2_DMA_dma.o)
                0x1fff8141                WaveDAC8_Wave2_DMA_DmaHandle
 *fill*         0x1fff8142        0x2 00
 .data.__ctype_ptr__
                0x1fff8144        0x4 c:/program files (x86)/cypress/psoc creator/3.0/psoc creator/import/gnu_cs/arm/4.7.3/bin/../lib/gcc/arm-none-eabi/4.7.3/../../../../arm-none-eabi/lib/armv7-m\libc_s.a(lib_a-ctype_.o)
                0x1fff8144                __ctype_ptr__
 .data.impure_data
                0x1fff8148       0x64 c:/program files (x86)/cypress/psoc creator/3.0/psoc creator/import/gnu_cs/arm/4.7.3/bin/../lib/gcc/arm-none-eabi/4.7.3/../../../../arm-none-eabi/lib/armv7-m\libc_s.a(lib_a-impure.o)
 .data._impure_ptr
                0x1fff81ac        0x4 c:/program files (x86)/cypress/psoc creator/3.0/psoc creator/import/gnu_cs/arm/4.7.3/bin/../lib/gcc/arm-none-eabi/4.7.3/../../../../arm-none-eabi/lib/armv7-m\libc_s.a(lib_a-impure.o)
                0x1fff81ac                _impure_ptr
 .data.fpi.5208
                0x1fff81b0       0x14 c:/program files (x86)/cypress/psoc creator/3.0/psoc creator/import/gnu_cs/arm/4.7.3/bin/../lib/gcc/arm-none-eabi/4.7.3/../../../../arm-none-eabi/lib/armv7-m\libc_s.a(lib_a-strtod.o)
 .data.fpinan.5244
                0x1fff81c4       0x14 c:/program files (x86)/cypress/psoc creator/3.0/psoc creator/import/gnu_cs/arm/4.7.3/bin/../lib/gcc/arm-none-eabi/4.7.3/../../../../arm-none-eabi/lib/armv7-m\libc_s.a(lib_a-strtod.o)
 .data.lconv    0x1fff81d8       0x38 c:/program files (x86)/cypress/psoc creator/3.0/psoc creator/import/gnu_cs/arm/4.7.3/bin/../lib/gcc/arm-none-eabi/4.7.3/../../../../arm-none-eabi/lib/armv7-m\libc_s.a(lib_a-locale.o)
                0x1fff8210                . = ALIGN (0x8)
 *(.ram)
                0x1fff8210                _edata = .

.igot.plt       0x1fff8210        0x0 load address 0x00012298
 .igot.plt      0x00000000        0x0 c:/program files (x86)/cypress/psoc creator/3.0/psoc creator/import/gnu_cs/arm/4.7.3/bin/../lib/gcc/arm-none-eabi/4.7.3/armv7-m/crtbegin.o

.bss            0x1fff8210     0x70c0 load address 0x00012298
                0x1fff8210                PROVIDE (__bss_start__, .)
 *(.shbss)
 *(.bss .bss.* .gnu.linkonce.b.*)
 .bss           0x1fff8210       0x1c c:/program files (x86)/cypress/psoc creator/3.0/psoc creator/import/gnu_cs/arm/4.7.3/bin/../lib/gcc/arm-none-eabi/4.7.3/armv7-m/crtbegin.o
 .bss           0x1fff822c       0x2c .\CortexM3\ARM_GCC_473\Release\main.o
                0x1fff822c                machine_state
                0x1fff822d                gobeeFaults
                0x1fff822e                isr_STOP_check_counter
                0x1fff8230                isr_START_check_counter
                0x1fff8234                anapos_offset
                0x1fff8238                anapos
                0x1fff823c                dgyro_mean_previous
                0x1fff8240                dgyro_mean
                0x1fff8244                agyro_mean_previous
                0x1fff8248                agyro_mean
                0x1fff824c                int_gyro
                0x1fff8250                angle_estim_acc_lowpass
                0x1fff8254                signalmask
                0x1fff8255                ledmask
 .bss           0x1fff8258       0x37 .\CortexM3\ARM_GCC_473\Release\console.o
                0x1fff8258                userInputBuffer
                0x1fff8280                slegenda
 .bss           0x1fff828f        0x4 .\CortexM3\ARM_GCC_473\Release\sensor_CTRL.o
                0x1fff828f                QuadDecEvent
                0x1fff8290                idxMAX
                0x1fff8291                dummy
                0x1fff8292                idx
 *fill*         0x1fff8293        0x1 00
 .bss           0x1fff8294       0x3c .\CortexM3\ARM_GCC_473\Release\pid_lib.o
 .bss           0x1fff82d0       0x28 .\CortexM3\ARM_GCC_473\Release\estimators.o
                0x1fff82ec                index_buf
 .bss           0x1fff82f8        0xc .\CortexM3\ARM_GCC_473\Release\ITG-3701.o
                0x1fff82f8                gyroBias
 *fill*         0x1fff8304        0x4 00
 .bss           0x1fff8308        0x8 .\CortexM3\ARM_GCC_473\Release\mover.o
 .bss           0x1fff8310        0xa .\CortexM3\ARM_GCC_473\Release\GobeeDir.a(ADC.o)
                0x1fff8310                ADC_convDone
                0x1fff8316                ADC_stopConversion
                0x1fff8317                ADC_initVar
                0x1fff8318                ADC_started
 .bss           0x1fff831a        0x4 .\CortexM3\ARM_GCC_473\Release\GobeeDir.a(ADC_INT.o)
                0x1fff831a                Conversion
                0x1fff831c                iIndex
 .bss           0x1fff831e        0x2 .\CortexM3\ARM_GCC_473\Release\GobeeDir.a(UART_USB.o)
                0x1fff831e                UART_USB_initVar
 .bss           0x1fff8320        0x1 .\CortexM3\ARM_GCC_473\Release\GobeeDir.a(AMuxSeq.o)
                0x1fff8320                AMuxSeq_initVar
 .bss           0x1fff8321        0x1 .\CortexM3\ARM_GCC_473\Release\GobeeDir.a(Counter_LED.o)
                0x1fff8321                Counter_LED_initVar
 *fill*         0x1fff8322        0x2 00
 .bss           0x1fff8324        0x8 .\CortexM3\ARM_GCC_473\Release\GobeeDir.a(CySpc.o)
                0x1fff8324                SpcLockState
 .bss           0x1fff832c        0x1 .\CortexM3\ARM_GCC_473\Release\GobeeDir.a(QuadDec_PAN.o)
                0x1fff832c                QuadDec_PAN_initVar
 *fill*         0x1fff832d        0x3 00
 .bss           0x1fff8330        0x4 .\CortexM3\ARM_GCC_473\Release\GobeeDir.a(QuadDec_PAN_INT.o)
                0x1fff8330                QuadDec_PAN_count32SoftPart
 .bss           0x1fff8334        0x1 .\CortexM3\ARM_GCC_473\Release\GobeeDir.a(QuadDec_PAN_Cnt16.o)
                0x1fff8334                QuadDec_PAN_Cnt16_initVar
 .bss           0x1fff8335        0x1 .\CortexM3\ARM_GCC_473\Release\GobeeDir.a(PWM_MOTOR_PAN.o)
                0x1fff8335                PWM_MOTOR_PAN_initVar
 .bss           0x1fff8336        0x5 .\CortexM3\ARM_GCC_473\Release\GobeeDir.a(WaveDAC8.o)
                0x1fff833a                WaveDAC8_initVar
 .bss           0x1fff833b        0x1 .\CortexM3\ARM_GCC_473\Release\GobeeDir.a(VDAC8_ANAPOS.o)
                0x1fff833b                VDAC8_ANAPOS_initVar
 .bss           0x1fff833c        0x1 .\CortexM3\ARM_GCC_473\Release\GobeeDir.a(QuadDec_TILT.o)
                0x1fff833c                QuadDec_TILT_initVar
 *fill*         0x1fff833d        0x3 00
 .bss           0x1fff8340        0x4 .\CortexM3\ARM_GCC_473\Release\GobeeDir.a(QuadDec_TILT_INT.o)
                0x1fff8340                QuadDec_TILT_count32SoftPart
 .bss           0x1fff8344        0x1 .\CortexM3\ARM_GCC_473\Release\GobeeDir.a(PWM_MOTOR_TILT.o)
                0x1fff8344                PWM_MOTOR_TILT_initVar
 .bss           0x1fff8345        0x1 .\CortexM3\ARM_GCC_473\Release\GobeeDir.a(QuadDec_TILT_Cnt16.o)
                0x1fff8345                QuadDec_TILT_Cnt16_initVar
 *fill*         0x1fff8346        0x2 00
 .bss.__malloc_free_list
                0x1fff8348        0x4 c:/program files (x86)/cypress/psoc creator/3.0/psoc creator/import/gnu_cs/arm/4.7.3/bin/../lib/gcc/arm-none-eabi/4.7.3/../../../../arm-none-eabi/lib/armv7-m\libc_s.a(lib_a-mallocr.o)
                0x1fff8348                __malloc_free_list
 .bss.heap_end.4231
                0x1fff834c        0x4 c:/program files (x86)/cypress/psoc creator/3.0/psoc creator/import/gnu_cs/arm/4.7.3/bin/../lib/gcc/arm-none-eabi/4.7.3/../../../../arm-none-eabi/lib/armv7-m\libnosys.a(sbrk.o)
 *(COMMON)
 COMMON         0x1fff8350     0x6dfc .\CortexM3\ARM_GCC_473\Release\main.o
                0x1fff8350                gyro_lowpass
                0x1fff8354                EEreadBuffer
                0x1fff8366                GyroNullPauseTicks
                0x1fff8368                path
                0x1fffa788                x_acc_ADC
                0x1fffa78a                y_acc_ADC
                0x1fffa78c                pan_axis
                0x1fffa7e4                gyro_scale
                0x1fffa7e8                angle_estim_analog_gyro
                0x1fffa7ec                gobee_vparam
                0x1fffa7ec                tilt_axis
                0x1fffa844                y_acc_scale
                0x1fffa848                EEwriteBuffer
                0x1fffa85c                x_acc_scale
                0x1fffa860                mover
                0x1fffa880                pan_feedback_encoder
                0x1fffa894                x_acc
                0x1fffa898                gyro
                0x1fffa89c                y_acc_ADC_offset
                0x1fffa8a0                das
                0x1fffee28                gyro_ADC
                0x1fffee2c                angle_estim_acc
                0x1fffee30                x_acc_ADC_offset
                0x1fffee38                path_to_home
                0x1ffff058                angle
                0x1ffff05c                dgyro_rate_float
                0x1ffff060                angle_estim_acc_last_good
                0x1ffff064                angle_estim
                0x1ffff068                machine_state_backup
                0x1ffff06c                angle_lowpass
                0x1ffff070                agyro
                0x1ffff08c                gyro_ADC_offset
                0x1ffff090                tilt_feedback_encoder
                0x1ffff0a4                system_dynamic_scalar
                0x1ffff0a8                events
                0x1ffff0bc                y_acc
                0x1ffff0c0                gobee_param
                0x1ffff0f4                dgyro_spi32
                0x1ffff0f8                aacc
                0x1ffff130                dgyro_mean_previous_of
                0x1ffff134                dgyro_mean_of
                0x1ffff138                angle_estim_digital_gyro
                0x1ffff13c                AdcValue
 COMMON         0x1ffff14c       0x2e .\CortexM3\ARM_GCC_473\Release\console.o
                0x1ffff14c                actual_cmd
                0x1ffff179                USB_Check_prev
 *fill*         0x1ffff17a        0x2 00
 COMMON         0x1ffff17c       0x28 .\CortexM3\ARM_GCC_473\Release\estimators.o
                0x1ffff17c                buffer
 COMMON         0x1ffff1a4       0x1c .\CortexM3\ARM_GCC_473\Release\ITG-3701.o
                0x1ffff1a4                gy
                0x1ffff1a8                temperature
                0x1ffff1ac                gyroCount
                0x1ffff1b4                gz
                0x1ffff1b8                gRes
                0x1ffff1bc                gx
 COMMON         0x1ffff1c0        0x8 .\CortexM3\ARM_GCC_473\Release\GobeeDir.a(ADC.o)
                0x1ffff1c0                ADC_Offset
                0x1ffff1c4                ADC_CountsPerVolt
 COMMON         0x1ffff1c8        0x2 .\CortexM3\ARM_GCC_473\Release\GobeeDir.a(CyFlash.o)
                0x1ffff1c8                dieTemperature
 COMMON         0x1ffff1ca      0x100 c:/program files (x86)/cypress/psoc creator/3.0/psoc creator/import/gnu_cs/arm/4.7.3/bin/../lib/gcc/arm-none-eabi/4.7.3/../../../../arm-none-eabi/lib/armv7-m\libc_s.a(lib_a-gdtoa-gethex.o)
                0x1ffff1ca                __hexdig
 *fill*         0x1ffff2ca        0x2 00
 COMMON         0x1ffff2cc        0x4 c:/program files (x86)/cypress/psoc creator/3.0/psoc creator/import/gnu_cs/arm/4.7.3/bin/../lib/gcc/arm-none-eabi/4.7.3/../../../../arm-none-eabi/lib/armv7-m\libc_s.a(lib_a-reent.o)
                0x1ffff2cc                errno
                0x1ffff2d0                . = ALIGN (0x8)
 *(.ram.b)
                0x1ffff2d0                _end = .
                0x1ffff2d0                __end = .
                0x1ffff2d0                PROVIDE (end, .)
                0x1ffff2d0                PROVIDE (__bss_end__, .)
                0x00012190                __cy_region_init_ram = LOADADDR (.data)
                0x00000108                __cy_region_init_size_ram = (_edata - ADDR (.data))
                0x000070c0                __cy_region_zero_size_ram = (_end - _edata)

.heap           0x1ffff2d0     0x1000 load address 0x00012298
                0x1ffff2d0                . = _end
                0x200002d0                . = (. + 0x1000)
 *fill*         0x1ffff2d0     0x1000 00
                0x200002d0                __cy_heap_limit = .

.stack          0x20004000     0x4000
                0x20004000                __cy_stack_limit = .
                0x20008000                . = (. + 0x4000)
 *fill*         0x20004000     0x4000 00
                0x00000001                ASSERT ((__cy_stack_limit >= __cy_heap_limit), region RAM overflowed with stack)

.cyloadermeta
 *(.cyloadermeta)

.cyloadablemeta
 *(.cyloadablemeta)

.cyconfigecc    0x80000000     0x13e0
 *(.cyconfigecc)
 .cyconfigecc   0x80000000     0x13e0 .\CortexM3\ARM_GCC_473\Release\cymetadata.o
                0x80000000                cy_meta_configecc

.cycustnvl      0x90000000        0x4
 *(.cycustnvl)
 .cycustnvl     0x90000000        0x4 .\CortexM3\ARM_GCC_473\Release\cymetadata.o
                0x90000000                cy_meta_custnvl

.cywolatch      0x90100000        0x4
 *(.cywolatch)
 .cywolatch     0x90100000        0x4 .\CortexM3\ARM_GCC_473\Release\cymetadata.o
                0x90100000                cy_meta_wonvl

.cyeeprom       0x90200000        0x0
 *(.cyeeprom)
                0x00000001                ASSERT ((. <= ((0x90200000 + ee_offset) + ee_size)), .cyeeprom data will not fit in EEPROM)

.cyflashprotect
                0x90400000      0x100
 *(.cyflashprotect)
 .cyflashprotect
                0x90400000      0x100 .\CortexM3\ARM_GCC_473\Release\cymetadata.o
                0x90400000                cy_meta_flashprotect

.cymeta         0x90500000        0xc
 *(.cymeta)
 .cymeta        0x90500000        0xc .\CortexM3\ARM_GCC_473\Release\cymetadata.o
                0x90500000                cy_metadata

.rel.dyn        0x00012298        0x0 load address 0x9050000c
 .rel.iplt      0x00000000        0x0 c:/program files (x86)/cypress/psoc creator/3.0/psoc creator/import/gnu_cs/arm/4.7.3/bin/../lib/gcc/arm-none-eabi/4.7.3/armv7-m/crtbegin.o

.stab
 *(.stab)

.stabstr
 *(.stabstr)

.debug
 *(.debug)

.line
 *(.line)

.debug_srcinfo
 *(.debug_srcinfo)

.debug_sfnames
 *(.debug_sfnames)

.debug_aranges  0x00000000     0x1700
 *(.debug_aranges)
 .debug_aranges
                0x00000000       0x20 .\CortexM3\ARM_GCC_473\Release\main.o
 .debug_aranges
                0x00000020       0x78 .\CortexM3\ARM_GCC_473\Release\console.o
 .debug_aranges
                0x00000098       0xb0 .\CortexM3\ARM_GCC_473\Release\gobeelib.o
 .debug_aranges
                0x00000148       0x40 .\CortexM3\ARM_GCC_473\Release\motor_CTRL.o