Archive member included because of file (symbol)

.\CortexM3\ARM_GCC_473\Debug\GoBee-00_1.a(cyfitter_cfg_1.o)
                              .\CortexM3\ARM_GCC_473\Debug\main.o (AMuxSeq_Next)
.\CortexM3\ARM_GCC_473\Debug\GoBee-00_1.a(ADC.o)
                              .\CortexM3\ARM_GCC_473\Debug\main.o (ADC_Start)
.\CortexM3\ARM_GCC_473\Debug\GoBee-00_1.a(ADC_INT.o)
                              .\CortexM3\ARM_GCC_473\Debug\GoBee-00_1.a(ADC.o) (ADC_ISR1)
.\CortexM3\ARM_GCC_473\Debug\GoBee-00_1.a(UART_USB.o)
                              .\CortexM3\ARM_GCC_473\Debug\main.o (UART_USB_Start)
.\CortexM3\ARM_GCC_473\Debug\GoBee-00_1.a(Control_Reg_LED.o)
                              .\CortexM3\ARM_GCC_473\Debug\main.o (Control_Reg_LED_Write)
.\CortexM3\ARM_GCC_473\Debug\GoBee-00_1.a(EEPROM.o)
                              .\CortexM3\ARM_GCC_473\Debug\main.o (EEPROM_Enable)
.\CortexM3\ARM_GCC_473\Debug\GoBee-00_1.a(AMuxSeq.o)
                              .\CortexM3\ARM_GCC_473\Debug\main.o (AMuxSeq_Start)
.\CortexM3\ARM_GCC_473\Debug\GoBee-00_1.a(isr_CTRL.o)
                              .\CortexM3\ARM_GCC_473\Debug\main.o (isr_CTRL_Start)
.\CortexM3\ARM_GCC_473\Debug\GoBee-00_1.a(Status_Reg_BUTTON.o)
                              .\CortexM3\ARM_GCC_473\Debug\console.o (Status_Reg_BUTTON_Read)
.\CortexM3\ARM_GCC_473\Debug\GoBee-00_1.a(Counter_LED.o)
                              .\CortexM3\ARM_GCC_473\Debug\console.o (Counter_LED_WritePeriod)
.\CortexM3\ARM_GCC_473\Debug\GoBee-00_1.a(isr_DGYRO.o)
                              .\CortexM3\ARM_GCC_473\Debug\main.o (isr_DGYRO_Start)
.\CortexM3\ARM_GCC_473\Debug\GoBee-00_1.a(Clock_DGYRO.o)
                              .\CortexM3\ARM_GCC_473\Debug\main.o (Clock_DGYRO_Start)
.\CortexM3\ARM_GCC_473\Debug\GoBee-00_1.a(ADC_theACLK.o)
                              .\CortexM3\ARM_GCC_473\Debug\GoBee-00_1.a(ADC.o) (ADC_theACLK_SetDividerRegister)
.\CortexM3\ARM_GCC_473\Debug\GoBee-00_1.a(ADC_Ext_CP_Clk.o)
                              .\CortexM3\ARM_GCC_473\Debug\GoBee-00_1.a(ADC.o) (ADC_Ext_CP_Clk_SetDividerRegister)
.\CortexM3\ARM_GCC_473\Debug\GoBee-00_1.a(UART_USB_IntClock.o)
                              .\CortexM3\ARM_GCC_473\Debug\GoBee-00_1.a(UART_USB.o) (UART_USB_IntClock_Start)
.\CortexM3\ARM_GCC_473\Debug\GoBee-00_1.a(CyBootAsmGnu.o)
                              .\CortexM3\ARM_GCC_473\Debug\GoBee-00_1.a(cyfitter_cfg_1.o) (CyDelayCycles)
.\CortexM3\ARM_GCC_473\Debug\GoBee-00_1.a(CyDmac.o)
                              .\CortexM3\ARM_GCC_473\Debug\Cm3Start.o (CyDmacConfigure)
.\CortexM3\ARM_GCC_473\Debug\GoBee-00_1.a(CyFlash.o)
                              .\CortexM3\ARM_GCC_473\Debug\GoBee-00_1.a(EEPROM.o) (dieTemperature)
.\CortexM3\ARM_GCC_473\Debug\GoBee-00_1.a(CyLib.o)
                              .\CortexM3\ARM_GCC_473\Debug\Cm3Start.o (CyResetStatus)
.\CortexM3\ARM_GCC_473\Debug\GoBee-00_1.a(cyPm.o)
                              .\CortexM3\ARM_GCC_473\Debug\GoBee-00_1.a(CyLib.o) (CyPmReadStatus)
.\CortexM3\ARM_GCC_473\Debug\GoBee-00_1.a(CySpc.o)
                              .\CortexM3\ARM_GCC_473\Debug\GoBee-00_1.a(EEPROM.o) (CySpcStart)
.\CortexM3\ARM_GCC_473\Debug\GoBee-00_1.a(Control_Reg_BUZ.o)
                              .\CortexM3\ARM_GCC_473\Debug\console.o (Control_Reg_BUZ_Write)
.\CortexM3\ARM_GCC_473\Debug\GoBee-00_1.a(Control_Reg_MOTOR.o)
                              .\CortexM3\ARM_GCC_473\Debug\motor_CTRL.o (Control_Reg_MOTOR_Write)
.\CortexM3\ARM_GCC_473\Debug\GoBee-00_1.a(Status_Reg_MOTOR.o)
                              .\CortexM3\ARM_GCC_473\Debug\console.o (Status_Reg_MOTOR_Read)
.\CortexM3\ARM_GCC_473\Debug\GoBee-00_1.a(QuadDec_PAN.o)
                              .\CortexM3\ARM_GCC_473\Debug\main.o (QuadDec_PAN_Start)
.\CortexM3\ARM_GCC_473\Debug\GoBee-00_1.a(QuadDec_PAN_INT.o)
                              .\CortexM3\ARM_GCC_473\Debug\GoBee-00_1.a(QuadDec_PAN.o) (QuadDec_PAN_count32SoftPart)
.\CortexM3\ARM_GCC_473\Debug\GoBee-00_1.a(QuadDec_PAN_Cnt16.o)
                              .\CortexM3\ARM_GCC_473\Debug\GoBee-00_1.a(QuadDec_PAN.o) (QuadDec_PAN_Cnt16_WriteCounter)
.\CortexM3\ARM_GCC_473\Debug\GoBee-00_1.a(ADC_IRQ.o)
                              .\CortexM3\ARM_GCC_473\Debug\main.o (ADC_IRQ_Enable)
.\CortexM3\ARM_GCC_473\Debug\GoBee-00_1.a(Bootloadable.o)
                              .\CortexM3\ARM_GCC_473\Debug\console.o (Bootloadable_Load)
.\CortexM3\ARM_GCC_473\Debug\GoBee-00_1.a(isr_Ticks.o)
                              .\CortexM3\ARM_GCC_473\Debug\console.o (isr_Ticks_Start)
.\CortexM3\ARM_GCC_473\Debug\GoBee-00_1.a(PWM_MOTOR_PAN.o)
                              .\CortexM3\ARM_GCC_473\Debug\main.o (PWM_MOTOR_PAN_Start)
.\CortexM3\ARM_GCC_473\Debug\GoBee-00_1.a(isr_BUTTON.o)
                              .\CortexM3\ARM_GCC_473\Debug\main.o (isr_BUTTON_Start)
.\CortexM3\ARM_GCC_473\Debug\GoBee-00_1.a(WaveDAC8.o)
                              .\CortexM3\ARM_GCC_473\Debug\console.o (WaveDAC8_Start)
[...]
Memory Configuration

Name             Origin             Length             Attributes
rom              0x00000000         0x00040000         xr
ram              0x1fff8000         0x00010000         xrw
*default*        0x00000000         0xffffffff

Linker script and memory map

LOAD c:/programmi/cypress/psoc creator/3.0/psoc creator/import/gnu_cs/arm/4.7.3/bin/../lib/gcc/arm-none-eabi/4.7.3/armv7-m/crti.o
LOAD c:/programmi/cypress/psoc creator/3.0/psoc creator/import/gnu_cs/arm/4.7.3/bin/../lib/gcc/arm-none-eabi/4.7.3/armv7-m/crtbegin.o
LOAD c:/programmi/cypress/psoc creator/3.0/psoc creator/import/gnu_cs/arm/4.7.3/bin/../lib/gcc/arm-none-eabi/4.7.3/../../../../arm-none-eabi/lib/armv7-m/crt0.o
START GROUP
LOAD .\CortexM3\ARM_GCC_473\Debug\main.o
LOAD .\CortexM3\ARM_GCC_473\Debug\console.o
LOAD .\CortexM3\ARM_GCC_473\Debug\gobeelib.o
LOAD .\CortexM3\ARM_GCC_473\Debug\ADXRS453.o
LOAD .\CortexM3\ARM_GCC_473\Debug\motor_CTRL.o
LOAD .\CortexM3\ARM_GCC_473\Debug\sensor_CTRL.o
LOAD .\CortexM3\ARM_GCC_473\Debug\pid_lib.o
LOAD .\CortexM3\ARM_GCC_473\Debug\estimators.o
LOAD .\CortexM3\ARM_GCC_473\Debug\das.o
LOAD .\CortexM3\ARM_GCC_473\Debug\Cm3Start.o
LOAD .\CortexM3\ARM_GCC_473\Debug\cymetadata.o
LOAD .\CortexM3\ARM_GCC_473\Debug\cybootloader.o
LOAD .\CortexM3\ARM_GCC_473\Debug\GoBee-00_1.a
LOAD C:\Programmi\Cypress\PSoC Creator\3.0\PSoC Creator\psoc\content\cycomponentlibrary\CyComponentLibrary.cylib\CortexM3\ARM_GCC_473\Debug\CyComponentLibrary.a
END GROUP
START GROUP
LOAD c:/programmi/cypress/psoc creator/3.0/psoc creator/import/gnu_cs/arm/4.7.3/bin/../lib/gcc/arm-none-eabi/4.7.3/armv7-m\libgcc.a
LOAD c:/programmi/cypress/psoc creator/3.0/psoc creator/import/gnu_cs/arm/4.7.3/bin/../lib/gcc/arm-none-eabi/4.7.3/../../../../arm-none-eabi/lib/armv7-m\libg.a
LOAD c:/programmi/cypress/psoc creator/3.0/psoc creator/import/gnu_cs/arm/4.7.3/bin/../lib/gcc/arm-none-eabi/4.7.3/../../../../arm-none-eabi/lib/armv7-m\libc.a
END GROUP
LOAD c:/programmi/cypress/psoc creator/3.0/psoc creator/import/gnu_cs/arm/4.7.3/bin/../lib/gcc/arm-none-eabi/4.7.3/armv7-m/crtend.o
LOAD c:/programmi/cypress/psoc creator/3.0/psoc creator/import/gnu_cs/arm/4.7.3/bin/../lib/gcc/arm-none-eabi/4.7.3/armv7-m/crtn.o
START GROUP
LOAD c:/programmi/cypress/psoc creator/3.0/psoc creator/import/gnu_cs/arm/4.7.3/bin/../lib/gcc/arm-none-eabi/4.7.3/armv7-m\libgcc.a
LOAD c:/programmi/cypress/psoc creator/3.0/psoc creator/import/gnu_cs/arm/4.7.3/bin/../lib/gcc/arm-none-eabi/4.7.3/../../../../arm-none-eabi/lib/armv7-m\libc.a
LOAD c:/programmi/cypress/psoc creator/3.0/psoc creator/import/gnu_cs/arm/4.7.3/bin/../lib/gcc/arm-none-eabi/4.7.3/../../../../arm-none-eabi/lib/armv7-m\libnosys.a
END GROUP
                0x00000000                CY_APPL_ORIGIN = 0x0
                0x00000100                CY_FLASH_ROW_SIZE = 0x100
                0x00000020                CY_ECC_ROW_SIZE = 0x20
                0x00000000                CY_EE_IN_BTLDR = 0x0
                0x00000001                CY_APPL_LOADABLE = 0x1
                0x00000800                CY_EE_SIZE = 0x800
                0x00000001                CY_APPL_NUM = 0x1
                0x00000002                CY_APPL_MAX = 0x2
                0x00000040                CY_METADATA_SIZE = 0x40
                0x1fff8e38                PROVIDE (__cy_heap_start, _end)
                0x00000001                PROVIDE (__cy_region_num, ((__cy_regions_end - __cy_regions) / 0x10))
                0x20008000                PROVIDE (__cy_stack, (ORIGIN (ram) + 0x10000))
                0x20004000                PROVIDE (__cy_heap_end, (__cy_stack - 0x4000))

.cybootloader   0x00000000     0x3700
 *(.cybootloader)
 .cybootloader  0x00000000     0x3700 .\CortexM3\ARM_GCC_473\Debug\cybootloader.o
                0x00000000                cy_bootloader
                0x00003700                appl1_start = CY_APPL_ORIGIN?CY_APPL_ORIGIN:ALIGN (CY_FLASH_ROW_SIZE)
                0x00021b00                appl2_start = (appl1_start + ALIGN ((((0x40000 - appl1_start) - (0x2 * CY_FLASH_ROW_SIZE)) / 0x2), CY_FLASH_ROW_SIZE))
                0x00003700                appl_start = (CY_APPL_NUM == 0x1)?appl1_start:appl2_start
                0x000006e0                ecc_offset = ((appl_start / CY_FLASH_ROW_SIZE) * CY_ECC_ROW_SIZE)
                0x00000000                ee_offset = (CY_APPL_LOADABLE && ! (CY_EE_IN_BTLDR))?((CY_EE_SIZE / CY_APPL_MAX) * (CY_APPL_NUM - 0x1)):0x0
                0x00000400                ee_size = (CY_APPL_LOADABLE && ! (CY_EE_IN_BTLDR))?(CY_EE_SIZE / CY_APPL_MAX):CY_EE_SIZE
                0x000006e0                PROVIDE (CY_ECC_OFFSET, ecc_offset)

.text           0x00003700    0x11e08
 CREATE_OBJECT_SYMBOLS
                0x00003700                PROVIDE (__cy_interrupt_vector, RomVectors)
 *(.romvectors)
 .romvectors    0x00003700       0x10 .\CortexM3\ARM_GCC_473\Debug\Cm3Start.o
                0x00003700                RomVectors
                0x00000001                ASSERT ((. != __cy_interrupt_vector), No interrupt vector)
                0x00000001                ASSERT (CY_APPL_ORIGIN?(SIZEOF (.cybootloader) <= CY_APPL_ORIGIN):0x1, Wrong image location)
                0x00003710                PROVIDE (__cy_reset, Reset)
 *(.text.Reset)
 .text.Reset    0x00003710        0x8 .\CortexM3\ARM_GCC_473\Debug\Cm3Start.o
                0x00003710                Reset
                0x00000001                ASSERT ((. != __cy_reset), No reset code)
 *(.dma_init)
                0x00000001                ASSERT ((((appl_start + .) <= 0x10000) || 0x1), DMA Init must be within the first 64k of flash)
 *(.text .text.* .gnu.linkonce.t.*)
 .text          0x00003718       0x54 c:/programmi/cypress/psoc creator/3.0/psoc creator/import/gnu_cs/arm/4.7.3/bin/../lib/gcc/arm-none-eabi/4.7.3/armv7-m/crtbegin.o
 .text.main     0x0000376c      0x1d0 .\CortexM3\ARM_GCC_473\Debug\main.o
                0x0000376c                main
 .text.ReadUSBbuffer
                0x0000393c       0xfc .\CortexM3\ARM_GCC_473\Debug\console.o
                0x0000393c                ReadUSBbuffer
 .text.scanner2
                0x00003a38      0x304 .\CortexM3\ARM_GCC_473\Debug\console.o
                0x00003a38                scanner2
 *fill*         0x00003d3c        0x4 00
 .text.parser   0x00003d40     0x2d30 .\CortexM3\ARM_GCC_473\Debug\console.o
                0x00003d40                parser
 .text.AnyButtonPressed
                0x00006a70       0x1c .\CortexM3\ARM_GCC_473\Debug\console.o
                0x00006a70                AnyButtonPressed
 .text.ButtonYNChoice
                0x00006a8c       0x68 .\CortexM3\ARM_GCC_473\Debug\console.o
                0x00006a8c                ButtonYNChoice
 .text.clear_string
                0x00006af4       0x3c .\CortexM3\ARM_GCC_473\Debug\console.o
                0x00006af4                clear_string
 .text.USB_Check
                0x00006b30       0x10 .\CortexM3\ARM_GCC_473\Debug\console.o
                0x00006b30                USB_Check
 .text.CFtau    0x00006b40       0x5c .\CortexM3\ARM_GCC_473\Debug\gobeelib.o
                0x00006b40                CFtau
 .text.LPFtau   0x00006b9c       0x58 .\CortexM3\ARM_GCC_473\Debug\gobeelib.o
                0x00006b9c                LPFtau
 *fill*         0x00006bf4        0x4 00
 .text.LPFfreq  0x00006bf8       0x60 .\CortexM3\ARM_GCC_473\Debug\gobeelib.o
                0x00006bf8                LPFfreq
 .text.squaref  0x00006c58       0x1c .\CortexM3\ARM_GCC_473\Debug\gobeelib.o
                0x00006c58                squaref
 .text.WriteAllEEparams
                0x00006c74      0x548 .\CortexM3\ARM_GCC_473\Debug\gobeelib.o
                0x00006c74                WriteAllEEparams
 .text.ReadAllEEparams
                0x000071bc      0x550 .\CortexM3\ARM_GCC_473\Debug\gobeelib.o
                0x000071bc                ReadAllEEparams
 .text.EEPROM_ReadByte
                0x0000770c       0x28 .\CortexM3\ARM_GCC_473\Debug\gobeelib.o
                0x0000770c                EEPROM_ReadByte
 .text.printf_spc
                0x00007734       0x30 .\CortexM3\ARM_GCC_473\Debug\gobeelib.o
                0x00007734                printf_spc
 .text.print_abs_linear_hystogram
                0x00007764       0x9c .\CortexM3\ARM_GCC_473\Debug\gobeelib.o
                0x00007764                print_abs_linear_hystogram
 .text.print_hystogram_border
                0x00007800       0x50 .\CortexM3\ARM_GCC_473\Debug\gobeelib.o
                0x00007800                print_hystogram_border
 .text._write   0x00007850       0x44 .\CortexM3\ARM_GCC_473\Debug\gobeelib.o
                0x00007850                _write
 .text._read    0x00007894       0x1c .\CortexM3\ARM_GCC_473\Debug\gobeelib.o
                0x00007894                _read
 .text._fstat   0x000078b0       0x24 .\CortexM3\ARM_GCC_473\Debug\gobeelib.o
                0x000078b0                _fstat
 .text._close   0x000078d4       0x18 .\CortexM3\ARM_GCC_473\Debug\gobeelib.o
                0x000078d4                _close
 .text._isatty  0x000078ec       0x18 .\CortexM3\ARM_GCC_473\Debug\gobeelib.o
                0x000078ec                _isatty
 .text._lseek   0x00007904       0x1c .\CortexM3\ARM_GCC_473\Debug\gobeelib.o
                0x00007904                _lseek
 .text.AnalogShowPan
                0x00007920      0x1e4 .\CortexM3\ARM_GCC_473\Debug\motor_CTRL.o
                0x00007920                AnalogShowPan
 *fill*         0x00007b04        0x4 00
 .text.motor_control
                0x00007b08      0x310 .\CortexM3\ARM_GCC_473\Debug\motor_CTRL.o
                0x00007b08                motor_control
 .text.mototor_energize
                0x00007e18       0x28 .\CortexM3\ARM_GCC_473\Debug\motor_CTRL.o
                0x00007e18                mototor_energize
 .text.mototor_sleep
                0x00007e40       0x28 .\CortexM3\ARM_GCC_473\Debug\motor_CTRL.o
                0x00007e40                mototor_sleep
 .text.sensor_control
                0x00007e68      0x468 .\CortexM3\ARM_GCC_473\Debug\sensor_CTRL.o
                0x00007e68                sensor_control
 .text.fpSpid_k2
                0x000082d0      0x14c .\CortexM3\ARM_GCC_473\Debug\pid_lib.o
                0x000082d0                fpSpid_k2
 .text.VelocityEstimator
                0x0000841c       0xd0 .\CortexM3\ARM_GCC_473\Debug\estimators.o
                0x0000841c                VelocityEstimator
 .text.IntDefaultHandler
                0x000084ec        0x8 .\CortexM3\ARM_GCC_473\Debug\Cm3Start.o
                0x000084ec                IntDefaultHandler
 .text.Start_c  0x000084f4       0xcc .\CortexM3\ARM_GCC_473\Debug\Cm3Start.o
                0x000084f4                Start_c
 .text.initialize_psoc
                0x000085c0       0xb8 .\CortexM3\ARM_GCC_473\Debug\Cm3Start.o
                0x000085c0                initialize_psoc
 .text.CYMEMZERO
                0x00008678       0x20 .\CortexM3\ARM_GCC_473\Debug\GoBee-00_1.a(cyfitter_cfg_1.o)
 .text.CYCONFIGCPY
                0x00008698       0x20 .\CortexM3\ARM_GCC_473\Debug\GoBee-00_1.a(cyfitter_cfg_1.o)
 .text.CyClockStartupError
                0x000086b8        0xc .\CortexM3\ARM_GCC_473\Debug\GoBee-00_1.a(cyfitter_cfg_1.o)
 .text.cfg_write_bytes32
                0x000086c4       0x84 .\CortexM3\ARM_GCC_473\Debug\GoBee-00_1.a(cyfitter_cfg_1.o)
 .text.ClockSetup
                0x00008748      0x2d4 .\CortexM3\ARM_GCC_473\Debug\GoBee-00_1.a(cyfitter_cfg_1.o)
 .text.AnalogSetDefault
                0x00008a1c      0x120 .\CortexM3\ARM_GCC_473\Debug\GoBee-00_1.a(cyfitter_cfg_1.o)
 .text.AMuxSeq_DisconnectAll
                0x00008b3c       0x44 .\CortexM3\ARM_GCC_473\Debug\GoBee-00_1.a(cyfitter_cfg_1.o)
                0x00008b3c                AMuxSeq_DisconnectAll
 .text.AMuxSeq_Next
                0x00008b80      0x114 .\CortexM3\ARM_GCC_473\Debug\GoBee-00_1.a(cyfitter_cfg_1.o)
                0x00008b80                AMuxSeq_Next
 .text.cyfitter_cfg
                0x00008c94      0x300 .\CortexM3\ARM_GCC_473\Debug\GoBee-00_1.a(cyfitter_cfg_1.o)
                0x00008c94                cyfitter_cfg
 .text.ADC_Init
                0x00008f94      0x190 .\CortexM3\ARM_GCC_473\Debug\GoBee-00_1.a(ADC.o)
                0x00008f94                ADC_Init
 .text.ADC_Enable
                0x00009124      0x1e4 .\CortexM3\ARM_GCC_473\Debug\GoBee-00_1.a(ADC.o)
                0x00009124                ADC_Enable
 .text.ADC_Start
                0x00009308       0x3c .\CortexM3\ARM_GCC_473\Debug\GoBee-00_1.a(ADC.o)
                0x00009308                ADC_Start
 .text.ADC_StartConvert
                0x00009344       0x28 .\CortexM3\ARM_GCC_473\Debug\GoBee-00_1.a(ADC.o)
                0x00009344                ADC_StartConvert
 .text.ADC_StopConvert
                0x0000936c       0x28 .\CortexM3\ARM_GCC_473\Debug\GoBee-00_1.a(ADC.o)
                0x0000936c                ADC_StopConvert
 .text.ADC_GetResult16
                0x00009394       0x90 .\CortexM3\ARM_GCC_473\Debug\GoBee-00_1.a(ADC.o)
                0x00009394                ADC_GetResult16
 .text.ADC_InitConfig
                0x00009424      0x1e0 .\CortexM3\ARM_GCC_473\Debug\GoBee-00_1.a(ADC.o)
 .text.ADC_GainCompensation
                0x00009604      0x19c .\CortexM3\ARM_GCC_473\Debug\GoBee-00_1.a(ADC.o)
 .text.ADC_SetDSMRef0Reg
                0x000097a0       0xa8 .\CortexM3\ARM_GCC_473\Debug\GoBee-00_1.a(ADC.o)
 .text.ADC_ISR1
                0x00009848       0x7c .\CortexM3\ARM_GCC_473\Debug\GoBee-00_1.a(ADC_INT.o)
                0x00009848                ADC_ISR1
 .text.UART_USB_Start
                0x000098c4       0x2c .\CortexM3\ARM_GCC_473\Debug\GoBee-00_1.a(UART_USB.o)
                0x000098c4                UART_USB_Start
 .text.UART_USB_Init
                0x000098f0       0x50 .\CortexM3\ARM_GCC_473\Debug\GoBee-00_1.a(UART_USB.o)
                0x000098f0                UART_USB_Init
 .text.UART_USB_Enable
                0x00009940       0x78 .\CortexM3\ARM_GCC_473\Debug\GoBee-00_1.a(UART_USB.o)
                0x00009940                UART_USB_Enable
 .text.UART_USB_GetChar
                0x000099b8       0x4c .\CortexM3\ARM_GCC_473\Debug\GoBee-00_1.a(UART_USB.o)
                0x000099b8                UART_USB_GetChar
 .text.UART_USB_PutChar
                0x00009a04       0x38 .\CortexM3\ARM_GCC_473\Debug\GoBee-00_1.a(UART_USB.o)
                0x00009a04                UART_USB_PutChar
 .text.Control_Reg_LED_Write
                0x00009a3c       0x20 .\CortexM3\ARM_GCC_473\Debug\GoBee-00_1.a(Control_Reg_LED.o)
                0x00009a3c                Control_Reg_LED_Write
 .text.EEPROM_Enable
                0x00009a5c        0xc .\CortexM3\ARM_GCC_473\Debug\GoBee-00_1.a(EEPROM.o)
                0x00009a5c                EEPROM_Enable
 .text.EEPROM_Write
                0x00009a68      0x12c .\CortexM3\ARM_GCC_473\Debug\GoBee-00_1.a(EEPROM.o)
                0x00009a68                EEPROM_Write
 .text.AMuxSeq_Start
                0x00009b94       0x18 .\CortexM3\ARM_GCC_473\Debug\GoBee-00_1.a(AMuxSeq.o)
                0x00009b94                AMuxSeq_Start
 .text.isr_CTRL_Start
                0x00009bac       0x24 .\CortexM3\ARM_GCC_473\Debug\GoBee-00_1.a(isr_CTRL.o)
                0x00009bac                isr_CTRL_Start
 .text.isr_CTRL_Interrupt
                0x00009bd0       0x4c .\CortexM3\ARM_GCC_473\Debug\GoBee-00_1.a(isr_CTRL.o)
                0x00009bd0                isr_CTRL_Interrupt
 .text.isr_CTRL_SetVector
                0x00009c1c       0x28 .\CortexM3\ARM_GCC_473\Debug\GoBee-00_1.a(isr_CTRL.o)
                0x00009c1c                isr_CTRL_SetVector
 .text.isr_CTRL_SetPriority
                0x00009c44       0x28 .\CortexM3\ARM_GCC_473\Debug\GoBee-00_1.a(isr_CTRL.o)
                0x00009c44                isr_CTRL_SetPriority
 .text.isr_CTRL_Enable
                0x00009c6c       0x18 .\CortexM3\ARM_GCC_473\Debug\GoBee-00_1.a(isr_CTRL.o)
                0x00009c6c                isr_CTRL_Enable
 .text.isr_CTRL_Disable
                0x00009c84       0x18 .\CortexM3\ARM_GCC_473\Debug\GoBee-00_1.a(isr_CTRL.o)
                0x00009c84                isr_CTRL_Disable
 .text.Status_Reg_BUTTON_Read
                0x00009c9c       0x18 .\CortexM3\ARM_GCC_473\Debug\GoBee-00_1.a(Status_Reg_BUTTON.o)
                0x00009c9c                Status_Reg_BUTTON_Read
 .text.Counter_LED_Init
                0x00009cb4       0xa4 .\CortexM3\ARM_GCC_473\Debug\GoBee-00_1.a(Counter_LED.o)
                0x00009cb4                Counter_LED_Init
 .text.Counter_LED_Enable
                0x00009d58       0x28 .\CortexM3\ARM_GCC_473\Debug\GoBee-00_1.a(Counter_LED.o)
                0x00009d58                Counter_LED_Enable
 .text.Counter_LED_Start
                0x00009d80       0x2c .\CortexM3\ARM_GCC_473\Debug\GoBee-00_1.a(Counter_LED.o)
                0x00009d80                Counter_LED_Start
 .text.Counter_LED_SetInterruptMode
                0x00009dac       0x20 .\CortexM3\ARM_GCC_473\Debug\GoBee-00_1.a(Counter_LED.o)
                0x00009dac                Counter_LED_SetInterruptMode
 .text.Counter_LED_ReadStatusRegister
                0x00009dcc       0x18 .\CortexM3\ARM_GCC_473\Debug\GoBee-00_1.a(Counter_LED.o)
                0x00009dcc                Counter_LED_ReadStatusRegister
 .text.Counter_LED_WriteCounter
                0x00009de4       0x20 .\CortexM3\ARM_GCC_473\Debug\GoBee-00_1.a(Counter_LED.o)
                0x00009de4                Counter_LED_WriteCounter
 .text.Counter_LED_ReadCapture
                0x00009e04       0x18 .\CortexM3\ARM_GCC_473\Debug\GoBee-00_1.a(Counter_LED.o)
                0x00009e04                Counter_LED_ReadCapture
 .text.Counter_LED_WritePeriod
                0x00009e1c       0x20 .\CortexM3\ARM_GCC_473\Debug\GoBee-00_1.a(Counter_LED.o)
                0x00009e1c                Counter_LED_WritePeriod
 .text.Counter_LED_WriteCompare
                0x00009e3c       0x20 .\CortexM3\ARM_GCC_473\Debug\GoBee-00_1.a(Counter_LED.o)
                0x00009e3c                Counter_LED_WriteCompare
 .text.Counter_LED_ClearFIFO
                0x00009e5c       0x1c .\CortexM3\ARM_GCC_473\Debug\GoBee-00_1.a(Counter_LED.o)
                0x00009e5c                Counter_LED_ClearFIFO
 .text.isr_DGYRO_Start
                0x00009e78       0x24 .\CortexM3\ARM_GCC_473\Debug\GoBee-00_1.a(isr_DGYRO.o)
                0x00009e78                isr_DGYRO_Start
 .text.isr_DGYRO_Interrupt
                0x00009e9c        0xc .\CortexM3\ARM_GCC_473\Debug\GoBee-00_1.a(isr_DGYRO.o)
                0x00009e9c                isr_DGYRO_Interrupt
 .text.isr_DGYRO_SetVector
                0x00009ea8       0x28 .\CortexM3\ARM_GCC_473\Debug\GoBee-00_1.a(isr_DGYRO.o)
                0x00009ea8                isr_DGYRO_SetVector
 .text.isr_DGYRO_SetPriority
                0x00009ed0       0x28 .\CortexM3\ARM_GCC_473\Debug\GoBee-00_1.a(isr_DGYRO.o)
                0x00009ed0                isr_DGYRO_SetPriority
 .text.isr_DGYRO_Enable
                0x00009ef8       0x18 .\CortexM3\ARM_GCC_473\Debug\GoBee-00_1.a(isr_DGYRO.o)
                0x00009ef8                isr_DGYRO_Enable
 .text.isr_DGYRO_Disable
                0x00009f10       0x18 .\CortexM3\ARM_GCC_473\Debug\GoBee-00_1.a(isr_DGYRO.o)
                0x00009f10                isr_DGYRO_Disable
 .text.Clock_DGYRO_Start
                0x00009f28       0x44 .\CortexM3\ARM_GCC_473\Debug\GoBee-00_1.a(Clock_DGYRO.o)
                0x00009f28                Clock_DGYRO_Start
 .text.ADC_theACLK_SetDividerRegister
                0x00009f6c      0x1e8 .\CortexM3\ARM_GCC_473\Debug\GoBee-00_1.a(ADC_theACLK.o)
                0x00009f6c                ADC_theACLK_SetDividerRegister
 .text.ADC_theACLK_GetDividerRegister
                0x0000a154       0x18 .\CortexM3\ARM_GCC_473\Debug\GoBee-00_1.a(ADC_theACLK.o)
                0x0000a154                ADC_theACLK_GetDividerRegister
 .text.ADC_theACLK_SetModeRegister
                0x0000a16c       0x3c .\CortexM3\ARM_GCC_473\Debug\GoBee-00_1.a(ADC_theACLK.o)
                0x0000a16c                ADC_theACLK_SetModeRegister
 .text.ADC_theACLK_GetSourceRegister
                0x0000a1a8       0x20 .\CortexM3\ARM_GCC_473\Debug\GoBee-00_1.a(ADC_theACLK.o)
                0x0000a1a8                ADC_theACLK_GetSourceRegister
 .text.ADC_Ext_CP_Clk_SetDividerRegister
                0x0000a1c8      0x1e8 .\CortexM3\ARM_GCC_473\Debug\GoBee-00_1.a(ADC_Ext_CP_Clk.o)
                0x0000a1c8                ADC_Ext_CP_Clk_SetDividerRegister
 .text.ADC_Ext_CP_Clk_GetDividerRegister
                0x0000a3b0       0x18 .\CortexM3\ARM_GCC_473\Debug\GoBee-00_1.a(ADC_Ext_CP_Clk.o)
                0x0000a3b0                ADC_Ext_CP_Clk_GetDividerRegister
 .text.ADC_Ext_CP_Clk_SetModeRegister
                0x0000a3c8       0x3c .\CortexM3\ARM_GCC_473\Debug\GoBee-00_1.a(ADC_Ext_CP_Clk.o)
                0x0000a3c8                ADC_Ext_CP_Clk_SetModeRegister
 .text.ADC_Ext_CP_Clk_GetSourceRegister
                0x0000a404       0x20 .\CortexM3\ARM_GCC_473\Debug\GoBee-00_1.a(ADC_Ext_CP_Clk.o)
                0x0000a404                ADC_Ext_CP_Clk_GetSourceRegister
 .text.UART_USB_IntClock_Start
                0x0000a424       0x44 .\CortexM3\ARM_GCC_473\Debug\GoBee-00_1.a(UART_USB_IntClock.o)
                0x0000a424                UART_USB_IntClock_Start
 .text          0x0000a468       0x28 .\CortexM3\ARM_GCC_473\Debug\GoBee-00_1.a(CyBootAsmGnu.o)
                0x0000a468                CyDelayCycles
                0x0000a47c                CyEnterCriticalSection
                0x0000a484                CyExitCriticalSection
 .text.CyDmacConfigure
                0x0000a490       0x70 .\CortexM3\ARM_GCC_473\Debug\GoBee-00_1.a(CyDmac.o)
                0x0000a490                CyDmacConfigure
 .text.CyDmaChEnable
                0x0000a500       0xbc .\CortexM3\ARM_GCC_473\Debug\GoBee-00_1.a(CyDmac.o)
                0x0000a500                CyDmaChEnable
 .text.CyDmaChDisable
                0x0000a5bc       0x84 .\CortexM3\ARM_GCC_473\Debug\GoBee-00_1.a(CyDmac.o)
                0x0000a5bc                CyDmaChDisable
 .text.CyDmaChPriority
                0x0000a640       0x70 .\CortexM3\ARM_GCC_473\Debug\GoBee-00_1.a(CyDmac.o)
                0x0000a640                CyDmaChPriority
 .text.CyDmaChSetExtendedAddress
                0x0000a6b0       0x88 .\CortexM3\ARM_GCC_473\Debug\GoBee-00_1.a(CyDmac.o)
                0x0000a6b0                CyDmaChSetExtendedAddress
 .text.CyDmaChSetInitialTd
                0x0000a738       0x44 .\CortexM3\ARM_GCC_473\Debug\GoBee-00_1.a(CyDmac.o)
                0x0000a738                CyDmaChSetInitialTd
 .text.CyDmaChSetConfiguration
                0x0000a77c       0xa4 .\CortexM3\ARM_GCC_473\Debug\GoBee-00_1.a(CyDmac.o)
                0x0000a77c                CyDmaChSetConfiguration
 .text.CyDmaTdAllocate
                0x0000a820       0x78 .\CortexM3\ARM_GCC_473\Debug\GoBee-00_1.a(CyDmac.o)
                0x0000a820                CyDmaTdAllocate
 .text.CyDmaTdSetConfiguration
                0x0000a898       0x7c .\CortexM3\ARM_GCC_473\Debug\GoBee-00_1.a(CyDmac.o)
                0x0000a898                CyDmaTdSetConfiguration
 .text.CyDmaTdSetAddress
                0x0000a914       0x68 .\CortexM3\ARM_GCC_473\Debug\GoBee-00_1.a(CyDmac.o)
                0x0000a914                CyDmaTdSetAddress
 .text.CyEEPROM_Start
                0x0000a97c       0x44 .\CortexM3\ARM_GCC_473\Debug\GoBee-00_1.a(CyFlash.o)
                0x0000a97c                CyEEPROM_Start
 .text.CyHalt   0x0000a9c0       0x18 .\CortexM3\ARM_GCC_473\Debug\GoBee-00_1.a(CyLib.o)
                0x0000a9c0                CyHalt
 .text.CySoftwareReset
                0x0000a9d8       0x28 .\CortexM3\ARM_GCC_473\Debug\GoBee-00_1.a(CyLib.o)
                0x0000a9d8                CySoftwareReset
 .text.CyDelay  0x0000aa00       0x48 .\CortexM3\ARM_GCC_473\Debug\GoBee-00_1.a(CyLib.o)
                0x0000aa00                CyDelay
 .text.CyDelayUs
                0x0000aa48       0x28 .\CortexM3\ARM_GCC_473\Debug\GoBee-00_1.a(CyLib.o)
                0x0000aa48                CyDelayUs
 .text.CyIntSetVector
                0x0000aa70       0x60 .\CortexM3\ARM_GCC_473\Debug\GoBee-00_1.a(CyLib.o)
                0x0000aa70                CyIntSetVector
 .text.CyIntSetPriority
                0x0000aad0       0x4c .\CortexM3\ARM_GCC_473\Debug\GoBee-00_1.a(CyLib.o)
                0x0000aad0                CyIntSetPriority
 .text.CySpcStart
                0x0000ab1c       0x58 .\CortexM3\ARM_GCC_473\Debug\GoBee-00_1.a(CySpc.o)
                0x0000ab1c                CySpcStart
 .text.CySpcLoadRow
                0x0000ab74       0xbc .\CortexM3\ARM_GCC_473\Debug\GoBee-00_1.a(CySpc.o)
                0x0000ab74                CySpcLoadRow
 .text.CySpcWriteRow
                0x0000ac30       0xcc .\CortexM3\ARM_GCC_473\Debug\GoBee-00_1.a(CySpc.o)
                0x0000ac30                CySpcWriteRow
 .text.CySpcLock
                0x0000acfc       0x88 .\CortexM3\ARM_GCC_473\Debug\GoBee-00_1.a(CySpc.o)
                0x0000acfc                CySpcLock
 .text.CySpcUnlock
                0x0000ad84       0x68 .\CortexM3\ARM_GCC_473\Debug\GoBee-00_1.a(CySpc.o)
                0x0000ad84                CySpcUnlock
 .text.Control_Reg_BUZ_Write
                0x0000adec       0x20 .\CortexM3\ARM_GCC_473\Debug\GoBee-00_1.a(Control_Reg_BUZ.o)
                0x0000adec                Control_Reg_BUZ_Write
 .text.Control_Reg_MOTOR_Write
                0x0000ae0c       0x20 .\CortexM3\ARM_GCC_473\Debug\GoBee-00_1.a(Control_Reg_MOTOR.o)
                0x0000ae0c                Control_Reg_MOTOR_Write
 .text.Status_Reg_MOTOR_Read
                0x0000ae2c       0x18 .\CortexM3\ARM_GCC_473\Debug\GoBee-00_1.a(Status_Reg_MOTOR.o)
                0x0000ae2c                Status_Reg_MOTOR_Read
 .text.QuadDec_PAN_Init
                0x0000ae44       0x30 .\CortexM3\ARM_GCC_473\Debug\GoBee-00_1.a(QuadDec_PAN.o)
                0x0000ae44                QuadDec_PAN_Init
 .text.QuadDec_PAN_Enable
                0x0000ae74       0x54 .\CortexM3\ARM_GCC_473\Debug\GoBee-00_1.a(QuadDec_PAN.o)
                0x0000ae74                QuadDec_PAN_Enable
 .text.QuadDec_PAN_Start
                0x0000aec8       0x44 .\CortexM3\ARM_GCC_473\Debug\GoBee-00_1.a(QuadDec_PAN.o)
                0x0000aec8                QuadDec_PAN_Start
 .text.QuadDec_PAN_GetCounter
                0x0000af0c       0x54 .\CortexM3\ARM_GCC_473\Debug\GoBee-00_1.a(QuadDec_PAN.o)
                0x0000af0c                QuadDec_PAN_GetCounter
 .text.QuadDec_PAN_GetEvents
                0x0000af60       0x20 .\CortexM3\ARM_GCC_473\Debug\GoBee-00_1.a(QuadDec_PAN.o)
                0x0000af60                QuadDec_PAN_GetEvents
 .text.QuadDec_PAN_SetInterruptMask
                0x0000af80       0x28 .\CortexM3\ARM_GCC_473\Debug\GoBee-00_1.a(QuadDec_PAN.o)
                0x0000af80                QuadDec_PAN_SetInterruptMask
 .text.QuadDec_PAN_ISR
                0x0000afa8       0x80 .\CortexM3\ARM_GCC_473\Debug\GoBee-00_1.a(QuadDec_PAN_INT.o)
                0x0000afa8                QuadDec_PAN_ISR
 .text.QuadDec_PAN_Cnt16_Init
                0x0000b028       0xa0 .\CortexM3\ARM_GCC_473\Debug\GoBee-00_1.a(QuadDec_PAN_Cnt16.o)
                0x0000b028                QuadDec_PAN_Cnt16_Init
 .text.QuadDec_PAN_Cnt16_Enable
                0x0000b0c8       0x28 .\CortexM3\ARM_GCC_473\Debug\GoBee-00_1.a(QuadDec_PAN_Cnt16.o)
                0x0000b0c8                QuadDec_PAN_Cnt16_Enable
 .text.QuadDec_PAN_Cnt16_Start
                0x0000b0f0       0x2c .\CortexM3\ARM_GCC_473\Debug\GoBee-00_1.a(QuadDec_PAN_Cnt16.o)
                0x0000b0f0                QuadDec_PAN_Cnt16_Start
 .text.QuadDec_PAN_Cnt16_SetInterruptMode
                0x0000b11c       0x20 .\CortexM3\ARM_GCC_473\Debug\GoBee-00_1.a(QuadDec_PAN_Cnt16.o)
                0x0000b11c                QuadDec_PAN_Cnt16_SetInterruptMode
 .text.QuadDec_PAN_Cnt16_ReadStatusRegister
                0x0000b13c       0x18 .\CortexM3\ARM_GCC_473\Debug\GoBee-00_1.a(QuadDec_PAN_Cnt16.o)
                0x0000b13c                QuadDec_PAN_Cnt16_ReadStatusRegister
 .text.QuadDec_PAN_Cnt16_WriteCounter
                0x0000b154       0x20 .\CortexM3\ARM_GCC_473\Debug\GoBee-00_1.a(QuadDec_PAN_Cnt16.o)
                0x0000b154                QuadDec_PAN_Cnt16_WriteCounter
 .text.QuadDec_PAN_Cnt16_ReadCounter
                0x0000b174       0x24 .\CortexM3\ARM_GCC_473\Debug\GoBee-00_1.a(QuadDec_PAN_Cnt16.o)
                0x0000b174                QuadDec_PAN_Cnt16_ReadCounter
 .text.QuadDec_PAN_Cnt16_ReadCapture
                0x0000b198       0x18 .\CortexM3\ARM_GCC_473\Debug\GoBee-00_1.a(QuadDec_PAN_Cnt16.o)
                0x0000b198                QuadDec_PAN_Cnt16_ReadCapture
 .text.QuadDec_PAN_Cnt16_WritePeriod
                0x0000b1b0       0x20 .\CortexM3\ARM_GCC_473\Debug\GoBee-00_1.a(QuadDec_PAN_Cnt16.o)
                0x0000b1b0                QuadDec_PAN_Cnt16_WritePeriod
 .text.QuadDec_PAN_Cnt16_WriteCompare
                0x0000b1d0       0x20 .\CortexM3\ARM_GCC_473\Debug\GoBee-00_1.a(QuadDec_PAN_Cnt16.o)
                0x0000b1d0                QuadDec_PAN_Cnt16_WriteCompare
 .text.QuadDec_PAN_Cnt16_ClearFIFO
                0x0000b1f0       0x1c .\CortexM3\ARM_GCC_473\Debug\GoBee-00_1.a(QuadDec_PAN_Cnt16.o)
                0x0000b1f0                QuadDec_PAN_Cnt16_ClearFIFO
 .text.ADC_IRQ_Enable
                0x0000b20c       0x18 .\CortexM3\ARM_GCC_473\Debug\GoBee-00_1.a(ADC_IRQ.o)
                0x0000b20c                ADC_IRQ_Enable
 .text.Bootloadable_Load
                0x0000b224       0x18 .\CortexM3\ARM_GCC_473\Debug\GoBee-00_1.a(Bootloadable.o)
                0x0000b224                Bootloadable_Load
 .text.isr_Ticks_Start
                0x0000b23c       0x24 .\CortexM3\ARM_GCC_473\Debug\GoBee-00_1.a(isr_Ticks.o)
                0x0000b23c                isr_Ticks_Start
 .text.isr_Ticks_Stop
                0x0000b260       0x18 .\CortexM3\ARM_GCC_473\Debug\GoBee-00_1.a(isr_Ticks.o)
                0x0000b260                isr_Ticks_Stop
 .text.isr_Ticks_Interrupt
                0x0000b278       0xb4 .\CortexM3\ARM_GCC_473\Debug\GoBee-00_1.a(isr_Ticks.o)
                0x0000b278                isr_Ticks_Interrupt
 .text.isr_Ticks_SetVector
                0x0000b32c       0x28 .\CortexM3\ARM_GCC_473\Debug\GoBee-00_1.a(isr_Ticks.o)
                0x0000b32c                isr_Ticks_SetVector
 .text.isr_Ticks_SetPriority
                0x0000b354       0x28 .\CortexM3\ARM_GCC_473\Debug\GoBee-00_1.a(isr_Ticks.o)
                0x0000b354                isr_Ticks_SetPriority
 .text.isr_Ticks_Enable
                0x0000b37c       0x18 .\CortexM3\ARM_GCC_473\Debug\GoBee-00_1.a(isr_Ticks.o)
                0x0000b37c                isr_Ticks_Enable
 .text.isr_Ticks_Disable
                0x0000b394       0x18 .\CortexM3\ARM_GCC_473\Debug\GoBee-00_1.a(isr_Ticks.o)
                0x0000b394                isr_Ticks_Disable
 .text.PWM_MOTOR_PAN_Start
                0x0000b3ac       0x2c .\CortexM3\ARM_GCC_473\Debug\GoBee-00_1.a(PWM_MOTOR_PAN.o)
                0x0000b3ac                PWM_MOTOR_PAN_Start
 .text.PWM_MOTOR_PAN_Init
                0x0000b3d8       0xc4 .\CortexM3\ARM_GCC_473\Debug\GoBee-00_1.a(PWM_MOTOR_PAN.o)
                0x0000b3d8                PWM_MOTOR_PAN_Init
 .text.PWM_MOTOR_PAN_Enable
                0x0000b49c       0x28 .\CortexM3\ARM_GCC_473\Debug\GoBee-00_1.a(PWM_MOTOR_PAN.o)
                0x0000b49c                PWM_MOTOR_PAN_Enable
 .text.PWM_MOTOR_PAN_WriteCounter
                0x0000b4c4       0x20 .\CortexM3\ARM_GCC_473\Debug\GoBee-00_1.a(PWM_MOTOR_PAN.o)
                0x0000b4c4                PWM_MOTOR_PAN_WriteCounter
 .text.PWM_MOTOR_PAN_ClearFIFO
                0x0000b4e4       0x1c .\CortexM3\ARM_GCC_473\Debug\GoBee-00_1.a(PWM_MOTOR_PAN.o)
                0x0000b4e4                PWM_MOTOR_PAN_ClearFIFO
 .text.PWM_MOTOR_PAN_WritePeriod
                0x0000b500       0x20 .\CortexM3\ARM_GCC_473\Debug\GoBee-00_1.a(PWM_MOTOR_PAN.o)
                0x0000b500                PWM_MOTOR_PAN_WritePeriod
 .text.PWM_MOTOR_PAN_WriteCompare
                0x0000b520       0x20 .\CortexM3\ARM_GCC_473\Debug\GoBee-00_1.a(PWM_MOTOR_PAN.o)
                0x0000b520                PWM_MOTOR_PAN_WriteCompare
 .text.PWM_MOTOR_PAN_WriteDeadTime
                0x0000b540       0x20 .\CortexM3\ARM_GCC_473\Debug\GoBee-00_1.a(PWM_MOTOR_PAN.o)
                0x0000b540                PWM_MOTOR_PAN_WriteDeadTime
 .text.PWM_MOTOR_PAN_SetInterruptMode
                0x0000b560       0x20 .\CortexM3\ARM_GCC_473\Debug\GoBee-00_1.a(PWM_MOTOR_PAN.o)
                0x0000b560                PWM_MOTOR_PAN_SetInterruptMode
 .text.PWM_MOTOR_PAN_ReadStatusRegister
                0x0000b580       0x20 .\CortexM3\ARM_GCC_473\Debug\GoBee-00_1.a(PWM_MOTOR_PAN.o)
                0x0000b580                PWM_MOTOR_PAN_ReadStatusRegister
 .text.PWM_MOTOR_PAN_ReadCapture
                0x0000b5a0       0x18 .\CortexM3\ARM_GCC_473\Debug\GoBee-00_1.a(PWM_MOTOR_PAN.o)
                0x0000b5a0                PWM_MOTOR_PAN_ReadCapture
 .text.isr_BUTTON_Start
                0x0000b5b8       0x24 .\CortexM3\ARM_GCC_473\Debug\GoBee-00_1.a(isr_BUTTON.o)
                0x0000b5b8                isr_BUTTON_Start
 .text.isr_BUTTON_Interrupt
                0x0000b5dc       0xc8 .\CortexM3\ARM_GCC_473\Debug\GoBee-00_1.a(isr_BUTTON.o)
                0x0000b5dc                isr_BUTTON_Interrupt
 .text.isr_BUTTON_SetVector
                0x0000b6a4       0x28 .\CortexM3\ARM_GCC_473\Debug\GoBee-00_1.a(isr_BUTTON.o)
                0x0000b6a4                isr_BUTTON_SetVector
 .text.isr_BUTTON_SetPriority
                0x0000b6cc       0x28 .\CortexM3\ARM_GCC_473\Debug\GoBee-00_1.a(isr_BUTTON.o)
                0x0000b6cc                isr_BUTTON_SetPriority
 .text.isr_BUTTON_Enable
                0x0000b6f4       0x18 .\CortexM3\ARM_GCC_473\Debug\GoBee-00_1.a(isr_BUTTON.o)
                0x0000b6f4                isr_BUTTON_Enable
 .text.isr_BUTTON_Disable
                0x0000b70c       0x18 .\CortexM3\ARM_GCC_473\Debug\GoBee-00_1.a(isr_BUTTON.o)
                0x0000b70c                isr_BUTTON_Disable
 .text.WaveDAC8_Init
                0x0000b724       0x64 .\CortexM3\ARM_GCC_473\Debug\GoBee-00_1.a(WaveDAC8.o)
                0x0000b724                WaveDAC8_Init
 .text.WaveDAC8_Enable
                0x0000b788       0x44 .\CortexM3\ARM_GCC_473\Debug\GoBee-00_1.a(WaveDAC8.o)
                0x0000b788                WaveDAC8_Enable
 .text.WaveDAC8_Start
                0x0000b7cc       0x2c .\CortexM3\ARM_GCC_473\Debug\GoBee-00_1.a(WaveDAC8.o)
                0x0000b7cc                WaveDAC8_Start
 .text.WaveDAC8_Stop
                0x0000b7f8       0x30 .\CortexM3\ARM_GCC_473\Debug\GoBee-00_1.a(WaveDAC8.o)
                0x0000b7f8                WaveDAC8_Stop
 .text.WaveDAC8_Wave1Setup
                0x0000b828       0x98 .\CortexM3\ARM_GCC_473\Debug\GoBee-00_1.a(WaveDAC8.o)
                0x0000b828                WaveDAC8_Wave1Setup
 .text.WaveDAC8_Wave2Setup
                0x0000b8c0       0x98 .\CortexM3\ARM_GCC_473\Debug\GoBee-00_1.a(WaveDAC8.o)
                0x0000b8c0                WaveDAC8_Wave2Setup
 .text.WaveDAC8_DacClk_Start
                0x0000b958       0x44 .\CortexM3\ARM_GCC_473\Debug\GoBee-00_1.a(WaveDAC8_DacClk.o)
                0x0000b958                WaveDAC8_DacClk_Start
 .text.WaveDAC8_DacClk_Stop
                0x0000b99c       0x44 .\CortexM3\ARM_GCC_473\Debug\GoBee-00_1.a(WaveDAC8_DacClk.o)
                0x0000b99c                WaveDAC8_DacClk_Stop
 .text.WaveDAC8_Wave1_DMA_DmaInitialize
                0x0000b9e0       0x84 .\CortexM3\ARM_GCC_473\Debug\GoBee-00_1.a(WaveDAC8_Wave1_DMA_dma.o)
                0x0000b9e0                WaveDAC8_Wave1_DMA_DmaInitialize
 .text.WaveDAC8_Wave2_DMA_DmaInitialize
                0x0000ba64       0x84 .\CortexM3\ARM_GCC_473\Debug\GoBee-00_1.a(WaveDAC8_Wave2_DMA_dma.o)
                0x0000ba64                WaveDAC8_Wave2_DMA_DmaInitialize
 .text.WaveDAC8_VDAC8_Init
                0x0000bae8       0x50 .\CortexM3\ARM_GCC_473\Debug\GoBee-00_1.a(WaveDAC8_VDAC8.o)
                0x0000bae8                WaveDAC8_VDAC8_Init
 .text.WaveDAC8_VDAC8_Enable
                0x0000bb38       0x44 .\CortexM3\ARM_GCC_473\Debug\GoBee-00_1.a(WaveDAC8_VDAC8.o)
                0x0000bb38                WaveDAC8_VDAC8_Enable
 .text.WaveDAC8_VDAC8_Stop
                0x0000bb7c       0x44 .\CortexM3\ARM_GCC_473\Debug\GoBee-00_1.a(WaveDAC8_VDAC8.o)
                0x0000bb7c                WaveDAC8_VDAC8_Stop
 .text.WaveDAC8_VDAC8_SetSpeed
                0x0000bbc0       0x54 .\CortexM3\ARM_GCC_473\Debug\GoBee-00_1.a(WaveDAC8_VDAC8.o)
                0x0000bbc0                WaveDAC8_VDAC8_SetSpeed
 .text.WaveDAC8_VDAC8_SetRange
                0x0000bc14       0x54 .\CortexM3\ARM_GCC_473\Debug\GoBee-00_1.a(WaveDAC8_VDAC8.o)
                0x0000bc14                WaveDAC8_VDAC8_SetRange
 .text.WaveDAC8_VDAC8_SetValue
                0x0000bc68       0x20 .\CortexM3\ARM_GCC_473\Debug\GoBee-00_1.a(WaveDAC8_VDAC8.o)
                0x0000bc68                WaveDAC8_VDAC8_SetValue
 .text.WaveDAC8_VDAC8_DacTrim
                0x0000bc88       0x44 .\CortexM3\ARM_GCC_473\Debug\GoBee-00_1.a(WaveDAC8_VDAC8.o)
                0x0000bc88                WaveDAC8_VDAC8_DacTrim
 .text.WaveDAC8_BuffAmp_Init
                0x0000bccc       0x10 .\CortexM3\ARM_GCC_473\Debug\GoBee-00_1.a(WaveDAC8_BuffAmp.o)
                0x0000bccc                WaveDAC8_BuffAmp_Init
 .text.WaveDAC8_BuffAmp_Enable
                0x0000bcdc       0x60 .\CortexM3\ARM_GCC_473\Debug\GoBee-00_1.a(WaveDAC8_BuffAmp.o)
                0x0000bcdc                WaveDAC8_BuffAmp_Enable
 .text.WaveDAC8_BuffAmp_SetPower
                0x0000bd3c       0x54 .\CortexM3\ARM_GCC_473\Debug\GoBee-00_1.a(WaveDAC8_BuffAmp.o)
                0x0000bd3c                WaveDAC8_BuffAmp_SetPower
 .text.VDAC8_ANAPOS_SetValue
                0x0000bd90       0x20 .\CortexM3\ARM_GCC_473\Debug\GoBee-00_1.a(VDAC8_ANAPOS.o)
                0x0000bd90                VDAC8_ANAPOS_SetValue
 .text.Control_Reg_WaveDAC8_Write
                0x0000bdb0       0x20 .\CortexM3\ARM_GCC_473\Debug\GoBee-00_1.a(Control_Reg_WaveDAC8.o)
                0x0000bdb0                Control_Reg_WaveDAC8_Write
 .text          0x0000bdd0      0x370 c:/programmi/cypress/psoc creator/3.0/psoc creator/import/gnu_cs/arm/4.7.3/bin/../lib/gcc/arm-none-eabi/4.7.3/armv7-m\libgcc.a(_arm_addsubdf3.o)
                0x0000bdd0                __aeabi_drsub
                0x0000bdd8                __aeabi_dsub
                0x0000bdd8                __subdf3
                0x0000bddc                __aeabi_dadd
                0x0000bddc                __adddf3
                0x0000c054                __floatunsidf
                0x0000c054                __aeabi_ui2d
                0x0000c074                __floatsidf
                0x0000c074                __aeabi_i2d
                0x0000c098                __aeabi_f2d
                0x0000c098                __extendsfdf2
                0x0000c0d4                __floatundidf
                0x0000c0d4                __aeabi_ul2d
                0x0000c0e4                __floatdidf
                0x0000c0e4                __aeabi_l2d
 .text          0x0000c140      0x424 c:/programmi/cypress/psoc creator/3.0/psoc creator/import/gnu_cs/arm/4.7.3/bin/../lib/gcc/arm-none-eabi/4.7.3/armv7-m\libgcc.a(_arm_muldivdf3.o)
                0x0000c140                __aeabi_dmul
                0x0000c140                __muldf3
                0x0000c394                __divdf3
                0x0000c394                __aeabi_ddiv
 .text          0x0000c564      0x110 c:/programmi/cypress/psoc creator/3.0/psoc creator/import/gnu_cs/arm/4.7.3/bin/../lib/gcc/arm-none-eabi/4.7.3/armv7-m\libgcc.a(_arm_cmpdf2.o)
                0x0000c564                __gtdf2
                0x0000c564                __gedf2
                0x0000c56c                __ltdf2
                0x0000c56c                __ledf2
                0x0000c574                __nedf2
                0x0000c574                __eqdf2
                0x0000c574                __cmpdf2
                0x0000c5f0                __aeabi_cdrcmple
                0x0000c600                __aeabi_cdcmpeq
                0x0000c600                __aeabi_cdcmple
                0x0000c610                __aeabi_dcmpeq
                0x0000c624                __aeabi_dcmplt
                0x0000c638                __aeabi_dcmple
                0x0000c64c                __aeabi_dcmpge
                0x0000c660                __aeabi_dcmpgt
 .text          0x0000c674       0xa0 c:/programmi/cypress/psoc creator/3.0/psoc creator/import/gnu_cs/arm/4.7.3/bin/../lib/gcc/arm-none-eabi/4.7.3/armv7-m\libgcc.a(_arm_truncdfsf2.o)
                0x0000c674                __truncdfsf2
                0x0000c674                __aeabi_d2f
 .text          0x0000c714      0x21c c:/programmi/cypress/psoc creator/3.0/psoc creator/import/gnu_cs/arm/4.7.3/bin/../lib/gcc/arm-none-eabi/4.7.3/armv7-m\libgcc.a(_arm_addsubsf3.o)
                0x0000c714                __aeabi_frsub
                0x0000c71c                __subsf3
                0x0000c71c                __aeabi_fsub
                0x0000c720                __aeabi_fadd
                0x0000c720                __addsf3
                0x0000c880                __aeabi_ui2f
                0x0000c880                __floatunsisf
                0x0000c888                __aeabi_i2f
                0x0000c888                __floatsisf
                0x0000c8a4                __aeabi_ul2f
                0x0000c8a4                __floatundisf
                0x0000c8b4                __aeabi_l2f
                0x0000c8b4                __floatdisf
 .text          0x0000c930      0x2a0 c:/programmi/cypress/psoc creator/3.0/psoc creator/import/gnu_cs/arm/4.7.3/bin/../lib/gcc/arm-none-eabi/4.7.3/armv7-m\libgcc.a(_arm_muldivsf3.o)
                0x0000c930                __mulsf3
                0x0000c930                __aeabi_fmul
                0x0000ca98                __aeabi_fdiv
                0x0000ca98                __divsf3
 .text          0x0000cbd0       0xec c:/programmi/cypress/psoc creator/3.0/psoc creator/import/gnu_cs/arm/4.7.3/bin/../lib/gcc/arm-none-eabi/4.7.3/armv7-m\libgcc.a(_arm_cmpsf2.o)
                0x0000cbd0                __gesf2
                0x0000cbd0                __gtsf2
                0x0000cbd8                __lesf2
                0x0000cbd8                __ltsf2
                0x0000cbe0                __nesf2
                0x0000cbe0                __eqsf2
                0x0000cbe0                __cmpsf2
                0x0000cc40                __aeabi_cfrcmple
                0x0000cc48                __aeabi_cfcmpeq
                0x0000cc48                __aeabi_cfcmple
                0x0000cc58                __aeabi_fcmpeq
                0x0000cc6c                __aeabi_fcmplt
                0x0000cc80                __aeabi_fcmple
                0x0000cc94                __aeabi_fcmpge
                0x0000cca8                __aeabi_fcmpgt
 .text          0x0000ccbc       0x4c c:/programmi/cypress/psoc creator/3.0/psoc creator/import/gnu_cs/arm/4.7.3/bin/../lib/gcc/arm-none-eabi/4.7.3/armv7-m\libgcc.a(_arm_fixsfsi.o)
                0x0000ccbc                __aeabi_f2iz
                0x0000ccbc                __fixsfsi
 .text          0x0000cd08       0x40 c:/programmi/cypress/psoc creator/3.0/psoc creator/import/gnu_cs/arm/4.7.3/bin/../lib/gcc/arm-none-eabi/4.7.3/armv7-m\libgcc.a(_arm_fixunssfsi.o)
                0x0000cd08                __fixunssfsi
                0x0000cd08                __aeabi_f2uiz
 .text.__register_exitproc
                0x0000cd48       0xac c:/programmi/cypress/psoc creator/3.0/psoc creator/import/gnu_cs/arm/4.7.3/bin/../lib/gcc/arm-none-eabi/4.7.3/../../../../arm-none-eabi/lib/armv7-m\libg.a(lib_a-__atexit.o)
                0x0000cd48                __register_exitproc
 .text.atof     0x0000cdf4        0x8 c:/programmi/cypress/psoc creator/3.0/psoc creator/import/gnu_cs/arm/4.7.3/bin/../lib/gcc/arm-none-eabi/4.7.3/../../../../arm-none-eabi/lib/armv7-m\libg.a(lib_a-atof.o)
                0x0000cdf4                atof
 .text.atoi     0x0000cdfc        0x8 c:/programmi/cypress/psoc creator/3.0/psoc creator/import/gnu_cs/arm/4.7.3/bin/../lib/gcc/arm-none-eabi/4.7.3/../../../../arm-none-eabi/lib/armv7-m\libg.a(lib_a-atoi.o)
                0x0000cdfc                atoi
 .text.__libc_fini_array
                0x0000ce04       0x50 c:/programmi/cypress/psoc creator/3.0/psoc creator/import/gnu_cs/arm/4.7.3/bin/../lib/gcc/arm-none-eabi/4.7.3/../../../../arm-none-eabi/lib/armv7-m\libg.a(lib_a-fini.o)
                0x0000ce04                __libc_fini_array
 .text.__libc_init_array
                0x0000ce54       0x94 c:/programmi/cypress/psoc creator/3.0/psoc creator/import/gnu_cs/arm/4.7.3/bin/../lib/gcc/arm-none-eabi/4.7.3/../../../../arm-none-eabi/lib/armv7-m\libg.a(lib_a-init.o)
                0x0000ce54                __libc_init_array
 .text.memcpy   0x0000cee8      0x15c c:/programmi/cypress/psoc creator/3.0/psoc creator/import/gnu_cs/arm/4.7.3/bin/../lib/gcc/arm-none-eabi/4.7.3/../../../../arm-none-eabi/lib/armv7-m\libg.a(lib_a-memcpy.o)
                0x0000cee8                memcpy
 .text.memset   0x0000d044      0x12c c:/programmi/cypress/psoc creator/3.0/psoc creator/import/gnu_cs/arm/4.7.3/bin/../lib/gcc/arm-none-eabi/4.7.3/../../../../arm-none-eabi/lib/armv7-m\libg.a(lib_a-memset.o)
                0x0000d044                memset
 .text.printf   0x0000d170       0x2c c:/programmi/cypress/psoc creator/3.0/psoc creator/import/gnu_cs/arm/4.7.3/bin/../lib/gcc/arm-none-eabi/4.7.3/../../../../arm-none-eabi/lib/armv7-m\libg.a(lib_a-printf.o)
                0x0000d170                printf
 .text.putchar  0x0000d19c       0x14 c:/programmi/cypress/psoc creator/3.0/psoc creator/import/gnu_cs/arm/4.7.3/bin/../lib/gcc/arm-none-eabi/4.7.3/../../../../arm-none-eabi/lib/armv7-m\libg.a(lib_a-putchar.o)
                0x0000d19c                putchar
 .text._puts_r  0x0000d1b0       0x68 c:/programmi/cypress/psoc creator/3.0/psoc creator/import/gnu_cs/arm/4.7.3/bin/../lib/gcc/arm-none-eabi/4.7.3/../../../../arm-none-eabi/lib/armv7-m\libg.a(lib_a-puts.o)
                0x0000d1b0                _puts_r
 .text.puts     0x0000d218       0x10 c:/programmi/cypress/psoc creator/3.0/psoc creator/import/gnu_cs/arm/4.7.3/bin/../lib/gcc/arm-none-eabi/4.7.3/../../../../arm-none-eabi/lib/armv7-m\libg.a(lib_a-puts.o)
                0x0000d218                puts
 .text.setvbuf  0x0000d228      0x10c c:/programmi/cypress/psoc creator/3.0/psoc creator/import/gnu_cs/arm/4.7.3/bin/../lib/gcc/arm-none-eabi/4.7.3/../../../../arm-none-eabi/lib/armv7-m\libg.a(lib_a-setvbuf.o)
                0x0000d228                setvbuf
 .text.strcmp   0x0000d334       0x80 c:/programmi/cypress/psoc creator/3.0/psoc creator/import/gnu_cs/arm/4.7.3/bin/../lib/gcc/arm-none-eabi/4.7.3/../../../../arm-none-eabi/lib/armv7-m\libg.a(lib_a-strcmp.o)
                0x0000d334                strcmp
 .text.strcmp_unaligned
                0x0000d3b4      0x15c c:/programmi/cypress/psoc creator/3.0/psoc creator/import/gnu_cs/arm/4.7.3/bin/../lib/gcc/arm-none-eabi/4.7.3/../../../../arm-none-eabi/lib/armv7-m\libg.a(lib_a-strcmp.o)
 .text.strcpy   0x0000d510       0xbc c:/programmi/cypress/psoc creator/3.0/psoc creator/import/gnu_cs/arm/4.7.3/bin/../lib/gcc/arm-none-eabi/4.7.3/../../../../arm-none-eabi/lib/armv7-m\libg.a(lib_a-strcpy.o)
                0x0000d510                strcpy
 .text.strlen   0x0000d5cc       0x60 c:/programmi/cypress/psoc creator/3.0/psoc creator/import/gnu_cs/arm/4.7.3/bin/../lib/gcc/arm-none-eabi/4.7.3/../../../../arm-none-eabi/lib/armv7-m\libg.a(lib_a-strlen.o)
                0x0000d5cc                strlen
 *fill*         0x0000d62c        0x4 00
 .text._strtod_r
                0x0000d630      0xeb0 c:/programmi/cypress/psoc creator/3.0/psoc creator/import/gnu_cs/arm/4.7.3/bin/../lib/gcc/arm-none-eabi/4.7.3/../../../../arm-none-eabi/lib/armv7-m\libg.a(lib_a-strtod.o)
                0x0000d630                _strtod_r
 .text.strtod   0x0000e4e0       0x18 c:/programmi/cypress/psoc creator/3.0/psoc creator/import/gnu_cs/arm/4.7.3/bin/../lib/gcc/arm-none-eabi/4.7.3/../../../../arm-none-eabi/lib/armv7-m\libg.a(lib_a-strtod.o)
                0x0000e4e0                strtod
 .text.strtok   0x0000e4f8       0x14 c:/programmi/cypress/psoc creator/3.0/psoc creator/import/gnu_cs/arm/4.7.3/bin/../lib/gcc/arm-none-eabi/4.7.3/../../../../arm-none-eabi/lib/armv7-m\libg.a(lib_a-strtok.o)
                0x0000e4f8                strtok
 .text.__strtok_r
                0x0000e50c       0x60 c:/programmi/cypress/psoc creator/3.0/psoc creator/import/gnu_cs/arm/4.7.3/bin/../lib/gcc/arm-none-eabi/4.7.3/../../../../arm-none-eabi/lib/armv7-m\libg.a(lib_a-strtok_r.o)
                0x0000e50c                __strtok_r
 .text._strtol_r
                0x0000e56c      0x130 c:/programmi/cypress/psoc creator/3.0/psoc creator/import/gnu_cs/arm/4.7.3/bin/../lib/gcc/arm-none-eabi/4.7.3/../../../../arm-none-eabi/lib/armv7-m\libg.a(lib_a-strtol.o)
                0x0000e56c                _strtol_r
 .text.strtol   0x0000e69c       0x1c c:/programmi/cypress/psoc creator/3.0/psoc creator/import/gnu_cs/arm/4.7.3/bin/../lib/gcc/arm-none-eabi/4.7.3/../../../../arm-none-eabi/lib/armv7-m\libg.a(lib_a-strtol.o)
                0x0000e69c                strtol
 .text._vfprintf_r
                0x0000e6b8     0x1c48 c:/programmi/cypress/psoc creator/3.0/psoc creator/import/gnu_cs/arm/4.7.3/bin/../lib/gcc/arm-none-eabi/4.7.3/../../../../arm-none-eabi/lib/armv7-m\libg.a(lib_a-vfprintf.o)
                0x0000e6b8                _vfprintf_r
 .text.__sbprintf
                0x00010300       0x80 c:/programmi/cypress/psoc creator/3.0/psoc creator/import/gnu_cs/arm/4.7.3/bin/../lib/gcc/arm-none-eabi/4.7.3/../../../../arm-none-eabi/lib/armv7-m\libg.a(lib_a-vfprintf.o)
 .text.__swsetup_r
                0x00010380       0xc4 c:/programmi/cypress/psoc creator/3.0/psoc creator/import/gnu_cs/arm/4.7.3/bin/../lib/gcc/arm-none-eabi/4.7.3/../../../../arm-none-eabi/lib/armv7-m\libg.a(lib_a-wsetup.o)
                0x00010380                __swsetup_r
 .text.startup.register_fini
                0x00010444       0x14 c:/programmi/cypress/psoc creator/3.0/psoc creator/import/gnu_cs/arm/4.7.3/bin/../lib/gcc/arm-none-eabi/4.7.3/../../../../arm-none-eabi/lib/armv7-m\libg.a(lib_a-__call_atexit.o)
 .text.atexit   0x00010458        0xc c:/programmi/cypress/psoc creator/3.0/psoc creator/import/gnu_cs/arm/4.7.3/bin/../lib/gcc/arm-none-eabi/4.7.3/../../../../arm-none-eabi/lib/armv7-m\libg.a(lib_a-atexit.o)
                0x00010458                atexit
 .text.quorem   0x00010464      0x2ec c:/programmi/cypress/psoc creator/3.0/psoc creator/import/gnu_cs/arm/4.7.3/bin/../lib/gcc/arm-none-eabi/4.7.3/../../../../arm-none-eabi/lib/armv7-m\libg.a(lib_a-dtoa.o)
 .text._dtoa_r  0x00010750     0x11f8 c:/programmi/cypress/psoc creator/3.0/psoc creator/import/gnu_cs/arm/4.7.3/bin/../lib/gcc/arm-none-eabi/4.7.3/../../../../arm-none-eabi/lib/armv7-m\libg.a(lib_a-dtoa.o)
                0x00010750                _dtoa_r
 .text._fflush_r
                0x00011948      0x164 c:/programmi/cypress/psoc creator/3.0/psoc creator/import/gnu_cs/arm/4.7.3/bin/../lib/gcc/arm-none-eabi/4.7.3/../../../../arm-none-eabi/lib/armv7-m\libg.a(lib_a-fflush.o)
                0x00011948                _fflush_r
 .text._cleanup_r
                0x00011aac        0xc c:/programmi/cypress/psoc creator/3.0/psoc creator/import/gnu_cs/arm/4.7.3/bin/../lib/gcc/arm-none-eabi/4.7.3/../../../../arm-none-eabi/lib/armv7-m\libg.a(lib_a-findfp.o)
                0x00011aac                _cleanup_r
 .text.std.isra.0
                0x00011ab8       0x50 c:/programmi/cypress/psoc creator/3.0/psoc creator/import/gnu_cs/arm/4.7.3/bin/../lib/gcc/arm-none-eabi/4.7.3/../../../../arm-none-eabi/lib/armv7-m\libg.a(lib_a-findfp.o)
 .text.__sinit  0x00011b08       0x4c c:/programmi/cypress/psoc creator/3.0/psoc creator/import/gnu_cs/arm/4.7.3/bin/../lib/gcc/arm-none-eabi/4.7.3/../../../../arm-none-eabi/lib/armv7-m\libg.a(lib_a-findfp.o)
                0x00011b08                __sinit
 .text.__sfp_lock_acquire
                0x00011b54        0x4 c:/programmi/cypress/psoc creator/3.0/psoc creator/import/gnu_cs/arm/4.7.3/bin/../lib/gcc/arm-none-eabi/4.7.3/../../../../arm-none-eabi/lib/armv7-m\libg.a(lib_a-findfp.o)
                0x00011b54                __sfp_lock_acquire
 .text.__sfp_lock_release
                0x00011b58        0x4 c:/programmi/cypress/psoc creator/3.0/psoc creator/import/gnu_cs/arm/4.7.3/bin/../lib/gcc/arm-none-eabi/4.7.3/../../../../arm-none-eabi/lib/armv7-m\libg.a(lib_a-findfp.o)
                0x00011b58                __sfp_lock_release
 .text._malloc_trim_r
                0x00011b5c       0x98 c:/programmi/cypress/psoc creator/3.0/psoc creator/import/gnu_cs/arm/4.7.3/bin/../lib/gcc/arm-none-eabi/4.7.3/../../../../arm-none-eabi/lib/armv7-m\libg.a(lib_a-freer.o)
                0x00011b5c                _malloc_trim_r
 .text._free_r  0x00011bf4      0x194 c:/programmi/cypress/psoc creator/3.0/psoc creator/import/gnu_cs/arm/4.7.3/bin/../lib/gcc/arm-none-eabi/4.7.3/../../../../arm-none-eabi/lib/armv7-m\libg.a(lib_a-freer.o)
                0x00011bf4                _free_r
 .text.__sfvwrite_r
                0x00011d88      0x314 c:/programmi/cypress/psoc creator/3.0/psoc creator/import/gnu_cs/arm/4.7.3/bin/../lib/gcc/arm-none-eabi/4.7.3/../../../../arm-none-eabi/lib/armv7-m\libg.a(lib_a-fvwrite.o)
                0x00011d88                __sfvwrite_r
 .text._fwalk   0x0001209c       0xb8 c:/programmi/cypress/psoc creator/3.0/psoc creator/import/gnu_cs/arm/4.7.3/bin/../lib/gcc/arm-none-eabi/4.7.3/../../../../arm-none-eabi/lib/armv7-m\libg.a(lib_a-fwalk.o)
                0x0001209c                _fwalk
 .text.rshift   0x00012154      0x148 c:/programmi/cypress/psoc creator/3.0/psoc creator/import/gnu_cs/arm/4.7.3/bin/../lib/gcc/arm-none-eabi/4.7.3/../../../../arm-none-eabi/lib/armv7-m\libg.a(lib_a-gdtoa-gethex.o)
 .text.__hexdig_init
                0x0001229c       0x50 c:/programmi/cypress/psoc creator/3.0/psoc creator/import/gnu_cs/arm/4.7.3/bin/../lib/gcc/arm-none-eabi/4.7.3/../../../../arm-none-eabi/lib/armv7-m\libg.a(lib_a-gdtoa-gethex.o)
                0x0001229c                __hexdig_init
 .text.__gethex
                0x000122ec      0x588 c:/programmi/cypress/psoc creator/3.0/psoc creator/import/gnu_cs/arm/4.7.3/bin/../lib/gcc/arm-none-eabi/4.7.3/../../../../arm-none-eabi/lib/armv7-m\libg.a(lib_a-gdtoa-gethex.o)
                0x000122ec                __gethex
 .text.__hexnan
                0x00012874      0x2f0 c:/programmi/cypress/psoc creator/3.0/psoc creator/import/gnu_cs/arm/4.7.3/bin/../lib/gcc/arm-none-eabi/4.7.3/../../../../arm-none-eabi/lib/armv7-m\libg.a(lib_a-gdtoa-hexnan.o)
                0x00012874                __hexnan
 .text.__locale_charset
                0x00012b64        0xc c:/programmi/cypress/psoc creator/3.0/psoc creator/import/gnu_cs/arm/4.7.3/bin/../lib/gcc/arm-none-eabi/4.7.3/../../../../arm-none-eabi/lib/armv7-m\libg.a(lib_a-locale.o)
                0x00012b64                __locale_charset
 .text.__locale_mb_cur_max
                0x00012b70        0xc c:/programmi/cypress/psoc creator/3.0/psoc creator/import/gnu_cs/arm/4.7.3/bin/../lib/gcc/arm-none-eabi/4.7.3/../../../../arm-none-eabi/lib/armv7-m\libg.a(lib_a-locale.o)
                0x00012b70                __locale_mb_cur_max
 .text._localeconv_r
                0x00012b7c        0xc c:/programmi/cypress/psoc creator/3.0/psoc creator/import/gnu_cs/arm/4.7.3/bin/../lib/gcc/arm-none-eabi/4.7.3/../../../../arm-none-eabi/lib/armv7-m\libg.a(lib_a-locale.o)
                0x00012b7c                _localeconv_r
 .text.__smakebuf_r
                0x00012b88       0xe8 c:/programmi/cypress/psoc creator/3.0/psoc creator/import/gnu_cs/arm/4.7.3/bin/../lib/gcc/arm-none-eabi/4.7.3/../../../../arm-none-eabi/lib/armv7-m\libg.a(lib_a-makebuf.o)
                0x00012b88                __smakebuf_r
 .text.malloc   0x00012c70       0x10 c:/programmi/cypress/psoc creator/3.0/psoc creator/import/gnu_cs/arm/4.7.3/bin/../lib/gcc/arm-none-eabi/4.7.3/../../../../arm-none-eabi/lib/armv7-m\libg.a(lib_a-malloc.o)
                0x00012c70                malloc
 .text._malloc_r
                0x00012c80      0x530 c:/programmi/cypress/psoc creator/3.0/psoc creator/import/gnu_cs/arm/4.7.3/bin/../lib/gcc/arm-none-eabi/4.7.3/../../../../arm-none-eabi/lib/armv7-m\libg.a(lib_a-mallocr.o)
                0x00012c80                _malloc_r
 .text.memchr   0x000131b0      0x140 c:/programmi/cypress/psoc creator/3.0/psoc creator/import/gnu_cs/arm/4.7.3/bin/../lib/gcc/arm-none-eabi/4.7.3/../../../../arm-none-eabi/lib/armv7-m\libg.a(lib_a-memchr.o)
                0x000131b0                memchr
 .text.memmove  0x000132f0      0x1b0 c:/programmi/cypress/psoc creator/3.0/psoc creator/import/gnu_cs/arm/4.7.3/bin/../lib/gcc/arm-none-eabi/4.7.3/../../../../arm-none-eabi/lib/armv7-m\libg.a(lib_a-memmove.o)
                0x000132f0                memmove
 .text.__malloc_lock
                0x000134a0        0x4 c:/programmi/cypress/psoc creator/3.0/psoc creator/import/gnu_cs/arm/4.7.3/bin/../lib/gcc/arm-none-eabi/4.7.3/../../../../arm-none-eabi/lib/armv7-m\libg.a(lib_a-mlock.o)
                0x000134a0                __malloc_lock
 .text.__malloc_unlock
                0x000134a4        0x4 c:/programmi/cypress/psoc creator/3.0/psoc creator/import/gnu_cs/arm/4.7.3/bin/../lib/gcc/arm-none-eabi/4.7.3/../../../../arm-none-eabi/lib/armv7-m\libg.a(lib_a-mlock.o)
                0x000134a4                __malloc_unlock
 .text._Balloc  0x000134a8       0x4c c:/programmi/cypress/psoc creator/3.0/psoc creator/import/gnu_cs/arm/4.7.3/bin/../lib/gcc/arm-none-eabi/4.7.3/../../../../arm-none-eabi/lib/armv7-m\libg.a(lib_a-mprec.o)
                0x000134a8                _Balloc
 .text._Bfree   0x000134f4       0x14 c:/programmi/cypress/psoc creator/3.0/psoc creator/import/gnu_cs/arm/4.7.3/bin/../lib/gcc/arm-none-eabi/4.7.3/../../../../arm-none-eabi/lib/armv7-m\libg.a(lib_a-mprec.o)
                0x000134f4                _Bfree
 .text.__multadd
                0x00013508       0xfc c:/programmi/cypress/psoc creator/3.0/psoc creator/import/gnu_cs/arm/4.7.3/bin/../lib/gcc/arm-none-eabi/4.7.3/../../../../arm-none-eabi/lib/armv7-m\libg.a(lib_a-mprec.o)
                0x00013508                __multadd
 .text.__s2b    0x00013604      0x140 c:/programmi/cypress/psoc creator/3.0/psoc creator/import/gnu_cs/arm/4.7.3/bin/../lib/gcc/arm-none-eabi/4.7.3/../../../../arm-none-eabi/lib/armv7-m\libg.a(lib_a-mprec.o)
                0x00013604                __s2b
 .text.__hi0bits
                0x00013744       0x3c c:/programmi/cypress/psoc creator/3.0/psoc creator/import/gnu_cs/arm/4.7.3/bin/../lib/gcc/arm-none-eabi/4.7.3/../../../../arm-none-eabi/lib/armv7-m\libg.a(lib_a-mprec.o)
                0x00013744                __hi0bits
 .text.__lo0bits
                0x00013780       0x5c c:/programmi/cypress/psoc creator/3.0/psoc creator/import/gnu_cs/arm/4.7.3/bin/../lib/gcc/arm-none-eabi/4.7.3/../../../../arm-none-eabi/lib/armv7-m\libg.a(lib_a-mprec.o)
                0x00013780                __lo0bits
 .text.__i2b    0x000137dc       0x14 c:/programmi/cypress/psoc creator/3.0/psoc creator/import/gnu_cs/arm/4.7.3/bin/../lib/gcc/arm-none-eabi/4.7.3/../../../../arm-none-eabi/lib/armv7-m\libg.a(lib_a-mprec.o)
                0x000137dc                __i2b
 .text.__multiply
                0x000137f0      0x2d0 c:/programmi/cypress/psoc creator/3.0/psoc creator/import/gnu_cs/arm/4.7.3/bin/../lib/gcc/arm-none-eabi/4.7.3/../../../../arm-none-eabi/lib/armv7-m\libg.a(lib_a-mprec.o)
                0x000137f0                __multiply
 .text.__pow5mult
                0x00013ac0       0x94 c:/programmi/cypress/psoc creator/3.0/psoc creator/import/gnu_cs/arm/4.7.3/bin/../lib/gcc/arm-none-eabi/4.7.3/../../../../arm-none-eabi/lib/armv7-m\libg.a(lib_a-mprec.o)
                0x00013ac0                __pow5mult
 .text.__lshift
                0x00013b54      0x16c c:/programmi/cypress/psoc creator/3.0/psoc creator/import/gnu_cs/arm/4.7.3/bin/../lib/gcc/arm-none-eabi/4.7.3/../../../../arm-none-eabi/lib/armv7-m\libg.a(lib_a-mprec.o)
                0x00013b54                __lshift
 .text.__mcmp   0x00013cc0       0x5c c:/programmi/cypress/psoc creator/3.0/psoc creator/import/gnu_cs/arm/4.7.3/bin/../lib/gcc/arm-none-eabi/4.7.3/../../../../arm-none-eabi/lib/armv7-m\libg.a(lib_a-mprec.o)
                0x00013cc0                __mcmp
 .text.__mdiff  0x00013d1c      0x218 c:/programmi/cypress/psoc creator/3.0/psoc creator/import/gnu_cs/arm/4.7.3/bin/../lib/gcc/arm-none-eabi/4.7.3/../../../../arm-none-eabi/lib/armv7-m\libg.a(lib_a-mprec.o)
                0x00013d1c                __mdiff
 .text.__ulp    0x00013f34       0x44 c:/programmi/cypress/psoc creator/3.0/psoc creator/import/gnu_cs/arm/4.7.3/bin/../lib/gcc/arm-none-eabi/4.7.3/../../../../arm-none-eabi/lib/armv7-m\libg.a(lib_a-mprec.o)
                0x00013f34                __ulp
 .text.__b2d    0x00013f78       0xbc c:/programmi/cypress/psoc creator/3.0/psoc creator/import/gnu_cs/arm/4.7.3/bin/../lib/gcc/arm-none-eabi/4.7.3/../../../../arm-none-eabi/lib/armv7-m\libg.a(lib_a-mprec.o)
                0x00013f78                __b2d
 .text.__d2b    0x00014034       0xc0 c:/programmi/cypress/psoc creator/3.0/psoc creator/import/gnu_cs/arm/4.7.3/bin/../lib/gcc/arm-none-eabi/4.7.3/../../../../arm-none-eabi/lib/armv7-m\libg.a(lib_a-mprec.o)
                0x00014034                __d2b
 .text.__ratio  0x000140f4       0x54 c:/programmi/cypress/psoc creator/3.0/psoc creator/import/gnu_cs/arm/4.7.3/bin/../lib/gcc/arm-none-eabi/4.7.3/../../../../arm-none-eabi/lib/armv7-m\libg.a(lib_a-mprec.o)
                0x000140f4                __ratio
 .text.__copybits
                0x00014148       0xa0 c:/programmi/cypress/psoc creator/3.0/psoc creator/import/gnu_cs/arm/4.7.3/bin/../lib/gcc/arm-none-eabi/4.7.3/../../../../arm-none-eabi/lib/armv7-m\libg.a(lib_a-mprec.o)
                0x00014148                __copybits
 .text.__any_on
                0x000141e8       0x74 c:/programmi/cypress/psoc creator/3.0/psoc creator/import/gnu_cs/arm/4.7.3/bin/../lib/gcc/arm-none-eabi/4.7.3/../../../../arm-none-eabi/lib/armv7-m\libg.a(lib_a-mprec.o)
                0x000141e8                __any_on
 .text._putc_r  0x0001425c       0x60 c:/programmi/cypress/psoc creator/3.0/psoc creator/import/gnu_cs/arm/4.7.3/bin/../lib/gcc/arm-none-eabi/4.7.3/../../../../arm-none-eabi/lib/armv7-m\libg.a(lib_a-putc.o)
                0x0001425c                _putc_r
 .text._realloc_r
                0x000142bc      0x3ec c:/programmi/cypress/psoc creator/3.0/psoc creator/import/gnu_cs/arm/4.7.3/bin/../lib/gcc/arm-none-eabi/4.7.3/../../../../arm-none-eabi/lib/armv7-m\libg.a(lib_a-reallocr.o)
                0x000142bc                _realloc_r
 .text.__fpclassifyd
                0x000146a8       0x68 c:/programmi/cypress/psoc creator/3.0/psoc creator/import/gnu_cs/arm/4.7.3/bin/../lib/gcc/arm-none-eabi/4.7.3/../../../../arm-none-eabi/lib/armv7-m\libg.a(lib_a-s_fpclassify.o)
                0x000146a8                __fpclassifyd
 .text._sbrk_r  0x00014710       0x24 c:/programmi/cypress/psoc creator/3.0/psoc creator/import/gnu_cs/arm/4.7.3/bin/../lib/gcc/arm-none-eabi/4.7.3/../../../../arm-none-eabi/lib/armv7-m\libg.a(lib_a-sbrkr.o)
                0x00014710                _sbrk_r
 .text.__sread  0x00014734       0x24 c:/programmi/cypress/psoc creator/3.0/psoc creator/import/gnu_cs/arm/4.7.3/bin/../lib/gcc/arm-none-eabi/4.7.3/../../../../arm-none-eabi/lib/armv7-m\libg.a(lib_a-stdio.o)
                0x00014734                __sread
 .text.__swrite
                0x00014758       0x44 c:/programmi/cypress/psoc creator/3.0/psoc creator/import/gnu_cs/arm/4.7.3/bin/../lib/gcc/arm-none-eabi/4.7.3/../../../../arm-none-eabi/lib/armv7-m\libg.a(lib_a-stdio.o)
                0x00014758                __swrite
 .text.__sseek  0x0001479c       0x24 c:/programmi/cypress/psoc creator/3.0/psoc creator/import/gnu_cs/arm/4.7.3/bin/../lib/gcc/arm-none-eabi/4.7.3/../../../../arm-none-eabi/lib/armv7-m\libg.a(lib_a-stdio.o)
                0x0001479c                __sseek
 .text.__sclose
                0x000147c0        0x8 c:/programmi/cypress/psoc creator/3.0/psoc creator/import/gnu_cs/arm/4.7.3/bin/../lib/gcc/arm-none-eabi/4.7.3/../../../../arm-none-eabi/lib/armv7-m\libg.a(lib_a-stdio.o)
                0x000147c0                __sclose
 .text.strncmp  0x000147c8      0x120 c:/programmi/cypress/psoc creator/3.0/psoc creator/import/gnu_cs/arm/4.7.3/bin/../lib/gcc/arm-none-eabi/4.7.3/../../../../arm-none-eabi/lib/armv7-m\libg.a(lib_a-strncmp.o)
                0x000147c8                strncmp
 .text.__sprint_r
                0x000148e8       0xc0 c:/programmi/cypress/psoc creator/3.0/psoc creator/import/gnu_cs/arm/4.7.3/bin/../lib/gcc/arm-none-eabi/4.7.3/../../../../arm-none-eabi/lib/armv7-m\libg.a(lib_a-vfiprintf.o)
                0x000148e8                __sprint_r
 .text.__swbuf_r
                0x000149a8       0xbc c:/programmi/cypress/psoc creator/3.0/psoc creator/import/gnu_cs/arm/4.7.3/bin/../lib/gcc/arm-none-eabi/4.7.3/../../../../arm-none-eabi/lib/armv7-m\libg.a(lib_a-wbuf.o)
                0x000149a8                __swbuf_r
 .text._write_r
                0x00014a64       0x28 c:/programmi/cypress/psoc creator/3.0/psoc creator/import/gnu_cs/arm/4.7.3/bin/../lib/gcc/arm-none-eabi/4.7.3/../../../../arm-none-eabi/lib/armv7-m\libg.a(lib_a-writer.o)
                0x00014a64                _write_r
 .text._calloc_r
                0x00014a8c       0x60 c:/programmi/cypress/psoc creator/3.0/psoc creator/import/gnu_cs/arm/4.7.3/bin/../lib/gcc/arm-none-eabi/4.7.3/../../../../arm-none-eabi/lib/armv7-m\libg.a(lib_a-callocr.o)
                0x00014a8c                _calloc_r
 .text._close_r
                0x00014aec       0x24 c:/programmi/cypress/psoc creator/3.0/psoc creator/import/gnu_cs/arm/4.7.3/bin/../lib/gcc/arm-none-eabi/4.7.3/../../../../arm-none-eabi/lib/armv7-m\libg.a(lib_a-closer.o)
                0x00014aec                _close_r
 .text._fclose_r
                0x00014b10       0x94 c:/programmi/cypress/psoc creator/3.0/psoc creator/import/gnu_cs/arm/4.7.3/bin/../lib/gcc/arm-none-eabi/4.7.3/../../../../arm-none-eabi/lib/armv7-m\libg.a(lib_a-fclose.o)
                0x00014b10                _fclose_r
 .text.fclose   0x00014ba4       0x10 c:/programmi/cypress/psoc creator/3.0/psoc creator/import/gnu_cs/arm/4.7.3/bin/../lib/gcc/arm-none-eabi/4.7.3/../../../../arm-none-eabi/lib/armv7-m\libg.a(lib_a-fclose.o)
                0x00014ba4                fclose
 .text._fputwc_r
                0x00014bb4      0x1b0 c:/programmi/cypress/psoc creator/3.0/psoc creator/import/gnu_cs/arm/4.7.3/bin/../lib/gcc/arm-none-eabi/4.7.3/../../../../arm-none-eabi/lib/armv7-m\libg.a(lib_a-fputwc.o)
                0x00014bb4                _fputwc_r
 .text._fstat_r
                0x00014d64       0x28 c:/programmi/cypress/psoc creator/3.0/psoc creator/import/gnu_cs/arm/4.7.3/bin/../lib/gcc/arm-none-eabi/4.7.3/../../../../arm-none-eabi/lib/armv7-m\libg.a(lib_a-fstatr.o)
                0x00014d64                _fstat_r
 .text._isatty_r
                0x00014d8c       0x24 c:/programmi/cypress/psoc creator/3.0/psoc creator/import/gnu_cs/arm/4.7.3/bin/../lib/gcc/arm-none-eabi/4.7.3/../../../../arm-none-eabi/lib/armv7-m\libg.a(lib_a-isattyr.o)
                0x00014d8c                _isatty_r
 .text._lseek_r
                0x00014db0       0x28 c:/programmi/cypress/psoc creator/3.0/psoc creator/import/gnu_cs/arm/4.7.3/bin/../lib/gcc/arm-none-eabi/4.7.3/../../../../arm-none-eabi/lib/armv7-m\libg.a(lib_a-lseekr.o)
                0x00014db0                _lseek_r
 .text._read_r  0x00014dd8       0x28 c:/programmi/cypress/psoc creator/3.0/psoc creator/import/gnu_cs/arm/4.7.3/bin/../lib/gcc/arm-none-eabi/4.7.3/../../../../arm-none-eabi/lib/armv7-m\libg.a(lib_a-readr.o)
                0x00014dd8                _read_r
 .text._wcrtomb_r
                0x00014e00       0x50 c:/programmi/cypress/psoc creator/3.0/psoc creator/import/gnu_cs/arm/4.7.3/bin/../lib/gcc/arm-none-eabi/4.7.3/../../../../arm-none-eabi/lib/armv7-m\libg.a(lib_a-wcrtomb.o)
                0x00014e00                _wcrtomb_r
 .text.__ascii_wctomb
                0x00014e50       0x1c c:/programmi/cypress/psoc creator/3.0/psoc creator/import/gnu_cs/arm/4.7.3/bin/../lib/gcc/arm-none-eabi/4.7.3/../../../../arm-none-eabi/lib/armv7-m\libg.a(lib_a-wctomb_r.o)
                0x00014e50                __ascii_wctomb
 .text          0x00014e6c       0x50 c:/programmi/cypress/psoc creator/3.0/psoc creator/import/gnu_cs/arm/4.7.3/bin/../lib/gcc/arm-none-eabi/4.7.3/armv7-m\libgcc.a(_arm_fixdfsi.o)
                0x00014e6c                __aeabi_d2iz
                0x00014e6c                __fixdfsi
 .text          0x00014ebc       0x40 c:/programmi/cypress/psoc creator/3.0/psoc creator/import/gnu_cs/arm/4.7.3/bin/../lib/gcc/arm-none-eabi/4.7.3/armv7-m\libgcc.a(_arm_fixunsdfsi.o)
                0x00014ebc                __aeabi_d2uiz
                0x00014ebc                __fixunsdfsi
 .text          0x00014efc       0x2c c:/programmi/cypress/psoc creator/3.0/psoc creator/import/gnu_cs/arm/4.7.3/bin/../lib/gcc/arm-none-eabi/4.7.3/armv7-m\libgcc.a(_aeabi_uldivmod.o)
                0x00014efc                __aeabi_uldivmod
 .text          0x00014f28       0x60 c:/programmi/cypress/psoc creator/3.0/psoc creator/import/gnu_cs/arm/4.7.3/bin/../lib/gcc/arm-none-eabi/4.7.3/armv7-m\libgcc.a(bpabi.o)
                0x00014f28                __gnu_ldivmod_helper
                0x00014f58                __gnu_uldivmod_helper
 .text          0x00014f88        0x4 c:/programmi/cypress/psoc creator/3.0/psoc creator/import/gnu_cs/arm/4.7.3/bin/../lib/gcc/arm-none-eabi/4.7.3/armv7-m\libgcc.a(_dvmd_tls.o)
                0x00014f88                __aeabi_idiv0
                0x00014f88                __aeabi_ldiv0
 .text          0x00014f8c      0x2bc c:/programmi/cypress/psoc creator/3.0/psoc creator/import/gnu_cs/arm/4.7.3/bin/../lib/gcc/arm-none-eabi/4.7.3/armv7-m\libgcc.a(_divdi3.o)
                0x00014f8c                __divdi3
 .text          0x00015248      0x28c c:/programmi/cypress/psoc creator/3.0/psoc creator/import/gnu_cs/arm/4.7.3/bin/../lib/gcc/arm-none-eabi/4.7.3/armv7-m\libgcc.a(_udivdi3.o)
                0x00015248                __udivdi3
 .text._sbrk    0x000154d4       0x34 c:/programmi/cypress/psoc creator/3.0/psoc creator/import/gnu_cs/arm/4.7.3/bin/../lib/gcc/arm-none-eabi/4.7.3/../../../../arm-none-eabi/lib/armv7-m\libnosys.a(sbrk.o)
                0x000154d4                _sbrk
 *(.plt)
 *(.gnu.warning)
 *(.glue_7t)
 .glue_7t       0x00000000        0x0 linker stubs
 *(.glue_7)
 .glue_7        0x00000000        0x0 linker stubs
 *(.vfp11_veneer)
 .vfp11_veneer  0x00000000        0x0 linker stubs
 *(.bootloader)
 *(.ARM.extab* .gnu.linkonce.armextab.*)
 *(.gcc_except_table)

.v4_bx          0x00015508        0x0
 .v4_bx         0x00000000        0x0 linker stubs

.iplt           0x00015508        0x0
 .iplt          0x00000000        0x0 c:/programmi/cypress/psoc creator/3.0/psoc creator/import/gnu_cs/arm/4.7.3/bin/../lib/gcc/arm-none-eabi/4.7.3/armv7-m/crtbegin.o

.eh_frame_hdr
 *(.eh_frame_hdr)

.eh_frame       0x00015508        0x4
 *(.eh_frame)
 .eh_frame      0x00015508        0x0 c:/programmi/cypress/psoc creator/3.0/psoc creator/import/gnu_cs/arm/4.7.3/bin/../lib/gcc/arm-none-eabi/4.7.3/armv7-m/crtbegin.o
 .eh_frame      0x00015508        0x4 c:/programmi/cypress/psoc creator/3.0/psoc creator/import/gnu_cs/arm/4.7.3/bin/../lib/gcc/arm-none-eabi/4.7.3/armv7-m/crtend.o
                0x0001550c                PROVIDE (__exidx_start, .)

.ARM.exidx      0x0001550c        0x8
 *(.ARM.exidx* .gnu.linkonce.armexidx.*)
 .ARM.exidx     0x0001550c        0x8 c:/programmi/cypress/psoc creator/3.0/psoc creator/import/gnu_cs/arm/4.7.3/bin/../lib/gcc/arm-none-eabi/4.7.3/armv7-m\libgcc.a(_divdi3.o)
 .ARM.exidx     0x00015514        0x0 c:/programmi/cypress/psoc creator/3.0/psoc creator/import/gnu_cs/arm/4.7.3/bin/../lib/gcc/arm-none-eabi/4.7.3/armv7-m\libgcc.a(_udivdi3.o)
                                  0x8 (size before relaxing)
                0x00015514                __exidx_end = .

.rodata         0x00015518     0x42c8
 *(.rodata .rodata.* .gnu.linkonce.r.*)
 .rodata        0x00015518       0xe0 .\CortexM3\ARM_GCC_473\Debug\main.o
 .rodata        0x000155f8     0x210c .\CortexM3\ARM_GCC_473\Debug\console.o
 .rodata        0x00017704      0x358 .\CortexM3\ARM_GCC_473\Debug\gobeelib.o
 .rodata        0x00017a5c       0x50 .\CortexM3\ARM_GCC_473\Debug\GoBee-00_1.a(cyfitter_cfg_1.o)
 .rodata        0x00017aac        0x8 .\CortexM3\ARM_GCC_473\Debug\GoBee-00_1.a(isr_Ticks.o)
 .rodata        0x00017ab4     0x1a10 .\CortexM3\ARM_GCC_473\Debug\GoBee-00_1.a(WaveDAC8.o)
                0x00017ab4                WaveDAC8_wave1
                0x000187bc                WaveDAC8_wave2
 .rodata._ctype_
                0x000194c4      0x104 c:/programmi/cypress/psoc creator/3.0/psoc creator/import/gnu_cs/arm/4.7.3/bin/../lib/gcc/arm-none-eabi/4.7.3/../../../../arm-none-eabi/lib/armv7-m\libg.a(lib_a-ctype_.o)
                0x000194c4                _ctype_
 .rodata.str1.4
                0x000195c8        0x2 c:/programmi/cypress/psoc creator/3.0/psoc creator/import/gnu_cs/arm/4.7.3/bin/../lib/gcc/arm-none-eabi/4.7.3/../../../../arm-none-eabi/lib/armv7-m\libg.a(lib_a-impure.o)
                                  0x4 (size before relaxing)
 *fill*         0x000195ca        0x2 00
 .rodata._global_impure_ptr
                0x000195cc        0x4 c:/programmi/cypress/psoc creator/3.0/psoc creator/import/gnu_cs/arm/4.7.3/bin/../lib/gcc/arm-none-eabi/4.7.3/../../../../arm-none-eabi/lib/armv7-m\libg.a(lib_a-impure.o)
                0x000195cc                _global_impure_ptr
 .rodata.str1.4
                0x000195d0        0x2 c:/programmi/cypress/psoc creator/3.0/psoc creator/import/gnu_cs/arm/4.7.3/bin/../lib/gcc/arm-none-eabi/4.7.3/../../../../arm-none-eabi/lib/armv7-m\libg.a(lib_a-puts.o)
                                  0x4 (size before relaxing)
 *fill*         0x000195d2        0x2 00
 .rodata.str1.4
                0x000195d4        0xf c:/programmi/cypress/psoc creator/3.0/psoc creator/import/gnu_cs/arm/4.7.3/bin/../lib/gcc/arm-none-eabi/4.7.3/../../../../arm-none-eabi/lib/armv7-m\libg.a(lib_a-strtod.o)
                                 0x10 (size before relaxing)
 *fill*         0x000195e3        0x5 00
 .rodata.tinytens
                0x000195e8       0x28 c:/programmi/cypress/psoc creator/3.0/psoc creator/import/gnu_cs/arm/4.7.3/bin/../lib/gcc/arm-none-eabi/4.7.3/../../../../arm-none-eabi/lib/armv7-m\libg.a(lib_a-strtod.o)
 .rodata.blanks.6735
                0x00019610       0x10 c:/programmi/cypress/psoc creator/3.0/psoc creator/import/gnu_cs/arm/4.7.3/bin/../lib/gcc/arm-none-eabi/4.7.3/../../../../arm-none-eabi/lib/armv7-m\libg.a(lib_a-vfprintf.o)
 .rodata.str1.4
                0x00019620       0x42 c:/programmi/cypress/psoc creator/3.0/psoc creator/import/gnu_cs/arm/4.7.3/bin/../lib/gcc/arm-none-eabi/4.7.3/../../../../arm-none-eabi/lib/armv7-m\libg.a(lib_a-vfprintf.o)
                                 0x44 (size before relaxing)
 *fill*         0x00019662        0x2 00
 .rodata.zeroes.6736
                0x00019664       0x10 c:/programmi/cypress/psoc creator/3.0/psoc creator/import/gnu_cs/arm/4.7.3/bin/../lib/gcc/arm-none-eabi/4.7.3/../../../../arm-none-eabi/lib/armv7-m\libg.a(lib_a-vfprintf.o)
 .rodata.str1.4
                0x00019674       0x10 c:/programmi/cypress/psoc creator/3.0/psoc creator/import/gnu_cs/arm/4.7.3/bin/../lib/gcc/arm-none-eabi/4.7.3/../../../../arm-none-eabi/lib/armv7-m\libg.a(lib_a-dtoa.o)
                                 0x14 (size before relaxing)
 .rodata.str1.4
                0x00019684       0x1b c:/programmi/cypress/psoc creator/3.0/psoc creator/import/gnu_cs/arm/4.7.3/bin/../lib/gcc/arm-none-eabi/4.7.3/../../../../arm-none-eabi/lib/armv7-m\libg.a(lib_a-gdtoa-gethex.o)
                                 0x1c (size before relaxing)
 *fill*         0x0001969f        0x1 00
 .rodata.str1.4
                0x000196a0        0xc c:/programmi/cypress/psoc creator/3.0/psoc creator/import/gnu_cs/arm/4.7.3/bin/../lib/gcc/arm-none-eabi/4.7.3/../../../../arm-none-eabi/lib/armv7-m\libg.a(lib_a-locale.o)
                                 0x14 (size before relaxing)
 .rodata.p05.5242
                0x000196ac        0xc c:/programmi/cypress/psoc creator/3.0/psoc creator/import/gnu_cs/arm/4.7.3/bin/../lib/gcc/arm-none-eabi/4.7.3/../../../../arm-none-eabi/lib/armv7-m\libg.a(lib_a-mprec.o)
 .rodata.__mprec_tens
                0x000196b8       0xc8 c:/programmi/cypress/psoc creator/3.0/psoc creator/import/gnu_cs/arm/4.7.3/bin/../lib/gcc/arm-none-eabi/4.7.3/../../../../arm-none-eabi/lib/armv7-m\libg.a(lib_a-mprec.o)
                0x000196b8                __mprec_tens
 .rodata.__mprec_bigtens
                0x00019780       0x28 c:/programmi/cypress/psoc creator/3.0/psoc creator/import/gnu_cs/arm/4.7.3/bin/../lib/gcc/arm-none-eabi/4.7.3/../../../../arm-none-eabi/lib/armv7-m\libg.a(lib_a-mprec.o)
                0x00019780                __mprec_bigtens
                0x000197a8                . = ALIGN (0x4)
 *(.init)
 .init          0x000197a8        0x4 c:/programmi/cypress/psoc creator/3.0/psoc creator/import/gnu_cs/arm/4.7.3/bin/../lib/gcc/arm-none-eabi/4.7.3/armv7-m/crti.o
                0x000197a8                _init
 .init          0x000197ac        0x8 c:/programmi/cypress/psoc creator/3.0/psoc creator/import/gnu_cs/arm/4.7.3/bin/../lib/gcc/arm-none-eabi/4.7.3/armv7-m/crtn.o
                0x000197b4                . = ALIGN (0x4)
                0x000197b4                __preinit_array_start = .
 *(.preinit_array)
                0x000197b4                __preinit_array_end = .
                0x000197b4                . = ALIGN (0x4)
                0x000197b4                __init_array_start = .
 *(SORT(.init_array.*))
 .init_array.00000
                0x000197b4        0x4 c:/programmi/cypress/psoc creator/3.0/psoc creator/import/gnu_cs/arm/4.7.3/bin/../lib/gcc/arm-none-eabi/4.7.3/../../../../arm-none-eabi/lib/armv7-m\libg.a(lib_a-__call_atexit.o)
 *(.init_array)
 .init_array    0x000197b8        0x4 c:/programmi/cypress/psoc creator/3.0/psoc creator/import/gnu_cs/arm/4.7.3/bin/../lib/gcc/arm-none-eabi/4.7.3/armv7-m/crtbegin.o
 .init_array    0x000197bc        0x4 .\CortexM3\ARM_GCC_473\Debug\Cm3Start.o
                0x000197c0                __init_array_end = .
                0x000197c0                . = ALIGN (0x4)
 *(.fini)
 .fini          0x000197c0        0x4 c:/programmi/cypress/psoc creator/3.0/psoc creator/import/gnu_cs/arm/4.7.3/bin/../lib/gcc/arm-none-eabi/4.7.3/armv7-m/crti.o
                0x000197c0                _fini
 .fini          0x000197c4        0x8 c:/programmi/cypress/psoc creator/3.0/psoc creator/import/gnu_cs/arm/4.7.3/bin/../lib/gcc/arm-none-eabi/4.7.3/armv7-m/crtn.o
                0x000197cc                . = ALIGN (0x4)
                0x000197cc                __fini_array_start = .
 *(.fini_array)
 .fini_array    0x000197cc        0x4 c:/programmi/cypress/psoc creator/3.0/psoc creator/import/gnu_cs/arm/4.7.3/bin/../lib/gcc/arm-none-eabi/4.7.3/armv7-m/crtbegin.o
 *(SORT(.fini_array.*))
                0x000197d0                __fini_array_end = .
                0x000197d0                . = ALIGN (0x4)
 *crtbegin.o(.ctors)
 *(EXCLUDE_FILE(*crtend.o) .ctors)
 *(SORT(.ctors.*))
 *crtend.o(.ctors)
                0x000197d0                . = ALIGN (0x4)
 *crtbegin.o(.dtors)
 *(EXCLUDE_FILE(*crtend.o) .dtors)
 *(SORT(.dtors.*))
 *crtend.o(.dtors)
                0x000197d0                . = ALIGN (0x4)
                0x000197d0                __cy_regions = .
                0x000197d0        0x4 LONG 0x197e0 __cy_region_init_ram
                0x000197d4        0x4 LONG 0x1fff8108 __cy_region_start_data
                0x000197d8        0x4 LONG 0x900 __cy_region_init_size_ram
                0x000197dc        0x4 LONG 0x430 __cy_region_zero_size_ram
                0x000197e0                __cy_regions_end = .
                0x000197e0                . = ALIGN (0x8)
                0x000197e0                _etext = .

.ramvectors     0x1fff8000      0x100
                0x1fff8000                __cy_region_start_ram = .
 *(.ramvectors)
 .ramvectors    0x1fff8000      0x100 .\CortexM3\ARM_GCC_473\Debug\Cm3Start.o
                0x1fff8000                CyRamVectors

.noinit         0x1fff8100        0x5
 *(.noinit)
 .noinit        0x1fff8100        0x4 .\CortexM3\ARM_GCC_473\Debug\Cm3Start.o
 .noinit        0x1fff8104        0x1 .\CortexM3\ARM_GCC_473\Debug\GoBee-00_1.a(CyLib.o)
                0x1fff8104                CyResetStatus

.data           0x1fff8108      0x900 load address 0x000197e0
                0x1fff8108                __cy_region_start_data = .
 *(.jcr)
 .jcr           0x1fff8108        0x0 c:/programmi/cypress/psoc creator/3.0/psoc creator/import/gnu_cs/arm/4.7.3/bin/../lib/gcc/arm-none-eabi/4.7.3/armv7-m/crtbegin.o
 .jcr           0x1fff8108        0x4 c:/programmi/cypress/psoc creator/3.0/psoc creator/import/gnu_cs/arm/4.7.3/bin/../lib/gcc/arm-none-eabi/4.7.3/armv7-m/crtend.o
 *(.got.plt)
 *(.got)
 *(.shdata)
 *(.data .data.* .gnu.linkonce.d.*)
 .data          0x1fff810c       0x10 .\CortexM3\ARM_GCC_473\Debug\main.o
                0x1fff810c                iteration
                0x1fff8110                agyro_messg
                0x1fff8114                dg_iteration
                0x1fff8118                dgyro_messg
 .data          0x1fff811c        0x1 .\CortexM3\ARM_GCC_473\Debug\GoBee-00_1.a(cyfitter_cfg_1.o)
                0x1fff811c                AMuxSeq_curChannel
 .data          0x1fff811d        0x1 .\CortexM3\ARM_GCC_473\Debug\GoBee-00_1.a(ADC.o)
                0x1fff811d                ADC_Config
 *fill*         0x1fff811e        0x2 00
 .data          0x1fff8120        0x8 .\CortexM3\ARM_GCC_473\Debug\GoBee-00_1.a(CyDmac.o)
 .data          0x1fff8128       0x10 .\CortexM3\ARM_GCC_473\Debug\GoBee-00_1.a(CyLib.o)
                0x1fff8128                cydelay_freq_hz
                0x1fff812c                cydelay_freq_khz
                0x1fff8130                cydelay_freq_mhz
                0x1fff8134                cydelay_32k_ms
 .data          0x1fff8138        0x1 .\CortexM3\ARM_GCC_473\Debug\GoBee-00_1.a(WaveDAC8_Wave1_DMA_dma.o)
                0x1fff8138                WaveDAC8_Wave1_DMA_DmaHandle
 .data          0x1fff8139        0x1 .\CortexM3\ARM_GCC_473\Debug\GoBee-00_1.a(WaveDAC8_Wave2_DMA_dma.o)
                0x1fff8139                WaveDAC8_Wave2_DMA_DmaHandle
 *fill*         0x1fff813a        0x2 00
 .data.__ctype_ptr__
                0x1fff813c        0x4 c:/programmi/cypress/psoc creator/3.0/psoc creator/import/gnu_cs/arm/4.7.3/bin/../lib/gcc/arm-none-eabi/4.7.3/../../../../arm-none-eabi/lib/armv7-m\libg.a(lib_a-ctype_.o)
                0x1fff813c                __ctype_ptr__
 .data.impure_data
                0x1fff8140      0x428 c:/programmi/cypress/psoc creator/3.0/psoc creator/import/gnu_cs/arm/4.7.3/bin/../lib/gcc/arm-none-eabi/4.7.3/../../../../arm-none-eabi/lib/armv7-m\libg.a(lib_a-impure.o)
 .data._impure_ptr
                0x1fff8568        0x4 c:/programmi/cypress/psoc creator/3.0/psoc creator/import/gnu_cs/arm/4.7.3/bin/../lib/gcc/arm-none-eabi/4.7.3/../../../../arm-none-eabi/lib/armv7-m\libg.a(lib_a-impure.o)
                0x1fff8568                _impure_ptr
 .data.fpi.5202
                0x1fff856c       0x14 c:/programmi/cypress/psoc creator/3.0/psoc creator/import/gnu_cs/arm/4.7.3/bin/../lib/gcc/arm-none-eabi/4.7.3/../../../../arm-none-eabi/lib/armv7-m\libg.a(lib_a-strtod.o)
 .data.fpinan.5238
                0x1fff8580       0x14 c:/programmi/cypress/psoc creator/3.0/psoc creator/import/gnu_cs/arm/4.7.3/bin/../lib/gcc/arm-none-eabi/4.7.3/../../../../arm-none-eabi/lib/armv7-m\libg.a(lib_a-strtod.o)
 .data.lconv    0x1fff8594       0x38 c:/programmi/cypress/psoc creator/3.0/psoc creator/import/gnu_cs/arm/4.7.3/bin/../lib/gcc/arm-none-eabi/4.7.3/../../../../arm-none-eabi/lib/armv7-m\libg.a(lib_a-locale.o)
 .data.lc_ctype_charset
                0x1fff85cc       0x20 c:/programmi/cypress/psoc creator/3.0/psoc creator/import/gnu_cs/arm/4.7.3/bin/../lib/gcc/arm-none-eabi/4.7.3/../../../../arm-none-eabi/lib/armv7-m\libg.a(lib_a-locale.o)
 .data.__mb_cur_max
                0x1fff85ec        0x4 c:/programmi/cypress/psoc creator/3.0/psoc creator/import/gnu_cs/arm/4.7.3/bin/../lib/gcc/arm-none-eabi/4.7.3/../../../../arm-none-eabi/lib/armv7-m\libg.a(lib_a-locale.o)
                0x1fff85ec                __mb_cur_max
 .data.__malloc_av_
                0x1fff85f0      0x408 c:/programmi/cypress/psoc creator/3.0/psoc creator/import/gnu_cs/arm/4.7.3/bin/../lib/gcc/arm-none-eabi/4.7.3/../../../../arm-none-eabi/lib/armv7-m\libg.a(lib_a-mallocr.o)
                0x1fff85f0                __malloc_av_
 .data.__malloc_trim_threshold
                0x1fff89f8        0x4 c:/programmi/cypress/psoc creator/3.0/psoc creator/import/gnu_cs/arm/4.7.3/bin/../lib/gcc/arm-none-eabi/4.7.3/../../../../arm-none-eabi/lib/armv7-m\libg.a(lib_a-mallocr.o)
                0x1fff89f8                __malloc_trim_threshold
 .data.__malloc_sbrk_base
                0x1fff89fc        0x4 c:/programmi/cypress/psoc creator/3.0/psoc creator/import/gnu_cs/arm/4.7.3/bin/../lib/gcc/arm-none-eabi/4.7.3/../../../../arm-none-eabi/lib/armv7-m\libg.a(lib_a-mallocr.o)
                0x1fff89fc                __malloc_sbrk_base
 .data.__wctomb
                0x1fff8a00        0x4 c:/programmi/cypress/psoc creator/3.0/psoc creator/import/gnu_cs/arm/4.7.3/bin/../lib/gcc/arm-none-eabi/4.7.3/../../../../arm-none-eabi/lib/armv7-m\libg.a(lib_a-wctomb_r.o)
                0x1fff8a00                __wctomb
                0x1fff8a08                . = ALIGN (0x8)
 *fill*         0x1fff8a04        0x4 00
 *(.ram)
                0x1fff8a08                _edata = .

.igot.plt       0x1fff8a08        0x0 load address 0x0001a0e0
 .igot.plt      0x00000000        0x0 c:/programmi/cypress/psoc creator/3.0/psoc creator/import/gnu_cs/arm/4.7.3/bin/../lib/gcc/arm-none-eabi/4.7.3/armv7-m/crtbegin.o

.bss            0x1fff8a08      0x430 load address 0x0001a0e0
                0x1fff8a08                PROVIDE (__bss_start__, .)
 *(.shbss)
 *(.bss .bss.* .gnu.linkonce.b.*)
 .bss           0x1fff8a08       0x1c c:/programmi/cypress/psoc creator/3.0/psoc creator/import/gnu_cs/arm/4.7.3/bin/../lib/gcc/arm-none-eabi/4.7.3/armv7-m/crtbegin.o
 .bss           0x1fff8a24       0x34 .\CortexM3\ARM_GCC_473\Debug\main.o
                0x1fff8a24                machine_state
                0x1fff8a25                ledmask
                0x1fff8a26                signalmask
                0x1fff8a28                angle_estim_acc_lowpass
                0x1fff8a2c                int_gyro
                0x1fff8a30                agyro_mean
                0x1fff8a34                agyro_mean_previous
                0x1fff8a38                dgyro_mean
                0x1fff8a3c                dgyro_mean_previous
                0x1fff8a40                control_var
                0x1fff8a42                steer_var
                0x1fff8a44                VSenseMAX
                0x1fff8a46                DriveVelocity
                0x1fff8a48                anapos
                0x1fff8a4c                anapos_offset
                0x1fff8a50                isr_START_check_counter
                0x1fff8a52                isr_STOP_check_counter
                0x1fff8a54                gobeeFaults
 .bss           0x1fff8a58       0x38 .\CortexM3\ARM_GCC_473\Debug\console.o
                0x1fff8a58                userInputBuffer
                0x1fff8a80                slegenda
 .bss           0x1fff8a90        0x4 .\CortexM3\ARM_GCC_473\Debug\sensor_CTRL.o
                0x1fff8a90                idx
                0x1fff8a91                dummy
                0x1fff8a92                idxMAX
                0x1fff8a93                QuadDecEvent
 .bss           0x1fff8a94       0x3c .\CortexM3\ARM_GCC_473\Debug\pid_lib.o
 .bss           0x1fff8ad0       0x1c .\CortexM3\ARM_GCC_473\Debug\estimators.o
                0x1fff8ad0                index_buf
 .bss           0x1fff8aec        0x8 .\CortexM3\ARM_GCC_473\Debug\GoBee-00_1.a(ADC.o)
                0x1fff8aec                ADC_convDone
                0x1fff8aed                ADC_stopConversion
                0x1fff8aee                ADC_initVar
                0x1fff8aef                ADC_started
 .bss           0x1fff8af4        0x4 .\CortexM3\ARM_GCC_473\Debug\GoBee-00_1.a(ADC_INT.o)
                0x1fff8af4                iIndex
                0x1fff8af6                Conversion
 .bss           0x1fff8af8        0x2 .\CortexM3\ARM_GCC_473\Debug\GoBee-00_1.a(UART_USB.o)
                0x1fff8af8                UART_USB_initVar
 .bss           0x1fff8afa        0x1 .\CortexM3\ARM_GCC_473\Debug\GoBee-00_1.a(AMuxSeq.o)
                0x1fff8afa                AMuxSeq_initVar
 .bss           0x1fff8afb        0x1 .\CortexM3\ARM_GCC_473\Debug\GoBee-00_1.a(Counter_LED.o)
                0x1fff8afb                Counter_LED_initVar
 .bss           0x1fff8afc        0x8 .\CortexM3\ARM_GCC_473\Debug\GoBee-00_1.a(CySpc.o)
                0x1fff8afc                SpcLockState
 .bss           0x1fff8b04        0x1 .\CortexM3\ARM_GCC_473\Debug\GoBee-00_1.a(QuadDec_PAN.o)
                0x1fff8b04                QuadDec_PAN_initVar
 *fill*         0x1fff8b05        0x3 00
 .bss           0x1fff8b08        0x4 .\CortexM3\ARM_GCC_473\Debug\GoBee-00_1.a(QuadDec_PAN_INT.o)
                0x1fff8b08                QuadDec_PAN_count32SoftPart
 .bss           0x1fff8b0c        0x1 .\CortexM3\ARM_GCC_473\Debug\GoBee-00_1.a(QuadDec_PAN_Cnt16.o)
                0x1fff8b0c                QuadDec_PAN_Cnt16_initVar
 .bss           0x1fff8b0d        0x1 .\CortexM3\ARM_GCC_473\Debug\GoBee-00_1.a(isr_Ticks.o)
                0x1fff8b0d                local_dummy
 .bss           0x1fff8b0e        0x1 .\CortexM3\ARM_GCC_473\Debug\GoBee-00_1.a(PWM_MOTOR_PAN.o)
                0x1fff8b0e                PWM_MOTOR_PAN_initVar
 .bss           0x1fff8b0f        0x5 .\CortexM3\ARM_GCC_473\Debug\GoBee-00_1.a(WaveDAC8.o)
                0x1fff8b0f                WaveDAC8_initVar
 .bss.__malloc_max_total_mem
                0x1fff8b14        0x4 c:/programmi/cypress/psoc creator/3.0/psoc creator/import/gnu_cs/arm/4.7.3/bin/../lib/gcc/arm-none-eabi/4.7.3/../../../../arm-none-eabi/lib/armv7-m\libg.a(lib_a-mallocr.o)
                0x1fff8b14                __malloc_max_total_mem
 .bss.__malloc_max_sbrked_mem
                0x1fff8b18        0x4 c:/programmi/cypress/psoc creator/3.0/psoc creator/import/gnu_cs/arm/4.7.3/bin/../lib/gcc/arm-none-eabi/4.7.3/../../../../arm-none-eabi/lib/armv7-m\libg.a(lib_a-mallocr.o)
                0x1fff8b18                __malloc_max_sbrked_mem
 .bss.__malloc_top_pad
                0x1fff8b1c        0x4 c:/programmi/cypress/psoc creator/3.0/psoc creator/import/gnu_cs/arm/4.7.3/bin/../lib/gcc/arm-none-eabi/4.7.3/../../../../arm-none-eabi/lib/armv7-m\libg.a(lib_a-mallocr.o)
                0x1fff8b1c                __malloc_top_pad
 .bss.__malloc_current_mallinfo
                0x1fff8b20       0x28 c:/programmi/cypress/psoc creator/3.0/psoc creator/import/gnu_cs/arm/4.7.3/bin/../lib/gcc/arm-none-eabi/4.7.3/../../../../arm-none-eabi/lib/armv7-m\libg.a(lib_a-mallocr.o)
                0x1fff8b20                __malloc_current_mallinfo
 .bss.heap_end.4231
                0x1fff8b48        0x4 c:/programmi/cypress/psoc creator/3.0/psoc creator/import/gnu_cs/arm/4.7.3/bin/../lib/gcc/arm-none-eabi/4.7.3/../../../../arm-none-eabi/lib/armv7-m\libnosys.a(sbrk.o)
 *(COMMON)
 COMMON         0x1fff8b4c      0x1ac .\CortexM3\ARM_GCC_473\Debug\main.o
                0x1fff8b4c                gyro_lowpass
                0x1fff8b50                EEreadBuffer
                0x1fff8b62                GyroNullPauseTicks
                0x1fff8b64                x_acc_ADC
                0x1fff8b66                y_acc_ADC
                0x1fff8b68                pan_axis
                0x1fff8bb8                gyro_scale
                0x1fff8bbc                angle_estim_analog_gyro
                0x1fff8bc0                y_acc_scale
                0x1fff8bc4                EEwriteBuffer
                0x1fff8bd8                x_acc_scale
                0x1fff8bdc                pan_feedback_encoder
                0x1fff8bf0                x_acc
                0x1fff8bf4                gyro
                0x1fff8bf8                y_acc_ADC_offset
                0x1fff8bfc                das
                0x1fff8c2c                gyro_ADC
                0x1fff8c30                angle_estim_acc
                0x1fff8c34                x_acc_ADC_offset
                0x1fff8c36                VSenseSUM
                0x1fff8c38                angle_var
                0x1fff8c3c                angle
                0x1fff8c40                dgyro_rate_float
                0x1fff8c44                angle_estim_acc_last_good
                0x1fff8c48                angle_estim
                0x1fff8c4c                machine_state_backup
                0x1fff8c50                angle_lowpass
                0x1fff8c54                agyro
                0x1fff8c70                gyro_ADC_offset
                0x1fff8c74                system_dynamic_scalar
                0x1fff8c78                y_acc
                0x1fff8c7c                gobee_param
                0x1fff8cac                dgyro_spi32
                0x1fff8cb0                angle_digi