Archive member included because of file (symbol)

.\CortexM3\ARM_GCC_473\Debug\GoBee-00.a(cyfitter_cfg.o)
                              .\CortexM3\ARM_GCC_473\Debug\main.o (AMuxSeq_Next)
.\CortexM3\ARM_GCC_473\Debug\GoBee-00.a(ADC.o)
                              .\CortexM3\ARM_GCC_473\Debug\main.o (ADC_Start)
.\CortexM3\ARM_GCC_473\Debug\GoBee-00.a(ADC_INT.o)
                              .\CortexM3\ARM_GCC_473\Debug\GoBee-00.a(ADC.o) (ADC_ISR1)
.\CortexM3\ARM_GCC_473\Debug\GoBee-00.a(UART_USB.o)
                              .\CortexM3\ARM_GCC_473\Debug\main.o (UART_USB_Start)
.\CortexM3\ARM_GCC_473\Debug\GoBee-00.a(Control_Reg_LED.o)
                              .\CortexM3\ARM_GCC_473\Debug\main.o (Control_Reg_LED_Write)
.\CortexM3\ARM_GCC_473\Debug\GoBee-00.a(EEPROM.o)
                              .\CortexM3\ARM_GCC_473\Debug\main.o (EEPROM_Enable)
.\CortexM3\ARM_GCC_473\Debug\GoBee-00.a(AMuxSeq.o)
                              .\CortexM3\ARM_GCC_473\Debug\main.o (AMuxSeq_Start)
.\CortexM3\ARM_GCC_473\Debug\GoBee-00.a(isr_CTRL.o)
                              .\CortexM3\ARM_GCC_473\Debug\main.o (isr_CTRL_Start)
.\CortexM3\ARM_GCC_473\Debug\GoBee-00.a(Status_Reg_BUTTON.o)
                              .\CortexM3\ARM_GCC_473\Debug\console.o (Status_Reg_BUTTON_Read)
.\CortexM3\ARM_GCC_473\Debug\GoBee-00.a(Counter_LED.o)
                              .\CortexM3\ARM_GCC_473\Debug\console.o (Counter_LED_WritePeriod)
.\CortexM3\ARM_GCC_473\Debug\GoBee-00.a(isr_DGYRO.o)
                              .\CortexM3\ARM_GCC_473\Debug\main.o (isr_DGYRO_Start)
.\CortexM3\ARM_GCC_473\Debug\GoBee-00.a(Clock_DGYRO.o)
                              .\CortexM3\ARM_GCC_473\Debug\main.o (Clock_DGYRO_Start)
.\CortexM3\ARM_GCC_473\Debug\GoBee-00.a(ADC_theACLK.o)
                              .\CortexM3\ARM_GCC_473\Debug\GoBee-00.a(ADC.o) (ADC_theACLK_SetDividerRegister)
.\CortexM3\ARM_GCC_473\Debug\GoBee-00.a(ADC_Ext_CP_Clk.o)
                              .\CortexM3\ARM_GCC_473\Debug\GoBee-00.a(ADC.o) (ADC_Ext_CP_Clk_SetDividerRegister)
.\CortexM3\ARM_GCC_473\Debug\GoBee-00.a(UART_USB_IntClock.o)
                              .\CortexM3\ARM_GCC_473\Debug\GoBee-00.a(UART_USB.o) (UART_USB_IntClock_Start)
.\CortexM3\ARM_GCC_473\Debug\GoBee-00.a(CyBootAsmGnu.o)
                              .\CortexM3\ARM_GCC_473\Debug\GoBee-00.a(cyfitter_cfg.o) (CyDelayCycles)
.\CortexM3\ARM_GCC_473\Debug\GoBee-00.a(CyDmac.o)
                              .\CortexM3\ARM_GCC_473\Debug\Cm3Start.o (CyDmacConfigure)
.\CortexM3\ARM_GCC_473\Debug\GoBee-00.a(CyFlash.o)
                              .\CortexM3\ARM_GCC_473\Debug\GoBee-00.a(EEPROM.o) (dieTemperature)
.\CortexM3\ARM_GCC_473\Debug\GoBee-00.a(CyLib.o)
                              .\CortexM3\ARM_GCC_473\Debug\Cm3Start.o (CyResetStatus)
.\CortexM3\ARM_GCC_473\Debug\GoBee-00.a(cyPm.o)
                              .\CortexM3\ARM_GCC_473\Debug\GoBee-00.a(CyLib.o) (CyPmReadStatus)
.\CortexM3\ARM_GCC_473\Debug\GoBee-00.a(CySpc.o)
                              .\CortexM3\ARM_GCC_473\Debug\GoBee-00.a(EEPROM.o) (CySpcStart)
.\CortexM3\ARM_GCC_473\Debug\GoBee-00.a(Control_Reg_BUZ.o)
                              .\CortexM3\ARM_GCC_473\Debug\console.o (Control_Reg_BUZ_Write)
.\CortexM3\ARM_GCC_473\Debug\GoBee-00.a(Control_Reg_MOTOR.o)
                              .\CortexM3\ARM_GCC_473\Debug\motor_CTRL.o (Control_Reg_MOTOR_Write)
.\CortexM3\ARM_GCC_473\Debug\GoBee-00.a(Status_Reg_MOTOR.o)
                              .\CortexM3\ARM_GCC_473\Debug\console.o (Status_Reg_MOTOR_Read)
.\CortexM3\ARM_GCC_473\Debug\GoBee-00.a(QuadDec_PAN.o)
                              .\CortexM3\ARM_GCC_473\Debug\main.o (QuadDec_PAN_Start)
.\CortexM3\ARM_GCC_473\Debug\GoBee-00.a(QuadDec_PAN_INT.o)
                              .\CortexM3\ARM_GCC_473\Debug\GoBee-00.a(QuadDec_PAN.o) (QuadDec_PAN_count32SoftPart)
.\CortexM3\ARM_GCC_473\Debug\GoBee-00.a(QuadDec_PAN_Cnt16.o)
                              .\CortexM3\ARM_GCC_473\Debug\GoBee-00.a(QuadDec_PAN.o) (QuadDec_PAN_Cnt16_WriteCounter)
.\CortexM3\ARM_GCC_473\Debug\GoBee-00.a(ADC_IRQ.o)
                              .\CortexM3\ARM_GCC_473\Debug\main.o (ADC_IRQ_Enable)
.\CortexM3\ARM_GCC_473\Debug\GoBee-00.a(isr_Ticks.o)
                              .\CortexM3\ARM_GCC_473\Debug\console.o (isr_Ticks_Start)
.\CortexM3\ARM_GCC_473\Debug\GoBee-00.a(PWM_MOTOR_PAN.o)
                              .\CortexM3\ARM_GCC_473\Debug\main.o (PWM_MOTOR_PAN_Start)
.\CortexM3\ARM_GCC_473\Debug\GoBee-00.a(isr_BUTTON.o)
                              .\CortexM3\ARM_GCC_473\Debug\main.o (isr_BUTTON_Start)
.\CortexM3\ARM_GCC_473\Debug\GoBee-00.a(WaveDAC8.o)
                              .\CortexM3\ARM_GCC_473\Debug\console.o (WaveDAC8_Wave1Setup)
.\CortexM3\ARM_GCC_473\Debug\GoBee-00.a(WaveDAC8_DacClk.o)
                              .\CortexM3\ARM_GCC_473\Debug\GoBee-00.a(WaveDAC8.o) (WaveDAC8_DacClk_Start)
.\CortexM3\ARM_GCC_473\Debug\GoBee-00.a(WaveDAC8_Wave1_DMA_dma.o)
[...]
Memory Configuration

Name             Origin             Length             Attributes
rom              0x00000000         0x00040000         xr
ram              0x1fff8000         0x00010000         xrw
*default*        0x00000000         0xffffffff

Linker script and memory map

LOAD c:/program files (x86)/cypress/psoc creator/3.0/psoc creator/import/gnu_cs/arm/4.7.3/bin/../lib/gcc/arm-none-eabi/4.7.3/armv7-m/crti.o
LOAD c:/program files (x86)/cypress/psoc creator/3.0/psoc creator/import/gnu_cs/arm/4.7.3/bin/../lib/gcc/arm-none-eabi/4.7.3/armv7-m/crtbegin.o
LOAD c:/program files (x86)/cypress/psoc creator/3.0/psoc creator/import/gnu_cs/arm/4.7.3/bin/../lib/gcc/arm-none-eabi/4.7.3/../../../../arm-none-eabi/lib/armv7-m/crt0.o
START GROUP
LOAD .\CortexM3\ARM_GCC_473\Debug\main.o
LOAD .\CortexM3\ARM_GCC_473\Debug\console.o
LOAD .\CortexM3\ARM_GCC_473\Debug\gobeelib.o
LOAD .\CortexM3\ARM_GCC_473\Debug\motor_CTRL.o
LOAD .\CortexM3\ARM_GCC_473\Debug\sensor_CTRL.o
LOAD .\CortexM3\ARM_GCC_473\Debug\pid_lib.o
LOAD .\CortexM3\ARM_GCC_473\Debug\estimators.o
LOAD .\CortexM3\ARM_GCC_473\Debug\das.o
LOAD .\CortexM3\ARM_GCC_473\Debug\ITG-3701.o
LOAD .\CortexM3\ARM_GCC_473\Debug\My_I2C_lib.o
LOAD .\CortexM3\ARM_GCC_473\Debug\mover.o
LOAD .\CortexM3\ARM_GCC_473\Debug\Cm3Start.o
LOAD .\CortexM3\ARM_GCC_473\Debug\cymetadata.o
LOAD .\CortexM3\ARM_GCC_473\Debug\GoBee-00.a
LOAD C:\Program Files (x86)\Cypress\PSoC Creator\3.0\PSoC Creator\psoc\content\cycomponentlibrary\CyComponentLibrary.cylib\CortexM3\ARM_GCC_473\Debug\CyComponentLibrary.a
LOAD c:/program files (x86)/cypress/psoc creator/3.0/psoc creator/import/gnu_cs/arm/4.7.3/bin/../lib/gcc/arm-none-eabi/4.7.3/../../../../arm-none-eabi/lib/armv7-m\libm.a
END GROUP
START GROUP
LOAD c:/program files (x86)/cypress/psoc creator/3.0/psoc creator/import/gnu_cs/arm/4.7.3/bin/../lib/gcc/arm-none-eabi/4.7.3/armv7-m\libgcc.a
LOAD c:/program files (x86)/cypress/psoc creator/3.0/psoc creator/import/gnu_cs/arm/4.7.3/bin/../lib/gcc/arm-none-eabi/4.7.3/../../../../arm-none-eabi/lib/armv7-m\libg.a
LOAD c:/program files (x86)/cypress/psoc creator/3.0/psoc creator/import/gnu_cs/arm/4.7.3/bin/../lib/gcc/arm-none-eabi/4.7.3/../../../../arm-none-eabi/lib/armv7-m\libc.a
END GROUP
LOAD c:/program files (x86)/cypress/psoc creator/3.0/psoc creator/import/gnu_cs/arm/4.7.3/bin/../lib/gcc/arm-none-eabi/4.7.3/armv7-m/crtend.o
LOAD c:/program files (x86)/cypress/psoc creator/3.0/psoc creator/import/gnu_cs/arm/4.7.3/bin/../lib/gcc/arm-none-eabi/4.7.3/armv7-m/crtn.o
START GROUP
LOAD c:/program files (x86)/cypress/psoc creator/3.0/psoc creator/import/gnu_cs/arm/4.7.3/bin/../lib/gcc/arm-none-eabi/4.7.3/armv7-m\libgcc.a
LOAD c:/program files (x86)/cypress/psoc creator/3.0/psoc creator/import/gnu_cs/arm/4.7.3/bin/../lib/gcc/arm-none-eabi/4.7.3/../../../../arm-none-eabi/lib/armv7-m\libc.a
LOAD c:/program files (x86)/cypress/psoc creator/3.0/psoc creator/import/gnu_cs/arm/4.7.3/bin/../lib/gcc/arm-none-eabi/4.7.3/../../../../arm-none-eabi/lib/armv7-m\libnosys.a
END GROUP
                0x00000000                CY_APPL_ORIGIN = 0x0
                0x00000100                CY_FLASH_ROW_SIZE = 0x100
                0x00000020                CY_ECC_ROW_SIZE = 0x20
                0x00000000                CY_EE_IN_BTLDR = 0x0
                0x00000000                CY_APPL_LOADABLE = 0x0
                0x00000800                CY_EE_SIZE = 0x800
                0x00000001                CY_APPL_NUM = 0x1
                0x00000001                CY_APPL_MAX = 0x1
                0x00000040                CY_METADATA_SIZE = 0x40
                0x1ffffa98                PROVIDE (__cy_heap_start, _end)
                0x00000001                PROVIDE (__cy_region_num, ((__cy_regions_end - __cy_regions) / 0x10))
                0x20008000                PROVIDE (__cy_stack, (ORIGIN (ram) + 0x10000))
                0x20004000                PROVIDE (__cy_heap_end, (__cy_stack - 0x4000))

.cybootloader   0x00000000        0x0
 *(.cybootloader)
                0x00000000                appl1_start = CY_APPL_ORIGIN?CY_APPL_ORIGIN:ALIGN (CY_FLASH_ROW_SIZE)
                0x0001ff00                appl2_start = (appl1_start + ALIGN ((((0x40000 - appl1_start) - (0x2 * CY_FLASH_ROW_SIZE)) / 0x2), CY_FLASH_ROW_SIZE))
                0x00000000                appl_start = (CY_APPL_NUM == 0x1)?appl1_start:appl2_start
                0x00000000                ecc_offset = ((appl_start / CY_FLASH_ROW_SIZE) * CY_ECC_ROW_SIZE)
                0x00000000                ee_offset = (CY_APPL_LOADABLE && ! (CY_EE_IN_BTLDR))?((CY_EE_SIZE / CY_APPL_MAX) * (CY_APPL_NUM - 0x1)):0x0
                0x00000800                ee_size = (CY_APPL_LOADABLE && ! (CY_EE_IN_BTLDR))?(CY_EE_SIZE / CY_APPL_MAX):CY_EE_SIZE
                0x00000000                PROVIDE (CY_ECC_OFFSET, ecc_offset)

.text           0x00000000    0x17928
 CREATE_OBJECT_SYMBOLS
                0x00000000                PROVIDE (__cy_interrupt_vector, RomVectors)
 *(.romvectors)
 .romvectors    0x00000000       0x10 .\CortexM3\ARM_GCC_473\Debug\Cm3Start.o
                0x00000000                RomVectors
                0x00000001                ASSERT ((. != __cy_interrupt_vector), No interrupt vector)
                0x00000001                ASSERT (CY_APPL_ORIGIN?(SIZEOF (.cybootloader) <= CY_APPL_ORIGIN):0x1, Wrong image location)
                0x00000010                PROVIDE (__cy_reset, Reset)
 *(.text.Reset)
 .text.Reset    0x00000010       0x1c .\CortexM3\ARM_GCC_473\Debug\Cm3Start.o
                0x00000010                Reset
                0x00000001                ASSERT ((. != __cy_reset), No reset code)
 *(.dma_init)
                0x00000001                ASSERT ((((appl_start + .) <= 0x10000) || 0x1), DMA Init must be within the first 64k of flash)
 *(.text .text.* .gnu.linkonce.t.*)
 .text          0x0000002c       0x54 c:/program files (x86)/cypress/psoc creator/3.0/psoc creator/import/gnu_cs/arm/4.7.3/bin/../lib/gcc/arm-none-eabi/4.7.3/armv7-m/crtbegin.o
 .text.main     0x00000080      0x27c .\CortexM3\ARM_GCC_473\Debug\main.o
                0x00000080                main
 .text.ShowParamsDirector
                0x000002fc      0x174 .\CortexM3\ARM_GCC_473\Debug\console.o
                0x000002fc                ShowParamsDirector
 .text.ShowParamsGainAnaoutPan
                0x00000470       0xa0 .\CortexM3\ARM_GCC_473\Debug\console.o
                0x00000470                ShowParamsGainAnaoutPan
 .text.ShowParamsKiPan
                0x00000510       0x68 .\CortexM3\ARM_GCC_473\Debug\console.o
                0x00000510                ShowParamsKiPan
 .text.ShowParamsColorPan
                0x00000578      0x158 .\CortexM3\ARM_GCC_473\Debug\console.o
                0x00000578                ShowParamsColorPan
 .text.ReadUSBbuffer
                0x000006d0       0xfc .\CortexM3\ARM_GCC_473\Debug\console.o
                0x000006d0                ReadUSBbuffer
 .text.scanner2
                0x000007cc      0x304 .\CortexM3\ARM_GCC_473\Debug\console.o
                0x000007cc                scanner2
 .text.parser   0x00000ad0     0x43b8 .\CortexM3\ARM_GCC_473\Debug\console.o
                0x00000ad0                parser
 .text.AnyButtonPressed
                0x00004e88       0x1c .\CortexM3\ARM_GCC_473\Debug\console.o
                0x00004e88                AnyButtonPressed
 .text.ButtonYNChoice
                0x00004ea4       0x68 .\CortexM3\ARM_GCC_473\Debug\console.o
                0x00004ea4                ButtonYNChoice
 .text.clear_string
                0x00004f0c       0x3c .\CortexM3\ARM_GCC_473\Debug\console.o
                0x00004f0c                clear_string
 .text.USB_Check
                0x00004f48       0x10 .\CortexM3\ARM_GCC_473\Debug\console.o
                0x00004f48                USB_Check
 .text.CFtau    0x00004f58       0x5c .\CortexM3\ARM_GCC_473\Debug\gobeelib.o
                0x00004f58                CFtau
 .text.LPFtau   0x00004fb4       0x50 .\CortexM3\ARM_GCC_473\Debug\gobeelib.o
                0x00004fb4                LPFtau
 *fill*         0x00005004        0x4 00
 .text.LPFfreq  0x00005008       0x60 .\CortexM3\ARM_GCC_473\Debug\gobeelib.o
                0x00005008                LPFfreq
 .text.squaref  0x00005068       0x1c .\CortexM3\ARM_GCC_473\Debug\gobeelib.o
                0x00005068                squaref
 .text.WriteAllEEparams
                0x00005084      0x64c .\CortexM3\ARM_GCC_473\Debug\gobeelib.o
                0x00005084                WriteAllEEparams
 .text.ReadAllEEparams
                0x000056d0      0x668 .\CortexM3\ARM_GCC_473\Debug\gobeelib.o
                0x000056d0                ReadAllEEparams
 .text.EEPROM_ReadByte
                0x00005d38       0x28 .\CortexM3\ARM_GCC_473\Debug\gobeelib.o
                0x00005d38                EEPROM_ReadByte
 .text.printf_spc
                0x00005d60       0x30 .\CortexM3\ARM_GCC_473\Debug\gobeelib.o
                0x00005d60                printf_spc
 .text.print_abs_linear_hystogram
                0x00005d90       0x9c .\CortexM3\ARM_GCC_473\Debug\gobeelib.o
                0x00005d90                print_abs_linear_hystogram
 .text.print_hystogram_border
                0x00005e2c       0x50 .\CortexM3\ARM_GCC_473\Debug\gobeelib.o
                0x00005e2c                print_hystogram_border
 .text._write   0x00005e7c       0x44 .\CortexM3\ARM_GCC_473\Debug\gobeelib.o
                0x00005e7c                _write
 .text._read    0x00005ec0       0x1c .\CortexM3\ARM_GCC_473\Debug\gobeelib.o
                0x00005ec0                _read
 .text._fstat   0x00005edc       0x24 .\CortexM3\ARM_GCC_473\Debug\gobeelib.o
                0x00005edc                _fstat
 .text._close   0x00005f00       0x18 .\CortexM3\ARM_GCC_473\Debug\gobeelib.o
                0x00005f00                _close
 .text._isatty  0x00005f18       0x18 .\CortexM3\ARM_GCC_473\Debug\gobeelib.o
                0x00005f18                _isatty
 .text._lseek   0x00005f30       0x1c .\CortexM3\ARM_GCC_473\Debug\gobeelib.o
                0x00005f30                _lseek
 .text.AnalogShowPan
                0x00005f4c      0x374 .\CortexM3\ARM_GCC_473\Debug\motor_CTRL.o
                0x00005f4c                AnalogShowPan
 .text.motor_control
                0x000062c0      0x4b8 .\CortexM3\ARM_GCC_473\Debug\motor_CTRL.o
                0x000062c0                motor_control
 .text.motor_init
                0x00006778       0x24 .\CortexM3\ARM_GCC_473\Debug\motor_CTRL.o
                0x00006778                motor_init
 .text.mototor_energize
                0x0000679c       0x28 .\CortexM3\ARM_GCC_473\Debug\motor_CTRL.o
                0x0000679c                mototor_energize
 .text.mototor_sleep
                0x000067c4       0x28 .\CortexM3\ARM_GCC_473\Debug\motor_CTRL.o
                0x000067c4                mototor_sleep
 *fill*         0x000067ec        0x4 00
 .text.sensor_control
                0x000067f0      0x5f0 .\CortexM3\ARM_GCC_473\Debug\sensor_CTRL.o
                0x000067f0                sensor_control
 .text.fpSpid_k2
                0x00006de0      0x14c .\CortexM3\ARM_GCC_473\Debug\pid_lib.o
                0x00006de0                fpSpid_k2
 .text.convKiTi
                0x00006f2c       0x2c .\CortexM3\ARM_GCC_473\Debug\pid_lib.o
                0x00006f2c                convKiTi
 .text.SimpleJumpEventEstimator
                0x00006f58       0x88 .\CortexM3\ARM_GCC_473\Debug\estimators.o
                0x00006f58                SimpleJumpEventEstimator
 .text.SimpleTiltAngleEventsEstimator
                0x00006fe0      0x198 .\CortexM3\ARM_GCC_473\Debug\estimators.o
                0x00006fe0                SimpleTiltAngleEventsEstimator
 .text.SimpleVibrationEventsEstimator
                0x00007178       0x98 .\CortexM3\ARM_GCC_473\Debug\estimators.o
                0x00007178                SimpleVibrationEventsEstimator
 .text.MappingStateMachineExecution
                0x00007210      0x248 .\CortexM3\ARM_GCC_473\Debug\estimators.o
                0x00007210                MappingStateMachineExecution
 .text.MappingStateMachineInit
                0x00007458       0x28 .\CortexM3\ARM_GCC_473\Debug\estimators.o
                0x00007458                MappingStateMachineInit
 .text.VelocityEstimatorII
                0x00007480       0xf8 .\CortexM3\ARM_GCC_473\Debug\estimators.o
                0x00007480                VelocityEstimatorII
 .text.ClearVelocityEstimatorII
                0x00007578       0x38 .\CortexM3\ARM_GCC_473\Debug\estimators.o
                0x00007578                ClearVelocityEstimatorII
 .text.DASbufferingInit
                0x000075b0       0x7c .\CortexM3\ARM_GCC_473\Debug\das.o
                0x000075b0                DASbufferingInit
 .text.DASbufferingStart
                0x0000762c       0x38 .\CortexM3\ARM_GCC_473\Debug\das.o
                0x0000762c                DASbufferingStart
 .text.DASbufferingStop
                0x00007664       0x1c .\CortexM3\ARM_GCC_473\Debug\das.o
                0x00007664                DASbufferingStop
 .text.DASdebufferingInit
                0x00007680        0xc .\CortexM3\ARM_GCC_473\Debug\das.o
                0x00007680                DASdebufferingInit
 .text.DASdebufferingStart
                0x0000768c       0x38 .\CortexM3\ARM_GCC_473\Debug\das.o
                0x0000768c                DASdebufferingStart
 .text.DAS_printf
                0x000076c4      0xd88 .\CortexM3\ARM_GCC_473\Debug\das.o
                0x000076c4                DAS_printf
 .text.ITG3701_ReadByte
                0x0000844c       0x50 .\CortexM3\ARM_GCC_473\Debug\ITG-3701.o
                0x0000844c                ITG3701_ReadByte
 .text.ITG3701_ReadBytes
                0x0000849c       0x84 .\CortexM3\ARM_GCC_473\Debug\ITG-3701.o
                0x0000849c                ITG3701_ReadBytes
 .text.ITG3701_WriteByte
                0x00008520       0x3c .\CortexM3\ARM_GCC_473\Debug\ITG-3701.o
                0x00008520                ITG3701_WriteByte
 .text.getGres  0x0000855c       0x80 .\CortexM3\ARM_GCC_473\Debug\ITG-3701.o
                0x0000855c                getGres
 .text.readGyroData
                0x000085dc       0x64 .\CortexM3\ARM_GCC_473\Debug\ITG-3701.o
                0x000085dc                readGyroData
 .text.initITG3701
                0x00008640       0xe8 .\CortexM3\ARM_GCC_473\Debug\ITG-3701.o
                0x00008640                initITG3701
 .text.gyrocalITG3701
                0x00008728      0x294 .\CortexM3\ARM_GCC_473\Debug\ITG-3701.o
                0x00008728                gyrocalITG3701
 .text.ITG3701_test
                0x000089bc      0x1f8 .\CortexM3\ARM_GCC_473\Debug\ITG-3701.o
                0x000089bc                ITG3701_test
 .text.CalculateTrapezoid
                0x00008bb4      0x278 .\CortexM3\ARM_GCC_473\Debug\mover.o
                0x00008bb4                CalculateTrapezoid
 .text.MoverInit
                0x00008e2c       0x48 .\CortexM3\ARM_GCC_473\Debug\mover.o
                0x00008e2c                MoverInit
 .text.MoverStart
                0x00008e74       0x60 .\CortexM3\ARM_GCC_473\Debug\mover.o
                0x00008e74                MoverStart
 .text.MoverGeneratedSteps
                0x00008ed4      0x29c .\CortexM3\ARM_GCC_473\Debug\mover.o
                0x00008ed4                MoverGeneratedSteps
 .text.CalculatePath
                0x00009170       0xf8 .\CortexM3\ARM_GCC_473\Debug\mover.o
                0x00009170                CalculatePath
 .text.CalculateAllPaths
                0x00009268       0x44 .\CortexM3\ARM_GCC_473\Debug\mover.o
                0x00009268                CalculateAllPaths
 .text.CalculateGotoHomePath
                0x000092ac       0x10 .\CortexM3\ARM_GCC_473\Debug\mover.o
                0x000092ac                CalculateGotoHomePath
 .text.InitAllPathsWithConstMovements
                0x000092bc      0xa68 .\CortexM3\ARM_GCC_473\Debug\mover.o
                0x000092bc                InitAllPathsWithConstMovements
 .text.InitGotoHomePath
                0x00009d24       0x9c .\CortexM3\ARM_GCC_473\Debug\mover.o
                0x00009d24                InitGotoHomePath
 .text.IntDefaultHandler
                0x00009dc0        0x8 .\CortexM3\ARM_GCC_473\Debug\Cm3Start.o
                0x00009dc0                IntDefaultHandler
 .text.Start_c  0x00009dc8       0xcc .\CortexM3\ARM_GCC_473\Debug\Cm3Start.o
                0x00009dc8                Start_c
 .text.initialize_psoc
                0x00009e94       0xb8 .\CortexM3\ARM_GCC_473\Debug\Cm3Start.o
                0x00009e94                initialize_psoc
 .text.CYMEMZERO
                0x00009f4c       0x20 .\CortexM3\ARM_GCC_473\Debug\GoBee-00.a(cyfitter_cfg.o)
 .text.CYCONFIGCPY
                0x00009f6c       0x20 .\CortexM3\ARM_GCC_473\Debug\GoBee-00.a(cyfitter_cfg.o)
 .text.CyClockStartupError
                0x00009f8c        0xc .\CortexM3\ARM_GCC_473\Debug\GoBee-00.a(cyfitter_cfg.o)
 .text.cfg_write_bytes32
                0x00009f98       0x84 .\CortexM3\ARM_GCC_473\Debug\GoBee-00.a(cyfitter_cfg.o)
 .text.ClockSetup
                0x0000a01c      0x2e0 .\CortexM3\ARM_GCC_473\Debug\GoBee-00.a(cyfitter_cfg.o)
 .text.AnalogSetDefault
                0x0000a2fc      0x120 .\CortexM3\ARM_GCC_473\Debug\GoBee-00.a(cyfitter_cfg.o)
 .text.AMuxSeq_DisconnectAll
                0x0000a41c       0x44 .\CortexM3\ARM_GCC_473\Debug\GoBee-00.a(cyfitter_cfg.o)
                0x0000a41c                AMuxSeq_DisconnectAll
 .text.AMuxSeq_Next
                0x0000a460      0x114 .\CortexM3\ARM_GCC_473\Debug\GoBee-00.a(cyfitter_cfg.o)
                0x0000a460                AMuxSeq_Next
 .text.cyfitter_cfg
                0x0000a574      0x28c .\CortexM3\ARM_GCC_473\Debug\GoBee-00.a(cyfitter_cfg.o)
                0x0000a574                cyfitter_cfg
 .text.ADC_Init
                0x0000a800      0x190 .\CortexM3\ARM_GCC_473\Debug\GoBee-00.a(ADC.o)
                0x0000a800                ADC_Init
 .text.ADC_Enable
                0x0000a990      0x1e4 .\CortexM3\ARM_GCC_473\Debug\GoBee-00.a(ADC.o)
                0x0000a990                ADC_Enable
 .text.ADC_Start
                0x0000ab74       0x3c .\CortexM3\ARM_GCC_473\Debug\GoBee-00.a(ADC.o)
                0x0000ab74                ADC_Start
 .text.ADC_StartConvert
                0x0000abb0       0x28 .\CortexM3\ARM_GCC_473\Debug\GoBee-00.a(ADC.o)
                0x0000abb0                ADC_StartConvert
 .text.ADC_StopConvert
                0x0000abd8       0x28 .\CortexM3\ARM_GCC_473\Debug\GoBee-00.a(ADC.o)
                0x0000abd8                ADC_StopConvert
 .text.ADC_GetResult16
                0x0000ac00       0x90 .\CortexM3\ARM_GCC_473\Debug\GoBee-00.a(ADC.o)
                0x0000ac00                ADC_GetResult16
 .text.ADC_InitConfig
                0x0000ac90      0x1e0 .\CortexM3\ARM_GCC_473\Debug\GoBee-00.a(ADC.o)
 .text.ADC_GainCompensation
                0x0000ae70      0x19c .\CortexM3\ARM_GCC_473\Debug\GoBee-00.a(ADC.o)
 .text.ADC_SetDSMRef0Reg
                0x0000b00c       0xa8 .\CortexM3\ARM_GCC_473\Debug\GoBee-00.a(ADC.o)
 .text.ADC_ISR1
                0x0000b0b4       0x7c .\CortexM3\ARM_GCC_473\Debug\GoBee-00.a(ADC_INT.o)
                0x0000b0b4                ADC_ISR1
 .text.UART_USB_Start
                0x0000b130       0x2c .\CortexM3\ARM_GCC_473\Debug\GoBee-00.a(UART_USB.o)
                0x0000b130                UART_USB_Start
 .text.UART_USB_Init
                0x0000b15c       0x50 .\CortexM3\ARM_GCC_473\Debug\GoBee-00.a(UART_USB.o)
                0x0000b15c                UART_USB_Init
 .text.UART_USB_Enable
                0x0000b1ac       0x78 .\CortexM3\ARM_GCC_473\Debug\GoBee-00.a(UART_USB.o)
                0x0000b1ac                UART_USB_Enable
 .text.UART_USB_GetChar
                0x0000b224       0x4c .\CortexM3\ARM_GCC_473\Debug\GoBee-00.a(UART_USB.o)
                0x0000b224                UART_USB_GetChar
 .text.UART_USB_PutChar
                0x0000b270       0x38 .\CortexM3\ARM_GCC_473\Debug\GoBee-00.a(UART_USB.o)
                0x0000b270                UART_USB_PutChar
 .text.Control_Reg_LED_Write
                0x0000b2a8       0x20 .\CortexM3\ARM_GCC_473\Debug\GoBee-00.a(Control_Reg_LED.o)
                0x0000b2a8                Control_Reg_LED_Write
 .text.EEPROM_Enable
                0x0000b2c8        0xc .\CortexM3\ARM_GCC_473\Debug\GoBee-00.a(EEPROM.o)
                0x0000b2c8                EEPROM_Enable
 .text.EEPROM_Write
                0x0000b2d4      0x12c .\CortexM3\ARM_GCC_473\Debug\GoBee-00.a(EEPROM.o)
                0x0000b2d4                EEPROM_Write
 .text.AMuxSeq_Start
                0x0000b400       0x18 .\CortexM3\ARM_GCC_473\Debug\GoBee-00.a(AMuxSeq.o)
                0x0000b400                AMuxSeq_Start
 .text.isr_CTRL_Start
                0x0000b418       0x24 .\CortexM3\ARM_GCC_473\Debug\GoBee-00.a(isr_CTRL.o)
                0x0000b418                isr_CTRL_Start
 .text.isr_CTRL_Interrupt
                0x0000b43c       0x4c .\CortexM3\ARM_GCC_473\Debug\GoBee-00.a(isr_CTRL.o)
                0x0000b43c                isr_CTRL_Interrupt
 .text.isr_CTRL_SetVector
                0x0000b488       0x28 .\CortexM3\ARM_GCC_473\Debug\GoBee-00.a(isr_CTRL.o)
                0x0000b488                isr_CTRL_SetVector
 .text.isr_CTRL_SetPriority
                0x0000b4b0       0x28 .\CortexM3\ARM_GCC_473\Debug\GoBee-00.a(isr_CTRL.o)
                0x0000b4b0                isr_CTRL_SetPriority
 .text.isr_CTRL_Enable
                0x0000b4d8       0x18 .\CortexM3\ARM_GCC_473\Debug\GoBee-00.a(isr_CTRL.o)
                0x0000b4d8                isr_CTRL_Enable
 .text.isr_CTRL_Disable
                0x0000b4f0       0x18 .\CortexM3\ARM_GCC_473\Debug\GoBee-00.a(isr_CTRL.o)
                0x0000b4f0                isr_CTRL_Disable
 .text.Status_Reg_BUTTON_Read
                0x0000b508       0x18 .\CortexM3\ARM_GCC_473\Debug\GoBee-00.a(Status_Reg_BUTTON.o)
                0x0000b508                Status_Reg_BUTTON_Read
 .text.Counter_LED_Init
                0x0000b520       0xe4 .\CortexM3\ARM_GCC_473\Debug\GoBee-00.a(Counter_LED.o)
                0x0000b520                Counter_LED_Init
 .text.Counter_LED_Enable
                0x0000b604       0x60 .\CortexM3\ARM_GCC_473\Debug\GoBee-00.a(Counter_LED.o)
                0x0000b604                Counter_LED_Enable
 .text.Counter_LED_Start
                0x0000b664       0x2c .\CortexM3\ARM_GCC_473\Debug\GoBee-00.a(Counter_LED.o)
                0x0000b664                Counter_LED_Start
 .text.Counter_LED_SetInterruptMode
                0x0000b690       0x20 .\CortexM3\ARM_GCC_473\Debug\GoBee-00.a(Counter_LED.o)
                0x0000b690                Counter_LED_SetInterruptMode
 .text.Counter_LED_WriteCounter
                0x0000b6b0       0x74 .\CortexM3\ARM_GCC_473\Debug\GoBee-00.a(Counter_LED.o)
                0x0000b6b0                Counter_LED_WriteCounter
 .text.Counter_LED_WritePeriod
                0x0000b724       0x24 .\CortexM3\ARM_GCC_473\Debug\GoBee-00.a(Counter_LED.o)
                0x0000b724                Counter_LED_WritePeriod
 .text.isr_DGYRO_Start
                0x0000b748       0x24 .\CortexM3\ARM_GCC_473\Debug\GoBee-00.a(isr_DGYRO.o)
                0x0000b748                isr_DGYRO_Start
 .text.isr_DGYRO_Interrupt
                0x0000b76c        0xc .\CortexM3\ARM_GCC_473\Debug\GoBee-00.a(isr_DGYRO.o)
                0x0000b76c                isr_DGYRO_Interrupt
 .text.isr_DGYRO_SetVector
                0x0000b778       0x28 .\CortexM3\ARM_GCC_473\Debug\GoBee-00.a(isr_DGYRO.o)
                0x0000b778                isr_DGYRO_SetVector
 .text.isr_DGYRO_SetPriority
                0x0000b7a0       0x28 .\CortexM3\ARM_GCC_473\Debug\GoBee-00.a(isr_DGYRO.o)
                0x0000b7a0                isr_DGYRO_SetPriority
 .text.isr_DGYRO_Enable
                0x0000b7c8       0x18 .\CortexM3\ARM_GCC_473\Debug\GoBee-00.a(isr_DGYRO.o)
                0x0000b7c8                isr_DGYRO_Enable
 .text.isr_DGYRO_Disable
                0x0000b7e0       0x18 .\CortexM3\ARM_GCC_473\Debug\GoBee-00.a(isr_DGYRO.o)
                0x0000b7e0                isr_DGYRO_Disable
 .text.Clock_DGYRO_Start
                0x0000b7f8       0x44 .\CortexM3\ARM_GCC_473\Debug\GoBee-00.a(Clock_DGYRO.o)
                0x0000b7f8                Clock_DGYRO_Start
 .text.ADC_theACLK_SetDividerRegister
                0x0000b83c      0x1e8 .\CortexM3\ARM_GCC_473\Debug\GoBee-00.a(ADC_theACLK.o)
                0x0000b83c                ADC_theACLK_SetDividerRegister
 .text.ADC_theACLK_GetDividerRegister
                0x0000ba24       0x18 .\CortexM3\ARM_GCC_473\Debug\GoBee-00.a(ADC_theACLK.o)
                0x0000ba24                ADC_theACLK_GetDividerRegister
 .text.ADC_theACLK_SetModeRegister
                0x0000ba3c       0x3c .\CortexM3\ARM_GCC_473\Debug\GoBee-00.a(ADC_theACLK.o)
                0x0000ba3c                ADC_theACLK_SetModeRegister
 .text.ADC_theACLK_GetSourceRegister
                0x0000ba78       0x20 .\CortexM3\ARM_GCC_473\Debug\GoBee-00.a(ADC_theACLK.o)
                0x0000ba78                ADC_theACLK_GetSourceRegister
 .text.ADC_Ext_CP_Clk_SetDividerRegister
                0x0000ba98      0x1e8 .\CortexM3\ARM_GCC_473\Debug\GoBee-00.a(ADC_Ext_CP_Clk.o)
                0x0000ba98                ADC_Ext_CP_Clk_SetDividerRegister
 .text.ADC_Ext_CP_Clk_GetDividerRegister
                0x0000bc80       0x18 .\CortexM3\ARM_GCC_473\Debug\GoBee-00.a(ADC_Ext_CP_Clk.o)
                0x0000bc80                ADC_Ext_CP_Clk_GetDividerRegister
 .text.ADC_Ext_CP_Clk_SetModeRegister
                0x0000bc98       0x3c .\CortexM3\ARM_GCC_473\Debug\GoBee-00.a(ADC_Ext_CP_Clk.o)
                0x0000bc98                ADC_Ext_CP_Clk_SetModeRegister
 .text.ADC_Ext_CP_Clk_GetSourceRegister
                0x0000bcd4       0x20 .\CortexM3\ARM_GCC_473\Debug\GoBee-00.a(ADC_Ext_CP_Clk.o)
                0x0000bcd4                ADC_Ext_CP_Clk_GetSourceRegister
 .text.UART_USB_IntClock_Start
                0x0000bcf4       0x44 .\CortexM3\ARM_GCC_473\Debug\GoBee-00.a(UART_USB_IntClock.o)
                0x0000bcf4                UART_USB_IntClock_Start
 .text          0x0000bd38       0x28 .\CortexM3\ARM_GCC_473\Debug\GoBee-00.a(CyBootAsmGnu.o)
                0x0000bd38                CyDelayCycles
                0x0000bd4c                CyEnterCriticalSection
                0x0000bd54                CyExitCriticalSection
 .text.CyDmacConfigure
                0x0000bd60       0x70 .\CortexM3\ARM_GCC_473\Debug\GoBee-00.a(CyDmac.o)
                0x0000bd60                CyDmacConfigure
 .text.CyDmaChEnable
                0x0000bdd0       0xbc .\CortexM3\ARM_GCC_473\Debug\GoBee-00.a(CyDmac.o)
                0x0000bdd0                CyDmaChEnable
 .text.CyDmaChDisable
                0x0000be8c       0x84 .\CortexM3\ARM_GCC_473\Debug\GoBee-00.a(CyDmac.o)
                0x0000be8c                CyDmaChDisable
 .text.CyDmaChPriority
                0x0000bf10       0x70 .\CortexM3\ARM_GCC_473\Debug\GoBee-00.a(CyDmac.o)
                0x0000bf10                CyDmaChPriority
 .text.CyDmaChSetExtendedAddress
                0x0000bf80       0x88 .\CortexM3\ARM_GCC_473\Debug\GoBee-00.a(CyDmac.o)
                0x0000bf80                CyDmaChSetExtendedAddress
 .text.CyDmaChSetInitialTd
                0x0000c008       0x44 .\CortexM3\ARM_GCC_473\Debug\GoBee-00.a(CyDmac.o)
                0x0000c008                CyDmaChSetInitialTd
 .text.CyDmaChSetConfiguration
                0x0000c04c       0xa4 .\CortexM3\ARM_GCC_473\Debug\GoBee-00.a(CyDmac.o)
                0x0000c04c                CyDmaChSetConfiguration
 .text.CyDmaTdAllocate
                0x0000c0f0       0x78 .\CortexM3\ARM_GCC_473\Debug\GoBee-00.a(CyDmac.o)
                0x0000c0f0                CyDmaTdAllocate
 .text.CyDmaTdSetConfiguration
                0x0000c168       0x7c .\CortexM3\ARM_GCC_473\Debug\GoBee-00.a(CyDmac.o)
                0x0000c168                CyDmaTdSetConfiguration
 .text.CyDmaTdSetAddress
                0x0000c1e4       0x68 .\CortexM3\ARM_GCC_473\Debug\GoBee-00.a(CyDmac.o)
                0x0000c1e4                CyDmaTdSetAddress
 .text.CyEEPROM_Start
                0x0000c24c       0x44 .\CortexM3\ARM_GCC_473\Debug\GoBee-00.a(CyFlash.o)
                0x0000c24c                CyEEPROM_Start
 .text.CyHalt   0x0000c290       0x18 .\CortexM3\ARM_GCC_473\Debug\GoBee-00.a(CyLib.o)
                0x0000c290                CyHalt
 .text.CyDelay  0x0000c2a8       0x48 .\CortexM3\ARM_GCC_473\Debug\GoBee-00.a(CyLib.o)
                0x0000c2a8                CyDelay
 .text.CyDelayUs
                0x0000c2f0       0x28 .\CortexM3\ARM_GCC_473\Debug\GoBee-00.a(CyLib.o)
                0x0000c2f0                CyDelayUs
 .text.CyIntSetVector
                0x0000c318       0x60 .\CortexM3\ARM_GCC_473\Debug\GoBee-00.a(CyLib.o)
                0x0000c318                CyIntSetVector
 .text.CyIntSetPriority
                0x0000c378       0x4c .\CortexM3\ARM_GCC_473\Debug\GoBee-00.a(CyLib.o)
                0x0000c378                CyIntSetPriority
 .text.CySpcStart
                0x0000c3c4       0x58 .\CortexM3\ARM_GCC_473\Debug\GoBee-00.a(CySpc.o)
                0x0000c3c4                CySpcStart
 .text.CySpcLoadRow
                0x0000c41c       0xbc .\CortexM3\ARM_GCC_473\Debug\GoBee-00.a(CySpc.o)
                0x0000c41c                CySpcLoadRow
 .text.CySpcWriteRow
                0x0000c4d8       0xcc .\CortexM3\ARM_GCC_473\Debug\GoBee-00.a(CySpc.o)
                0x0000c4d8                CySpcWriteRow
 .text.CySpcLock
                0x0000c5a4       0x88 .\CortexM3\ARM_GCC_473\Debug\GoBee-00.a(CySpc.o)
                0x0000c5a4                CySpcLock
 .text.CySpcUnlock
                0x0000c62c       0x68 .\CortexM3\ARM_GCC_473\Debug\GoBee-00.a(CySpc.o)
                0x0000c62c                CySpcUnlock
 .text.Control_Reg_BUZ_Write
                0x0000c694       0x20 .\CortexM3\ARM_GCC_473\Debug\GoBee-00.a(Control_Reg_BUZ.o)
                0x0000c694                Control_Reg_BUZ_Write
 .text.Control_Reg_MOTOR_Write
                0x0000c6b4       0x20 .\CortexM3\ARM_GCC_473\Debug\GoBee-00.a(Control_Reg_MOTOR.o)
                0x0000c6b4                Control_Reg_MOTOR_Write
 .text.Status_Reg_MOTOR_Read
                0x0000c6d4       0x18 .\CortexM3\ARM_GCC_473\Debug\GoBee-00.a(Status_Reg_MOTOR.o)
                0x0000c6d4                Status_Reg_MOTOR_Read
 .text.QuadDec_PAN_Init
                0x0000c6ec       0x30 .\CortexM3\ARM_GCC_473\Debug\GoBee-00.a(QuadDec_PAN.o)
                0x0000c6ec                QuadDec_PAN_Init
 .text.QuadDec_PAN_Enable
                0x0000c71c       0x54 .\CortexM3\ARM_GCC_473\Debug\GoBee-00.a(QuadDec_PAN.o)
                0x0000c71c                QuadDec_PAN_Enable
 .text.QuadDec_PAN_Start
                0x0000c770       0x44 .\CortexM3\ARM_GCC_473\Debug\GoBee-00.a(QuadDec_PAN.o)
                0x0000c770                QuadDec_PAN_Start
 .text.QuadDec_PAN_GetCounter
                0x0000c7b4       0x54 .\CortexM3\ARM_GCC_473\Debug\GoBee-00.a(QuadDec_PAN.o)
                0x0000c7b4                QuadDec_PAN_GetCounter
 .text.QuadDec_PAN_SetCounter
                0x0000c808       0x40 .\CortexM3\ARM_GCC_473\Debug\GoBee-00.a(QuadDec_PAN.o)
                0x0000c808                QuadDec_PAN_SetCounter
 .text.QuadDec_PAN_GetEvents
                0x0000c848       0x20 .\CortexM3\ARM_GCC_473\Debug\GoBee-00.a(QuadDec_PAN.o)
                0x0000c848                QuadDec_PAN_GetEvents
 .text.QuadDec_PAN_SetInterruptMask
                0x0000c868       0x28 .\CortexM3\ARM_GCC_473\Debug\GoBee-00.a(QuadDec_PAN.o)
                0x0000c868                QuadDec_PAN_SetInterruptMask
 .text.QuadDec_PAN_ISR
                0x0000c890       0x80 .\CortexM3\ARM_GCC_473\Debug\GoBee-00.a(QuadDec_PAN_INT.o)
                0x0000c890                QuadDec_PAN_ISR
 .text.QuadDec_PAN_Cnt16_Init
                0x0000c910       0xa0 .\CortexM3\ARM_GCC_473\Debug\GoBee-00.a(QuadDec_PAN_Cnt16.o)
                0x0000c910                QuadDec_PAN_Cnt16_Init
 .text.QuadDec_PAN_Cnt16_Enable
                0x0000c9b0       0x28 .\CortexM3\ARM_GCC_473\Debug\GoBee-00.a(QuadDec_PAN_Cnt16.o)
                0x0000c9b0                QuadDec_PAN_Cnt16_Enable
 .text.QuadDec_PAN_Cnt16_Start
                0x0000c9d8       0x2c .\CortexM3\ARM_GCC_473\Debug\GoBee-00.a(QuadDec_PAN_Cnt16.o)
                0x0000c9d8                QuadDec_PAN_Cnt16_Start
 .text.QuadDec_PAN_Cnt16_SetInterruptMode
                0x0000ca04       0x20 .\CortexM3\ARM_GCC_473\Debug\GoBee-00.a(QuadDec_PAN_Cnt16.o)
                0x0000ca04                QuadDec_PAN_Cnt16_SetInterruptMode
 .text.QuadDec_PAN_Cnt16_ReadStatusRegister
                0x0000ca24       0x18 .\CortexM3\ARM_GCC_473\Debug\GoBee-00.a(QuadDec_PAN_Cnt16.o)
                0x0000ca24                QuadDec_PAN_Cnt16_ReadStatusRegister
 .text.QuadDec_PAN_Cnt16_WriteCounter
                0x0000ca3c       0x20 .\CortexM3\ARM_GCC_473\Debug\GoBee-00.a(QuadDec_PAN_Cnt16.o)
                0x0000ca3c                QuadDec_PAN_Cnt16_WriteCounter
 .text.QuadDec_PAN_Cnt16_ReadCounter
                0x0000ca5c       0x24 .\CortexM3\ARM_GCC_473\Debug\GoBee-00.a(QuadDec_PAN_Cnt16.o)
                0x0000ca5c                QuadDec_PAN_Cnt16_ReadCounter
 .text.QuadDec_PAN_Cnt16_ReadCapture
                0x0000ca80       0x18 .\CortexM3\ARM_GCC_473\Debug\GoBee-00.a(QuadDec_PAN_Cnt16.o)
                0x0000ca80                QuadDec_PAN_Cnt16_ReadCapture
 .text.QuadDec_PAN_Cnt16_WritePeriod
                0x0000ca98       0x20 .\CortexM3\ARM_GCC_473\Debug\GoBee-00.a(QuadDec_PAN_Cnt16.o)
                0x0000ca98                QuadDec_PAN_Cnt16_WritePeriod
 .text.QuadDec_PAN_Cnt16_WriteCompare
                0x0000cab8       0x20 .\CortexM3\ARM_GCC_473\Debug\GoBee-00.a(QuadDec_PAN_Cnt16.o)
                0x0000cab8                QuadDec_PAN_Cnt16_WriteCompare
 .text.QuadDec_PAN_Cnt16_ClearFIFO
                0x0000cad8       0x1c .\CortexM3\ARM_GCC_473\Debug\GoBee-00.a(QuadDec_PAN_Cnt16.o)
                0x0000cad8                QuadDec_PAN_Cnt16_ClearFIFO
 .text.ADC_IRQ_Enable
                0x0000caf4       0x18 .\CortexM3\ARM_GCC_473\Debug\GoBee-00.a(ADC_IRQ.o)
                0x0000caf4                ADC_IRQ_Enable
 .text.isr_Ticks_Start
                0x0000cb0c       0x24 .\CortexM3\ARM_GCC_473\Debug\GoBee-00.a(isr_Ticks.o)
                0x0000cb0c                isr_Ticks_Start
 .text.isr_Ticks_Stop
                0x0000cb30       0x18 .\CortexM3\ARM_GCC_473\Debug\GoBee-00.a(isr_Ticks.o)
                0x0000cb30                isr_Ticks_Stop
 .text.isr_Ticks_Interrupt
                0x0000cb48       0xb4 .\CortexM3\ARM_GCC_473\Debug\GoBee-00.a(isr_Ticks.o)
                0x0000cb48                isr_Ticks_Interrupt
 .text.isr_Ticks_SetVector
                0x0000cbfc       0x28 .\CortexM3\ARM_GCC_473\Debug\GoBee-00.a(isr_Ticks.o)
                0x0000cbfc                isr_Ticks_SetVector
 .text.isr_Ticks_SetPriority
                0x0000cc24       0x28 .\CortexM3\ARM_GCC_473\Debug\GoBee-00.a(isr_Ticks.o)
                0x0000cc24                isr_Ticks_SetPriority
 .text.isr_Ticks_Enable
                0x0000cc4c       0x18 .\CortexM3\ARM_GCC_473\Debug\GoBee-00.a(isr_Ticks.o)
                0x0000cc4c                isr_Ticks_Enable
 .text.isr_Ticks_Disable
                0x0000cc64       0x18 .\CortexM3\ARM_GCC_473\Debug\GoBee-00.a(isr_Ticks.o)
                0x0000cc64                isr_Ticks_Disable
 .text.PWM_MOTOR_PAN_Start
                0x0000cc7c       0x2c .\CortexM3\ARM_GCC_473\Debug\GoBee-00.a(PWM_MOTOR_PAN.o)
                0x0000cc7c                PWM_MOTOR_PAN_Start
 .text.PWM_MOTOR_PAN_Init
                0x0000cca8       0xc4 .\CortexM3\ARM_GCC_473\Debug\GoBee-00.a(PWM_MOTOR_PAN.o)
                0x0000cca8                PWM_MOTOR_PAN_Init
 .text.PWM_MOTOR_PAN_Enable
                0x0000cd6c       0x28 .\CortexM3\ARM_GCC_473\Debug\GoBee-00.a(PWM_MOTOR_PAN.o)
                0x0000cd6c                PWM_MOTOR_PAN_Enable
 .text.PWM_MOTOR_PAN_WriteCounter
                0x0000cd94       0x20 .\CortexM3\ARM_GCC_473\Debug\GoBee-00.a(PWM_MOTOR_PAN.o)
                0x0000cd94                PWM_MOTOR_PAN_WriteCounter
 .text.PWM_MOTOR_PAN_ClearFIFO
                0x0000cdb4       0x1c .\CortexM3\ARM_GCC_473\Debug\GoBee-00.a(PWM_MOTOR_PAN.o)
                0x0000cdb4                PWM_MOTOR_PAN_ClearFIFO
 .text.PWM_MOTOR_PAN_WritePeriod
                0x0000cdd0       0x20 .\CortexM3\ARM_GCC_473\Debug\GoBee-00.a(PWM_MOTOR_PAN.o)
                0x0000cdd0                PWM_MOTOR_PAN_WritePeriod
 .text.PWM_MOTOR_PAN_WriteCompare
                0x0000cdf0       0x20 .\CortexM3\ARM_GCC_473\Debug\GoBee-00.a(PWM_MOTOR_PAN.o)
                0x0000cdf0                PWM_MOTOR_PAN_WriteCompare
 .text.PWM_MOTOR_PAN_WriteDeadTime
                0x0000ce10       0x20 .\CortexM3\ARM_GCC_473\Debug\GoBee-00.a(PWM_MOTOR_PAN.o)
                0x0000ce10                PWM_MOTOR_PAN_WriteDeadTime
 .text.PWM_MOTOR_PAN_SetInterruptMode
                0x0000ce30       0x20 .\CortexM3\ARM_GCC_473\Debug\GoBee-00.a(PWM_MOTOR_PAN.o)
                0x0000ce30                PWM_MOTOR_PAN_SetInterruptMode
 .text.PWM_MOTOR_PAN_ReadStatusRegister
                0x0000ce50       0x20 .\CortexM3\ARM_GCC_473\Debug\GoBee-00.a(PWM_MOTOR_PAN.o)
                0x0000ce50                PWM_MOTOR_PAN_ReadStatusRegister
 .text.PWM_MOTOR_PAN_ReadCapture
                0x0000ce70       0x18 .\CortexM3\ARM_GCC_473\Debug\GoBee-00.a(PWM_MOTOR_PAN.o)
                0x0000ce70                PWM_MOTOR_PAN_ReadCapture
 .text.isr_BUTTON_Start
                0x0000ce88       0x24 .\CortexM3\ARM_GCC_473\Debug\GoBee-00.a(isr_BUTTON.o)
                0x0000ce88                isr_BUTTON_Start
 .text.isr_BUTTON_Interrupt
                0x0000ceac       0xc8 .\CortexM3\ARM_GCC_473\Debug\GoBee-00.a(isr_BUTTON.o)
                0x0000ceac                isr_BUTTON_Interrupt
 .text.isr_BUTTON_SetVector
                0x0000cf74       0x28 .\CortexM3\ARM_GCC_473\Debug\GoBee-00.a(isr_BUTTON.o)
                0x0000cf74                isr_BUTTON_SetVector
 .text.isr_BUTTON_SetPriority
                0x0000cf9c       0x28 .\CortexM3\ARM_GCC_473\Debug\GoBee-00.a(isr_BUTTON.o)
                0x0000cf9c                isr_BUTTON_SetPriority
 .text.isr_BUTTON_Enable
                0x0000cfc4       0x18 .\CortexM3\ARM_GCC_473\Debug\GoBee-00.a(isr_BUTTON.o)
                0x0000cfc4                isr_BUTTON_Enable
 .text.isr_BUTTON_Disable
                0x0000cfdc       0x18 .\CortexM3\ARM_GCC_473\Debug\GoBee-00.a(isr_BUTTON.o)
                0x0000cfdc                isr_BUTTON_Disable
 .text.WaveDAC8_Init
                0x0000cff4       0x64 .\CortexM3\ARM_GCC_473\Debug\GoBee-00.a(WaveDAC8.o)
                0x0000cff4                WaveDAC8_Init
 .text.WaveDAC8_Enable
                0x0000d058       0x44 .\CortexM3\ARM_GCC_473\Debug\GoBee-00.a(WaveDAC8.o)
                0x0000d058                WaveDAC8_Enable
 .text.WaveDAC8_Start
                0x0000d09c       0x2c .\CortexM3\ARM_GCC_473\Debug\GoBee-00.a(WaveDAC8.o)
                0x0000d09c                WaveDAC8_Start
 .text.WaveDAC8_Stop
                0x0000d0c8       0x30 .\CortexM3\ARM_GCC_473\Debug\GoBee-00.a(WaveDAC8.o)
                0x0000d0c8                WaveDAC8_Stop
 .text.WaveDAC8_Wave1Setup
                0x0000d0f8       0x98 .\CortexM3\ARM_GCC_473\Debug\GoBee-00.a(WaveDAC8.o)
                0x0000d0f8                WaveDAC8_Wave1Setup
 .text.WaveDAC8_Wave2Setup
                0x0000d190       0x98 .\CortexM3\ARM_GCC_473\Debug\GoBee-00.a(WaveDAC8.o)
                0x0000d190                WaveDAC8_Wave2Setup
 .text.WaveDAC8_DacClk_Start
                0x0000d228       0x44 .\CortexM3\ARM_GCC_473\Debug\GoBee-00.a(WaveDAC8_DacClk.o)
                0x0000d228                WaveDAC8_DacClk_Start
 .text.WaveDAC8_DacClk_Stop
                0x0000d26c       0x44 .\CortexM3\ARM_GCC_473\Debug\GoBee-00.a(WaveDAC8_DacClk.o)
                0x0000d26c                WaveDAC8_DacClk_Stop
 .text.WaveDAC8_Wave1_DMA_DmaInitialize
                0x0000d2b0       0x84 .\CortexM3\ARM_GCC_473\Debug\GoBee-00.a(WaveDAC8_Wave1_DMA_dma.o)
                0x0000d2b0                WaveDAC8_Wave1_DMA_DmaInitialize
 .text.WaveDAC8_Wave2_DMA_DmaInitialize
                0x0000d334       0x84 .\CortexM3\ARM_GCC_473\Debug\GoBee-00.a(WaveDAC8_Wave2_DMA_dma.o)
                0x0000d334                WaveDAC8_Wave2_DMA_DmaInitialize
 .text.WaveDAC8_VDAC8_Init
                0x0000d3b8       0x50 .\CortexM3\ARM_GCC_473\Debug\GoBee-00.a(WaveDAC8_VDAC8.o)
                0x0000d3b8                WaveDAC8_VDAC8_Init
 .text.WaveDAC8_VDAC8_Enable
                0x0000d408       0x44 .\CortexM3\ARM_GCC_473\Debug\GoBee-00.a(WaveDAC8_VDAC8.o)
                0x0000d408                WaveDAC8_VDAC8_Enable
 .text.WaveDAC8_VDAC8_Stop
                0x0000d44c       0x44 .\CortexM3\ARM_GCC_473\Debug\GoBee-00.a(WaveDAC8_VDAC8.o)
                0x0000d44c                WaveDAC8_VDAC8_Stop
 .text.WaveDAC8_VDAC8_SetSpeed
                0x0000d490       0x54 .\CortexM3\ARM_GCC_473\Debug\GoBee-00.a(WaveDAC8_VDAC8.o)
                0x0000d490                WaveDAC8_VDAC8_SetSpeed
 .text.WaveDAC8_VDAC8_SetRange
                0x0000d4e4       0x54 .\CortexM3\ARM_GCC_473\Debug\GoBee-00.a(WaveDAC8_VDAC8.o)
                0x0000d4e4                WaveDAC8_VDAC8_SetRange
 .text.WaveDAC8_VDAC8_SetValue
                0x0000d538       0x20 .\CortexM3\ARM_GCC_473\Debug\GoBee-00.a(WaveDAC8_VDAC8.o)
                0x0000d538                WaveDAC8_VDAC8_SetValue
 .text.WaveDAC8_VDAC8_DacTrim
                0x0000d558       0x44 .\CortexM3\ARM_GCC_473\Debug\GoBee-00.a(WaveDAC8_VDAC8.o)
                0x0000d558                WaveDAC8_VDAC8_DacTrim
 .text.WaveDAC8_BuffAmp_Init
                0x0000d59c       0x10 .\CortexM3\ARM_GCC_473\Debug\GoBee-00.a(WaveDAC8_BuffAmp.o)
                0x0000d59c                WaveDAC8_BuffAmp_Init
 .text.WaveDAC8_BuffAmp_Enable
                0x0000d5ac       0x60 .\CortexM3\ARM_GCC_473\Debug\GoBee-00.a(WaveDAC8_BuffAmp.o)
                0x0000d5ac                WaveDAC8_BuffAmp_Enable
 .text.WaveDAC8_BuffAmp_SetPower
                0x0000d60c       0x54 .\CortexM3\ARM_GCC_473\Debug\GoBee-00.a(WaveDAC8_BuffAmp.o)
                0x0000d60c                WaveDAC8_BuffAmp_SetPower
 .text.VDAC8_ANAPOS_Init
                0x0000d660       0x34 .\CortexM3\ARM_GCC_473\Debug\GoBee-00.a(VDAC8_ANAPOS.o)
                0x0000d660                VDAC8_ANAPOS_Init
 .text.VDAC8_ANAPOS_Enable
                0x0000d694       0x44 .\CortexM3\ARM_GCC_473\Debug\GoBee-00.a(VDAC8_ANAPOS.o)
                0x0000d694                VDAC8_ANAPOS_Enable
 .text.VDAC8_ANAPOS_Start
                0x0000d6d8       0x34 .\CortexM3\ARM_GCC_473\Debug\GoBee-00.a(VDAC8_ANAPOS.o)
                0x0000d6d8                VDAC8_ANAPOS_Start
 .text.VDAC8_ANAPOS_SetSpeed
                0x0000d70c       0x54 .\CortexM3\ARM_GCC_473\Debug\GoBee-00.a(VDAC8_ANAPOS.o)
                0x0000d70c                VDAC8_ANAPOS_SetSpeed
 .text.VDAC8_ANAPOS_SetRange
                0x0000d760       0x54 .\CortexM3\ARM_GCC_473\Debug\GoBee-00.a(VDAC8_ANAPOS.o)
                0x0000d760                VDAC8_ANAPOS_SetRange
 .text.VDAC8_ANAPOS_SetValue
                0x0000d7b4       0x20 .\CortexM3\ARM_GCC_473\Debug\GoBee-00.a(VDAC8_ANAPOS.o)
                0x0000d7b4                VDAC8_ANAPOS_SetValue
 .text.VDAC8_ANAPOS_DacTrim
                0x0000d7d4       0x44 .\CortexM3\ARM_GCC_473\Debug\GoBee-00.a(VDAC8_ANAPOS.o)
                0x0000d7d4                VDAC8_ANAPOS_DacTrim
 .text.isr_DAS_Start
                0x0000d818       0x24 .\CortexM3\ARM_GCC_473\Debug\GoBee-00.a(isr_DAS.o)
                0x0000d818                isr_DAS_Start
 .text.isr_DAS_Stop
                0x0000d83c       0x18 .\CortexM3\ARM_GCC_473\Debug\GoBee-00.a(isr_DAS.o)
                0x0000d83c                isr_DAS_Stop
 .text.isr_DAS_Interrupt
                0x0000d854        0xc .\CortexM3\ARM_GCC_473\Debug\GoBee-00.a(isr_DAS.o)
                0x0000d854                isr_DAS_Interrupt
 .text.isr_DAS_SetVector
                0x0000d860       0x28 .\CortexM3\ARM_GCC_473\Debug\GoBee-00.a(isr_DAS.o)
                0x0000d860                isr_DAS_SetVector
 .text.isr_DAS_SetPriority
                0x0000d888       0x28 .\CortexM3\ARM_GCC_473\Debug\GoBee-00.a(isr_DAS.o)
                0x0000d888                isr_DAS_SetPriority
 .text.isr_DAS_Enable
                0x0000d8b0       0x18 .\CortexM3\ARM_GCC_473\Debug\GoBee-00.a(isr_DAS.o)
                0x0000d8b0                isr_DAS_Enable
 .text.isr_DAS_Disable
                0x0000d8c8       0x18 .\CortexM3\ARM_GCC_473\Debug\GoBee-00.a(isr_DAS.o)
                0x0000d8c8                isr_DAS_Disable
 .text.I2C_ITG3701_MasterSendStart
                0x0000d8e0      0x100 .\CortexM3\ARM_GCC_473\Debug\GoBee-00.a(I2C_ITG3701_MASTER.o)
                0x0000d8e0                I2C_ITG3701_MasterSendStart
 .text.I2C_ITG3701_MasterSendRestart
                0x0000d9e0       0xf0 .\CortexM3\ARM_GCC_473\Debug\GoBee-00.a(I2C_ITG3701_MASTER.o)
                0x0000d9e0                I2C_ITG3701_MasterSendRestart
 .text.I2C_ITG3701_MasterSendStop
                0x0000dad0       0x88 .\CortexM3\ARM_GCC_473\Debug\GoBee-00.a(I2C_ITG3701_MASTER.o)
                0x0000dad0                I2C_ITG3701_MasterSendStop
 .text.I2C_ITG3701_MasterWriteByte
                0x0000db58       0xd0 .\CortexM3\ARM_GCC_473\Debug\GoBee-00.a(I2C_ITG3701_MASTER.o)
                0x0000db58                I2C_ITG3701_MasterWriteByte
 .text.I2C_ITG3701_MasterReadByte
                0x0000dc28       0xe8 .\CortexM3\ARM_GCC_473\Debug\GoBee-00.a(I2C_ITG3701_MASTER.o)
                0x0000dc28                I2C_ITG3701_MasterReadByte
 .text.isr_BUTTON_BUF_Start
                0x0000dd10       0x24 .\CortexM3\ARM_GCC_473\Debug\GoBee-00.a(isr_BUTTON_BUF.o)
                0x0000dd10                isr_BUTTON_BUF_Start
 .text.isr_BUTTON_BUF_Interrupt
                0x0000dd34       0x84 .\CortexM3\ARM_GCC_473\Debug\GoBee-00.a(isr_BUTTON_BUF.o)
                0x0000dd34                isr_BUTTON_BUF_Interrupt
 .text.isr_BUTTON_BUF_SetVector
                0x0000ddb8       0x28 .\CortexM3\ARM_GCC_473\Debug\GoBee-00.a(isr_BUTTON_BUF.o)
                0x0000ddb8                isr_BUTTON_BUF_SetVector
 .text.isr_BUTTON_BUF_SetPriority
                0x0000dde0       0x28 .\CortexM3\ARM_GCC_473\Debug\GoBee-00.a(isr_BUTTON_BUF.o)
                0x0000dde0                isr_BUTTON_BUF_SetPriority
 .text.isr_BUTTON_BUF_Enable
                0x0000de08       0x18 .\CortexM3\ARM_GCC_473\Debug\GoBee-00.a(isr_BUTTON_BUF.o)
                0x0000de08                isr_BUTTON_BUF_Enable
 .text.isr_BUTTON_BUF_Disable
                0x0000de20       0x18 .\CortexM3\ARM_GCC_473\Debug\GoBee-00.a(isr_BUTTON_BUF.o)
                0x0000de20                isr_BUTTON_BUF_Disable
 .text.isr_EVENTS_IDENTIF_Start
                0x0000de38       0x24 .\CortexM3\ARM_GCC_473\Debug\GoBee-00.a(isr_EVENTS_IDENTIF.o)
                0x0000de38                isr_EVENTS_IDENTIF_Start
 .text.isr_EVENTS_IDENTIF_Interrupt
                0x0000de5c       0x58 .\CortexM3\ARM_GCC_473\Debug\GoBee-00.a(isr_EVENTS_IDENTIF.o)
                0x0000de5c                isr_EVENTS_IDENTIF_Interrupt
 .text.isr_EVENTS_IDENTIF_SetVector
                0x0000deb4       0x28 .\CortexM3\ARM_GCC_473\Debug\GoBee-00.a(isr_EVENTS_IDENTIF.o)
                0x0000deb4                isr_EVENTS_IDENTIF_SetVector
 .text.isr_EVENTS_IDENTIF_SetPriority
                0x0000dedc       0x28 .\CortexM3\ARM_GCC_473\Debug\GoBee-00.a(isr_EVENTS_IDENTIF.o)
                0x0000dedc                isr_EVENTS_IDENTIF_SetPriority
 .text.isr_EVENTS_IDENTIF_Enable
                0x0000df04       0x18 .\CortexM3\ARM_GCC_473\Debug\GoBee-00.a(isr_EVENTS_IDENTIF.o)
                0x0000df04                isr_EVENTS_IDENTIF_Enable
 .text.isr_EVENTS_IDENTIF_Disable
                0x0000df1c       0x18 .\CortexM3\ARM_GCC_473\Debug\GoBee-00.a(isr_EVENTS_IDENTIF.o)
                0x0000df1c                isr_EVENTS_IDENTIF_Disable
 .text.sqrt     0x0000df34       0xa8 c:/program files (x86)/cypress/psoc creator/3.0/psoc creator/import/gnu_cs/arm/4.7.3/bin/../lib/gcc/arm-none-eabi/4.7.3/../../../../arm-none-eabi/lib/armv7-m\libm.a(lib_a-w_sqrt.o)
                0x0000df34                sqrt
 .text.__ieee754_sqrt
                0x0000dfdc      0x208 c:/program files (x86)/cypress/psoc creator/3.0/psoc creator/import/gnu_cs/arm/4.7.3/bin/../lib/gcc/arm-none-eabi/4.7.3/../../../../arm-none-eabi/lib/armv7-m\libm.a(lib_a-e_sqrt.o)
                0x0000dfdc                __ieee754_sqrt
 .text.__fpclassifyd
                0x0000e1e4       0x68 c:/program files (x86)/cypress/psoc creator/3.0/psoc creator/import/gnu_cs/arm/4.7.3/bin/../lib/gcc/arm-none-eabi/4.7.3/../../../../arm-none-eabi/lib/armv7-m\libm.a(lib_a-s_fpclassify.o)
                0x0000e1e4                __fpclassifyd
 .text.matherr  0x0000e24c        0x4 c:/program files (x86)/cypress/psoc creator/3.0/psoc creator/import/gnu_cs/arm/4.7.3/bin/../lib/gcc/arm-none-eabi/4.7.3/../../../../arm-none-eabi/lib/armv7-m\libm.a(lib_a-s_matherr.o)
                0x0000e24c                matherr
 .text          0x0000e250      0x370 c:/program files (x86)/cypress/psoc creator/3.0/psoc creator/import/gnu_cs/arm/4.7.3/bin/../lib/gcc/arm-none-eabi/4.7.3/armv7-m\libgcc.a(_arm_addsubdf3.o)
                0x0000e250                __aeabi_drsub
                0x0000e258                __aeabi_dsub
                0x0000e258                __subdf3
                0x0000e25c                __aeabi_dadd
                0x0000e25c                __adddf3
                0x0000e4d4                __floatunsidf
                0x0000e4d4                __aeabi_ui2d
                0x0000e4f4                __floatsidf
                0x0000e4f4                __aeabi_i2d
                0x0000e518                __aeabi_f2d
                0x0000e518                __extendsfdf2
                0x0000e554                __floatundidf
                0x0000e554                __aeabi_ul2d
                0x0000e564                __floatdidf
                0x0000e564                __aeabi_l2d
 .text          0x0000e5c0      0x424 c:/program files (x86)/cypress/psoc creator/3.0/psoc creator/import/gnu_cs/arm/4.7.3/bin/../lib/gcc/arm-none-eabi/4.7.3/armv7-m\libgcc.a(_arm_muldivdf3.o)
                0x0000e5c0                __aeabi_dmul
                0x0000e5c0                __muldf3
                0x0000e814                __divdf3
                0x0000e814                __aeabi_ddiv
 .text          0x0000e9e4      0x110 c:/program files (x86)/cypress/psoc creator/3.0/psoc creator/import/gnu_cs/arm/4.7.3/bin/../lib/gcc/arm-none-eabi/4.7.3/armv7-m\libgcc.a(_arm_cmpdf2.o)
                0x0000e9e4                __gtdf2
                0x0000e9e4                __gedf2
                0x0000e9ec                __ltdf2
                0x0000e9ec                __ledf2
                0x0000e9f4                __nedf2
                0x0000e9f4                __eqdf2
                0x0000e9f4                __cmpdf2
                0x0000ea70                __aeabi_cdrcmple
                0x0000ea80                __aeabi_cdcmpeq
                0x0000ea80                __aeabi_cdcmple
                0x0000ea90                __aeabi_dcmpeq
                0x0000eaa4                __aeabi_dcmplt
                0x0000eab8                __aeabi_dcmple
                0x0000eacc                __aeabi_dcmpge
                0x0000eae0                __aeabi_dcmpgt
 .text          0x0000eaf4       0x50 c:/program files (x86)/cypress/psoc creator/3.0/psoc creator/import/gnu_cs/arm/4.7.3/bin/../lib/gcc/arm-none-eabi/4.7.3/armv7-m\libgcc.a(_arm_fixdfsi.o)
                0x0000eaf4                __aeabi_d2iz
                0x0000eaf4                __fixdfsi
 .text          0x0000eb44       0xa0 c:/program files (x86)/cypress/psoc creator/3.0/psoc creator/import/gnu_cs/arm/4.7.3/bin/../lib/gcc/arm-none-eabi/4.7.3/armv7-m\libgcc.a(_arm_truncdfsf2.o)
                0x0000eb44                __truncdfsf2
                0x0000eb44                __aeabi_d2f
 .text          0x0000ebe4      0x21c c:/program files (x86)/cypress/psoc creator/3.0/psoc creator/import/gnu_cs/arm/4.7.3/bin/../lib/gcc/arm-none-eabi/4.7.3/armv7-m\libgcc.a(_arm_addsubsf3.o)
                0x0000ebe4                __aeabi_frsub
                0x0000ebec                __subsf3
                0x0000ebec                __aeabi_fsub
                0x0000ebf0                __aeabi_fadd
                0x0000ebf0                __addsf3
                0x0000ed50                __aeabi_ui2f
                0x0000ed50                __floatunsisf
                0x0000ed58                __aeabi_i2f
                0x0000ed58                __floatsisf
                0x0000ed74                __aeabi_ul2f
                0x0000ed74                __floatundisf
                0x0000ed84                __aeabi_l2f
                0x0000ed84                __floatdisf
 .text          0x0000ee00      0x2a0 c:/program files (x86)/cypress/psoc creator/3.0/psoc creator/import/gnu_cs/arm/4.7.3/bin/../lib/gcc/arm-none-eabi/4.7.3/armv7-m\libgcc.a(_arm_muldivsf3.o)
                0x0000ee00                __mulsf3
                0x0000ee00                __aeabi_fmul
                0x0000ef68                __aeabi_fdiv
                0x0000ef68                __divsf3
 .text          0x0000f0a0       0xec c:/program files (x86)/cypress/psoc creator/3.0/psoc creator/import/gnu_cs/arm/4.7.3/bin/../lib/gcc/arm-none-eabi/4.7.3/armv7-m\libgcc.a(_arm_cmpsf2.o)
                0x0000f0a0                __gesf2
                0x0000f0a0                __gtsf2
                0x0000f0a8                __lesf2
                0x0000f0a8                __ltsf2
                0x0000f0b0                __nesf2
                0x0000f0b0                __eqsf2
                0x0000f0b0                __cmpsf2
                0x0000f110                __aeabi_cfrcmple
                0x0000f118                __aeabi_cfcmpeq
                0x0000f118                __aeabi_cfcmple
                0x0000f128                __aeabi_fcmpeq
                0x0000f13c                __aeabi_fcmplt
                0x0000f150                __aeabi_fcmple
                0x0000f164                __aeabi_fcmpge
                0x0000f178                __aeabi_fcmpgt
 .text          0x0000f18c       0x4c c:/program files (x86)/cypress/psoc creator/3.0/psoc creator/import/gnu_cs/arm/4.7.3/bin/../lib/gcc/arm-none-eabi/4.7.3/armv7-m\libgcc.a(_arm_fixsfsi.o)
                0x0000f18c                __aeabi_f2iz
                0x0000f18c                __fixsfsi
 .text          0x0000f1d8       0x40 c:/program files (x86)/cypress/psoc creator/3.0/psoc creator/import/gnu_cs/arm/4.7.3/bin/../lib/gcc/arm-none-eabi/4.7.3/armv7-m\libgcc.a(_arm_fixunssfsi.o)
                0x0000f1d8                __fixunssfsi
                0x0000f1d8                __aeabi_f2uiz
 .text.__register_exitproc
                0x0000f218       0xac c:/program files (x86)/cypress/psoc creator/3.0/psoc creator/import/gnu_cs/arm/4.7.3/bin/../lib/gcc/arm-none-eabi/4.7.3/../../../../arm-none-eabi/lib/armv7-m\libg.a(lib_a-__atexit.o)
                0x0000f218                __register_exitproc
 .text.atof     0x0000f2c4        0x8 c:/program files (x86)/cypress/psoc creator/3.0/psoc creator/import/gnu_cs/arm/4.7.3/bin/../lib/gcc/arm-none-eabi/4.7.3/../../../../arm-none-eabi/lib/armv7-m\libg.a(lib_a-atof.o)
                0x0000f2c4                atof
 .text.atoi     0x0000f2cc        0x8 c:/program files (x86)/cypress/psoc creator/3.0/psoc creator/import/gnu_cs/arm/4.7.3/bin/../lib/gcc/arm-none-eabi/4.7.3/../../../../arm-none-eabi/lib/armv7-m\libg.a(lib_a-atoi.o)
                0x0000f2cc                atoi
 .text.__errno  0x0000f2d4        0xc c:/program files (x86)/cypress/psoc creator/3.0/psoc creator/import/gnu_cs/arm/4.7.3/bin/../lib/gcc/arm-none-eabi/4.7.3/../../../../arm-none-eabi/lib/armv7-m\libg.a(lib_a-errno.o)
                0x0000f2d4                __errno
 .text.__libc_fini_array
                0x0000f2e0       0x50 c:/program files (x86)/cypress/psoc creator/3.0/psoc creator/import/gnu_cs/arm/4.7.3/bin/../lib/gcc/arm-none-eabi/4.7.3/../../../../arm-none-eabi/lib/armv7-m\libg.a(lib_a-fini.o)
                0x0000f2e0                __libc_fini_array
 .text.__libc_init_array
                0x0000f330       0x94 c:/program files (x86)/cypress/psoc creator/3.0/psoc creator/import/gnu_cs/arm/4.7.3/bin/../lib/gcc/arm-none-eabi/4.7.3/../../../../arm-none-eabi/lib/armv7-m\libg.a(lib_a-init.o)
                0x0000f330                __libc_init_array
 .text.memcpy   0x0000f3c4      0x15c c:/program files (x86)/cypress/psoc creator/3.0/psoc creator/import/gnu_cs/arm/4.7.3/bin/../lib/gcc/arm-none-eabi/4.7.3/../../../../arm-none-eabi/lib/armv7-m\libg.a(lib_a-memcpy.o)
                0x0000f3c4                memcpy
 .text.memset   0x0000f520      0x12c c:/program files (x86)/cypress/psoc creator/3.0/psoc creator/import/gnu_cs/arm/4.7.3/bin/../lib/gcc/arm-none-eabi/4.7.3/../../../../arm-none-eabi/lib/armv7-m\libg.a(lib_a-memset.o)
                0x0000f520                memset
 .text.printf   0x0000f64c       0x2c c:/program files (x86)/cypress/psoc creator/3.0/psoc creator/import/gnu_cs/arm/4.7.3/bin/../lib/gcc/arm-none-eabi/4.7.3/../../../../arm-none-eabi/lib/armv7-m\libg.a(lib_a-printf.o)
                0x0000f64c                printf
 .text.putchar  0x0000f678       0x14 c:/program files (x86)/cypress/psoc creator/3.0/psoc creator/import/gnu_cs/arm/4.7.3/bin/../lib/gcc/arm-none-eabi/4.7.3/../../../../arm-none-eabi/lib/armv7-m\libg.a(lib_a-putchar.o)
                0x0000f678                putchar
 .text._puts_r  0x0000f68c       0x68 c:/program files (x86)/cypress/psoc creator/3.0/psoc creator/import/gnu_cs/arm/4.7.3/bin/../lib/gcc/arm-none-eabi/4.7.3/../../../../arm-none-eabi/lib/armv7-m\libg.a(lib_a-puts.o)
                0x0000f68c                _puts_r
 .text.puts     0x0000f6f4       0x10 c:/program files (x86)/cypress/psoc creator/3.0/psoc creator/import/gnu_cs/arm/4.7.3/bin/../lib/gcc/arm-none-eabi/4.7.3/../../../../arm-none-eabi/lib/armv7-m\libg.a(lib_a-puts.o)
                0x0000f6f4                puts
 .text.setvbuf  0x0000f704      0x10c c:/program files (x86)/cypress/psoc creator/3.0/psoc creator/import/gnu_cs/arm/4.7.3/bin/../lib/gcc/arm-none-eabi/4.7.3/../../../../arm-none-eabi/lib/armv7-m\libg.a(lib_a-setvbuf.o)
                0x0000f704                setvbuf
 .text.strcmp   0x0000f810       0x80 c:/program files (x86)/cypress/psoc creator/3.0/psoc creator/import/gnu_cs/arm/4.7.3/bin/../lib/gcc/arm-none-eabi/4.7.3/../../../../arm-none-eabi/lib/armv7-m\libg.a(lib_a-strcmp.o)
                0x0000f810                strcmp
 .text.strcmp_unaligned
                0x0000f890      0x15c c:/program files (x86)/cypress/psoc creator/3.0/psoc creator/import/gnu_cs/arm/4.7.3/bin/../lib/gcc/arm-none-eabi/4.7.3/../../../../arm-none-eabi/lib/armv7-m\libg.a(lib_a-strcmp.o)
 .text.strcpy   0x0000f9ec       0xbc c:/program files (x86)/cypress/psoc creator/3.0/psoc creator/import/gnu_cs/arm/4.7.3/bin/../lib/gcc/arm-none-eabi/4.7.3/../../../../arm-none-eabi/lib/armv7-m\libg.a(lib_a-strcpy.o)
                0x0000f9ec                strcpy
 .text.strlen   0x0000faa8       0x60 c:/program files (x86)/cypress/psoc creator/3.0/psoc creator/import/gnu_cs/arm/4.7.3/bin/../lib/gcc/arm-none-eabi/4.7.3/../../../../arm-none-eabi/lib/armv7-m\libg.a(lib_a-strlen.o)
                0x0000faa8                strlen
 .text._strtod_r
                0x0000fb08      0xeb0 c:/program files (x86)/cypress/psoc creator/3.0/psoc creator/import/gnu_cs/arm/4.7.3/bin/../lib/gcc/arm-none-eabi/4.7.3/../../../../arm-none-eabi/lib/armv7-m\libg.a(lib_a-strtod.o)
                0x0000fb08                _strtod_r
 .text.strtod   0x000109b8       0x18 c:/program files (x86)/cypress/psoc creator/3.0/psoc creator/import/gnu_cs/arm/4.7.3/bin/../lib/gcc/arm-none-eabi/4.7.3/../../../../arm-none-eabi/lib/armv7-m\libg.a(lib_a-strtod.o)
                0x000109b8                strtod
 .text.strtok   0x000109d0       0x14 c:/program files (x86)/cypress/psoc creator/3.0/psoc creator/import/gnu_cs/arm/4.7.3/bin/../lib/gcc/arm-none-eabi/4.7.3/../../../../arm-none-eabi/lib/armv7-m\libg.a(lib_a-strtok.o)
                0x000109d0                strtok
 .text.__strtok_r
                0x000109e4       0x60 c:/program files (x86)/cypress/psoc creator/3.0/psoc creator/import/gnu_cs/arm/4.7.3/bin/../lib/gcc/arm-none-eabi/4.7.3/../../../../arm-none-eabi/lib/armv7-m\libg.a(lib_a-strtok_r.o)
                0x000109e4                __strtok_r
 .text._strtol_r
                0x00010a44      0x130 c:/program files (x86)/cypress/psoc creator/3.0/psoc creator/import/gnu_cs/arm/4.7.3/bin/../lib/gcc/arm-none-eabi/4.7.3/../../../../arm-none-eabi/lib/armv7-m\libg.a(lib_a-strtol.o)
                0x00010a44                _strtol_r
 .text.strtol   0x00010b74       0x1c c:/program files (x86)/cypress/psoc creator/3.0/psoc creator/import/gnu_cs/arm/4.7.3/bin/../lib/gcc/arm-none-eabi/4.7.3/../../../../arm-none-eabi/lib/armv7-m\libg.a(lib_a-strtol.o)
                0x00010b74                strtol
 .text._vfprintf_r
                0x00010b90     0x1c48 c:/program files (x86)/cypress/psoc creator/3.0/psoc creator/import/gnu_cs/arm/4.7.3/bin/../lib/gcc/arm-none-eabi/4.7.3/../../../../arm-none-eabi/lib/armv7-m\libg.a(lib_a-vfprintf.o)
                0x00010b90                _vfprintf_r
 .text.__sbprintf
                0x000127d8       0x80 c:/program files (x86)/cypress/psoc creator/3.0/psoc creator/import/gnu_cs/arm/4.7.3/bin/../lib/gcc/arm-none-eabi/4.7.3/../../../../arm-none-eabi/lib/armv7-m\libg.a(lib_a-vfprintf.o)
 .text.__swsetup_r
                0x00012858       0xc4 c:/program files (x86)/cypress/psoc creator/3.0/psoc creator/import/gnu_cs/arm/4.7.3/bin/../lib/gcc/arm-none-eabi/4.7.3/../../../../arm-none-eabi/lib/armv7-m\libg.a(lib_a-wsetup.o)
                0x00012858                __swsetup_r
 .text.startup.register_fini
                0x0001291c       0x14 c:/program files (x86)/cypress/psoc creator/3.0/psoc creator/import/gnu_cs/arm/4.7.3/bin/../lib/gcc/arm-none-eabi/4.7.3/../../../../arm-none-eabi/lib/armv7-m\libg.a(lib_a-__call_atexit.o)
 .text.atexit   0x00012930        0xc c:/program files (x86)/cypress/psoc creator/3.0/psoc creator/import/gnu_cs/arm/4.7.3/bin/../lib/gcc/arm-none-eabi/4.7.3/../../../../arm-none-eabi/lib/armv7-m\libg.a(lib_a-atexit.o)
                0x00012930                atexit
 .text.quorem   0x0001293c      0x2ec c:/program files (x86)/cypress/psoc creator/3.0/psoc creator/import/gnu_cs/arm/4.7.3/bin/../lib/gcc/arm-none-eabi/4.7.3/../../../../arm-none-eabi/lib/armv7-m\libg.a(lib_a-dtoa.o)
 .text._dtoa_r  0x00012c28     0x11f8 c:/program files (x86)/cypress/psoc creator/3.0/psoc creator/import/gnu_cs/arm/4.7.3/bin/../lib/gcc/arm-none-eabi/4.7.3/../../../../arm-none-eabi/lib/armv7-m\libg.a(lib_a-dtoa.o)
                0x00012c28                _dtoa_r
 .text._fflush_r
                0x00013e20      0x164 c:/program files (x86)/cypress/psoc creator/3.0/psoc creator/import/gnu_cs/arm/4.7.3/bin/../lib/gcc/arm-none-eabi/4.7.3/../../../../arm-none-eabi/lib/armv7-m\libg.a(lib_a-fflush.o)
                0x00013e20                _fflush_r
 .text._cleanup_r
                0x00013f84        0xc c:/program files (x86)/cypress/psoc creator/3.0/psoc creator/import/gnu_cs/arm/4.7.3/bin/../lib/gcc/arm-none-eabi/4.7.3/../../../../arm-none-eabi/lib/armv7-m\libg.a(lib_a-findfp.o)
                0x00013f84                _cleanup_r
 .text.std.isra.0
                0x00013f90       0x50 c:/program files (x86)/cypress/psoc creator/3.0/psoc creator/import/gnu_cs/arm/4.7.3/bin/../lib/gcc/arm-none-eabi/4.7.3/../../../../arm-none-eabi/lib/armv7-m\libg.a(lib_a-findfp.o)
 .text.__sinit  0x00013fe0       0x4c c:/program files (x86)/cypress/psoc creator/3.0/psoc creator/import/gnu_cs/arm/4.7.3/bin/../lib/gcc/arm-none-eabi/4.7.3/../../../../arm-none-eabi/lib/armv7-m\libg.a(lib_a-findfp.o)
                0x00013fe0                __sinit
 .text.__sfp_lock_acquire
                0x0001402c        0x4 c:/program files (x86)/cypress/psoc creator/3.0/psoc creator/import/gnu_cs/arm/4.7.3/bin/../lib/gcc/arm-none-eabi/4.7.3/../../../../arm-none-eabi/lib/armv7-m\libg.a(lib_a-findfp.o)
                0x0001402c                __sfp_lock_acquire
 .text.__sfp_lock_release
                0x00014030        0x4 c:/program files (x86)/cypress/psoc creator/3.0/psoc creator/import/gnu_cs/arm/4.7.3/bin/../lib/gcc/arm-none-eabi/4.7.3/../../../../arm-none-eabi/lib/armv7-m\libg.a(lib_a-findfp.o)
                0x00014030                __sfp_lock_release
 .text._malloc_trim_r
                0x00014034       0x98 c:/program files (x86)/cypress/psoc creator/3.0/psoc creator/import/gnu_cs/arm/4.7.3/bin/../lib/gcc/arm-none-eabi/4.7.3/../../../../arm-none-eabi/lib/armv7-m\libg.a(lib_a-freer.o)
                0x00014034                _malloc_trim_r
 .text._free_r  0x000140cc      0x194 c:/program files (x86)/cypress/psoc creator/3.0/psoc creator/import/gnu_cs/arm/4.7.3/bin/../lib/gcc/arm-none-eabi/4.7.3/../../../../arm-none-eabi/lib/armv7-m\libg.a(lib_a-freer.o)
                0x000140cc                _free_r
 .text.__sfvwrite_r
                0x00014260      0x314 c:/program files (x86)/cypress/psoc creator/3.0/psoc creator/import/gnu_cs/arm/4.7.3/bin/../lib/gcc/arm-none-eabi/4.7.3/../../../../arm-none-eabi/lib/armv7-m\libg.a(lib_a-fvwrite.o)
                0x00014260                __sfvwrite_r
 .text._fwalk   0x00014574       0xb8 c:/program files (x86)/cypress/psoc creator/3.0/psoc creator/import/gnu_cs/arm/4.7.3/bin/../lib/gcc/arm-none-eabi/4.7.3/../../../../arm-none-eabi/lib/armv7-m\libg.a(lib_a-fwalk.o)
                0x00014574                _fwalk
 .text.rshift   0x0001462c      0x148 c:/program files (x86)/cypress/psoc creator/3.0/psoc creator/import/gnu_cs/arm/4.7.3/bin/../lib/gcc/arm-none-eabi/4.7.3/../../../../arm-none-eabi/lib/armv7-m\libg.a(lib_a-gdtoa-gethex.o)
 .text.__hexdig_init
                0x00014774       0x50 c:/program files (x86)/cypress/psoc creator/3.0/psoc creator/import/gnu_cs/arm/4.7.3/bin/../lib/gcc/arm-none-eabi/4.7.3/../../../../arm-none-eabi/lib/armv7-m\libg.a(lib_a-gdtoa-gethex.o)
                0x00014774                __hexdig_init
 .text.__gethex
                0x000147c4      0x588 c:/program files (x86)/cypress/psoc creator/3.0/psoc creator/import/gnu_cs/arm/4.7.3/bin/../lib/gcc/arm-none-eabi/4.7.3/../../../../arm-none-eabi/lib/armv7-m\libg.a(lib_a-gdtoa-gethex.o)
                0x000147c4                __gethex
 .text.__hexnan
                0x00014d4c      0x2f0 c:/program files (x86)/cypress/psoc creator/3.0/psoc creator/import/gnu_cs/arm/4.7.3/bin/../lib/gcc/arm-none-eabi/4.7.3/../../../../arm-none-eabi/lib/armv7-m\libg.a(lib_a-gdtoa-hexnan.o)
                0x00014d4c                __hexnan
 .text.__locale_charset
                0x0001503c        0xc c:/program files (x86)/cypress/psoc creator/3.0/psoc creator/import/gnu_cs/arm/4.7.3/bin/../lib/gcc/arm-none-eabi/4.7.3/../../../../arm-none-eabi/lib/armv7-m\libg.a(lib_a-locale.o)
                0x0001503c                __locale_charset
 .text.__locale_mb_cur_max
                0x00015048        0xc c:/program files (x86)/cypress/psoc creator/3.0/psoc creator/import/gnu_cs/arm/4.7.3/bin/../lib/gcc/arm-none-eabi/4.7.3/../../../../arm-none-eabi/lib/armv7-m\libg.a(lib_a-locale.o)
                0x00015048                __locale_mb_cur_max
 .text._localeconv_r
                0x00015054        0xc c:/program files (x86)/cypress/psoc creator/3.0/psoc creator/import/gnu_cs/arm/4.7.3/bin/../lib/gcc/arm-none-eabi/4.7.3/../../../../arm-none-eabi/lib/armv7-m\libg.a(lib_a-locale.o)
                0x00015054                _localeconv_r
 .text.__smakebuf_r
                0x00015060       0xe8 c:/program files (x86)/cypress/psoc creator/3.0/psoc creator/import/gnu_cs/arm/4.7.3/bin/../lib/gcc/arm-none-eabi/4.7.3/../../../../arm-none-eabi/lib/armv7-m\libg.a(lib_a-makebuf.o)
                0x00015060                __smakebuf_r
 .text.malloc   0x00015148       0x10 c:/program files (x86)/cypress/psoc creator/3.0/psoc creator/import/gnu_cs/arm/4.7.3/bin/../lib/gcc/arm-none-eabi/4.7.3/../../../../arm-none-eabi/lib/armv7-m\libg.a(lib_a-malloc.o)
                0x00015148                malloc
 .text._malloc_r
                0x00015158      0x530 c:/program files (x86)/cypress/psoc creator/3.0/psoc creator/import/gnu_cs/arm/4.7.3/bin/../lib/gcc/arm-none-eabi/4.7.3/../../../../arm-none-eabi/lib/armv7-m\libg.a(lib_a-mallocr.o)
                0x00015158                _malloc_r
 .text.memchr   0x00015688      0x140 c:/program files (x86)/cypress/psoc creator/3.0/psoc creator/import/gnu_cs/arm/4.7.3/bin/../lib/gcc/arm-none-eabi/4.7.3/../../../../arm-none-eabi/lib/armv7-m\libg.a(lib_a-memchr.o)
                0x00015688                memchr
 .text.memmove  0x000157c8      0x1b0 c:/program files (x86)/cypress/psoc creator/3.0/psoc creator/import/gnu_cs/arm/4.7.3/bin/../lib/gcc/arm-none-eabi/4.7.3/../../../../arm-none-eabi/lib/armv7-m\libg.a(lib_a-memmove.o)
                0x000157c8                memmove
 .text.__malloc_lock
                0x00015978        0x4 c:/program files (x86)/cypress/psoc creator/3.0/psoc creator/import/gnu_cs/arm/4.7.3/bin/../lib/gcc/arm-none-eabi/4.7.3/../../../../arm-none-eabi/lib/armv7-m\libg.a(lib_a-mlock.o)
                0x00015978                __malloc_lock
 .text.__malloc_unlock
                0x0001597c        0x4 c:/program files (x86)/cypress/psoc creator/3.0/psoc creator/import/gnu_cs/arm/4.7.3/bin/../lib/gcc/arm-none-eabi/4.7.3/../../../../arm-none-eabi/lib/armv7-m\libg.a(lib_a-mlock.o)
                0x0001597c                __malloc_unlock
 .text._Balloc  0x00015980       0x4c c:/program files (x86)/cypress/psoc creator/3.0/psoc creator/import/gnu_cs/arm/4.7.3/bin/../lib/gcc/arm-none-eabi/4.7.3/../../../../arm-none-eabi/lib/armv7-m\libg.a(lib_a-mprec.o)
                0x00015980                _Balloc
 .text._Bfree   0x000159cc       0x14 c:/program files (x86)/cypress/psoc creator/3.0/psoc creator/import/gnu_cs/arm/4.7.3/bin/../lib/gcc/arm-none-eabi/4.7.3/../../../../arm-none-eabi/lib/armv7-m\libg.a(lib_a-mprec.o)
                0x000159cc                _Bfree
 .text.__multadd
                0x000159e0       0xfc c:/program files (x86)/cypress/psoc creator/3.0/psoc creator/import/gnu_cs/arm/4.7.3/bin/../lib/gcc/arm-none-eabi/4.7.3/../../../../arm-none-eabi/lib/armv7-m\libg.a(lib_a-mprec.o)
                0x000159e0                __multadd
 .text.__s2b    0x00015adc      0x140 c:/program files (x86)/cypress/psoc creator/3.0/psoc creator/import/gnu_cs/arm/4.7.3/bin/../lib/gcc/arm-none-eabi/4.7.3/../../../../arm-none-eabi/lib/armv7-m\libg.a(lib_a-mprec.o)
                0x00015adc                __s2b
 .text.__hi0bits
                0x00015c1c       0x3c c:/program files (x86)/cypress/psoc creator/3.0/psoc creator/import/gnu_cs/arm/4.7.3/bin/../lib/gcc/arm-none-eabi/4.7.3/../../../../arm-none-eabi/lib/armv7-m\libg.a(lib_a-mprec.o)
                0x00015c1c                __hi0bits
 .text.__lo0bits
                0x00015c58       0x5c c:/program files (x86)/cypress/psoc creator/3.0/psoc creator/import/gnu_cs/arm/4.7.3/bin/../lib/gcc/arm-none-eabi/4.7.3/../../../../arm-none-eabi/lib/armv7-m\libg.a(lib_a-mprec.o)
                0x00015c58                __lo0bits
 .text.__i2b    0x00015cb4       0x14 c:/program files (x86)/cypress/psoc creator/3.0/psoc creator/import/gnu_cs/arm/4.7.3/bin/../lib/gcc/arm-none-eabi/4.7.3/../../../../arm-none-eabi/lib/armv7-m\libg.a(lib_a-mprec.o)
                0x00015cb4                __i2b
 .text.__multiply
                0x00015cc8      0x2d0 c:/program files (x86)/cypress/psoc creator/3.0/psoc creator/import/gnu_cs/arm/4.7.3/bin/../lib/gcc/arm-none-eabi/4.7.3/../../../../arm-none-eabi/lib/armv7-m\libg.a(lib_a-mprec.o)
                0x00015cc8                __multiply
 .text.__pow5mult
                0x00015f98       0x94 c:/program files (x86)/cypress/psoc creator/3.0/psoc creator/import/gnu_cs/arm/4.7.3/bin/../lib/gcc/arm-none-eabi/4.7.3/../../../../arm-none-eabi/lib/armv7-m\libg.a(lib_a-mprec.o)
                0x00015f98                __pow5mult
 .text.__lshift
                0x0001602c      0x16c c:/program files (x86)/cypress/psoc creator/3.0/psoc creator/import/gnu_cs/arm/4.7.3/bin/../lib/gcc/arm-none-eabi/4.7.3/../../../../arm-none-eabi/lib/armv7-m\libg.a(lib_a-mprec.o)
                0x0001602c                __lshift
 .text.__mcmp   0x00016198       0x5c c:/program files (x86)/cypress/psoc creator/3.0/psoc creator/import/gnu_cs/arm/4.7.3/bin/../lib/gcc/arm-none-eabi/4.7.3/../../../../arm-none-eabi/lib/armv7-m\libg.a(lib_a-mprec.o)
                0x00016198                __mcmp
 .text.__mdiff  0x000161f4      0x218 c:/program files (x86)/cypress/psoc creator/3.0/psoc creator/import/gnu_cs/arm/4.7.3/bin/../lib/gcc/arm-none-eabi/4.7.3/../../../../arm-none-eabi/lib/armv7-m\libg.a(lib_a-mprec.o)
                0x000161f4                __mdiff
 .text.__ulp    0x0001640c       0x44 c:/program files (x86)/cypress/psoc creator/3.0/psoc creator/import/gnu_cs/arm/4.7.3/bin/../lib/gcc/arm-none-eabi/4.7.3/../../../../arm-none-eabi/lib/armv7-m\libg.a(lib_a-mprec.o)
                0x0001640c                __ulp
 .text.__b2d    0x00016450       0xbc c:/program files (x86)/cypress/psoc creator/3.0/psoc creator/import/gnu_cs/arm/4.7.3/bin/../lib/gcc/arm-none-eabi/4.7.3/../../../../arm-none-eabi/lib/armv7-m\libg.a(lib_a-mprec.o)
                0x00016450                __b2d
 .text.__d2b    0x0001650c       0xc0 c:/program files (x86)/cypress/psoc creator/3.0/psoc creator/import/gnu_cs/arm/4.7.3/bin/../lib/gcc/arm-none-eabi/4.7.3/../../../../arm-none-eabi/lib/armv7-m\libg.a(lib_a-mprec.o)
                0x0001650c                __d2b
 .text.__ratio  0x000165cc       0x54 c:/program files (x86)/cypress/psoc creator/3.0/psoc creator/import/gnu_cs/arm/4.7.3/bin/../lib/gcc/arm-none-eabi/4.7.3/../../../../arm-none-eabi/lib/armv7-m\libg.a(lib_a-mprec.o)
                0x000165cc                __ratio
 .text.__copybits
                0x00016620       0xa0 c:/program files (x86)/cypress/psoc creator/3.0/psoc creator/import/gnu_cs/arm/4.7.3/bin/../lib/gcc/arm-none-eabi/4.7.3/../../../../arm-none-eabi/lib/armv7-m\libg.a(lib_a-mprec.o)
                0x00016620                __copybits
 .text.__any_on
                0x000166c0       0x74 c:/program files (x86)/cypress/psoc creator/3.0/psoc creator/import/gnu_cs/arm/4.7.3/bin/../lib/gcc/arm-none-eabi/4.7.3/../../../../arm-none-eabi/lib/armv7-m\libg.a(lib_a-mprec.o)
                0x000166c0                __any_on
 .text._putc_r  0x00016734       0x60 c:/program files (x86)/cypress/psoc creator/3.0/psoc creator/import/gnu_cs/arm/4.7.3/bin/../lib/gcc/arm-none-eabi/4.7.3/../../../../arm-none-eabi/lib/armv7-m\libg.a(lib_a-putc.o)
                0x00016734                _putc_r
 .text._realloc_r
                0x00016794      0x3ec c:/program files (x86)/cypress/psoc creator/3.0/psoc creator/import/gnu_cs/arm/4.7.3/bin/../lib/gcc/arm-none-eabi/4.7.3/../../../../arm-none-eabi/lib/armv7-m\libg.a(lib_a-reallocr.o)
                0x00016794                _realloc_r
 .text._sbrk_r  0x00016b80       0x24 c:/program files (x86)/cypress/psoc creator/3.0/psoc creator/import/gnu_cs/arm/4.7.3/bin/../lib/gcc/arm-none-eabi/4.7.3/../../../../arm-none-eabi/lib/armv7-m\libg.a(lib_a-sbrkr.o)
                0x00016b80                _sbrk_r
 .text.__sread  0x00016ba4       0x24 c:/program files (x86)/cypress/psoc creator/3.0/psoc creator/import/gnu_cs/arm/4.7.3/bin/../lib/gcc/arm-none-eabi/4.7.3/../../../../arm-none-eabi/lib/armv7-m\libg.a(lib_a-stdio.o)
                0x00016ba4                __sread
 .text.__swrite
                0x00016bc8       0x44 c:/program files (x86)/cypress/psoc creator/3.0/psoc creator/import/gnu_cs/arm/4.7.3/bin/../lib/gcc/arm-none-eabi/4.7.3/../../../../arm-none-eabi/lib/armv7-m\libg.a(lib_a-stdio.o)
                0x00016bc8                __swrite
 .text.__sseek  0x00016c0c       0x24 c:/program files (x86)/cypress/psoc creator/3.0/psoc creator/import/gnu_cs/arm/4.7.3/bin/../lib/gcc/arm-none-eabi/4.7.3/../../../../arm-none-eabi/lib/armv7-m\libg.a(lib_a-stdio.o)
                0x00016c0c                __sseek
 .text.__sclose
                0x00016c30        0x8 c:/program files (x86)/cypress/psoc creator/3.0/psoc creator/import/gnu_cs/arm/4.7.3/bin/../lib/gcc/arm-none-eabi/4.7.3/../../../../arm-none-eabi/lib/armv7-m\libg.a(lib_a-stdio.o)
                0x00016c30                __sclose
 .text.strncmp  0x00016c38      0x120 c:/program files (x86)/cypress/psoc creator/3.0/psoc creator/import/gnu_cs/arm/4.7.3/bin/../lib/gcc/arm-none-eabi/4.7.3/../../../../arm-none-eabi/lib/armv7-m\libg.a(lib_a-strncmp.o)
                0x00016c38                strncmp
 .text.__sprint_r
                0x00016d58       0xc0 c:/program files (x86)/cypress/psoc creator/3.0/psoc creator/import/gnu_cs/arm/4.7.3/bin/../lib/gcc/arm-none-eabi/4.7.3/../../../../arm-none-eabi/lib/armv7-m\libg.a(lib_a-vfiprintf.o)
                0x00016d58                __sprint_r
 .text.__swbuf_r
                0x00016e18       0xbc c:/program files (x86)/cypress/psoc creator/3.0/psoc creator/import/gnu_cs/arm/4.7.3/bin/../lib/gcc/arm-none-eabi/4.7.3/../../../../arm-none-eabi/lib/armv7-m\libg.a(lib_a-wbuf.o)
                0x00016e18                __swbuf_r
 .text._write_r
                0x00016ed4       0x28 c:/program files (x86)/cypress/psoc creator/3.0/psoc creator/import/gnu_cs/arm/4.7.3/bin/../lib/gcc/arm-none-eabi/4.7.3/../../../../arm-none-eabi/lib/armv7-m\libg.a(lib_a-writer.o)
                0x00016ed4                _write_r
 .text._calloc_r
                0x00016efc       0x60 c:/program files (x86)/cypress/psoc creator/3.0/psoc creator/import/gnu_cs/arm/4.7.3/bin/../lib/gcc/arm-none-eabi/4.7.3/../../../../arm-none-eabi/lib/armv7-m\libg.a(lib_a-callocr.o)
                0x00016efc                _calloc_r
 .text._close_r
                0x00016f5c       0x24 c:/program files (x86)/cypress/psoc creator/3.0/psoc creator/import/gnu_cs/arm/4.7.3/bin/../lib/gcc/arm-none-eabi/4.7.3/../../../../arm-none-eabi/lib/armv7-m\libg.a(lib_a-closer.o)
                0x00016f5c                _close_r
 .text._fclose_r
                0x00016f80       0x94 c:/program files (x86)/cypress/psoc creator/3.0/psoc creator/import/gnu_cs/arm/4.7.3/bin/../lib/gcc/arm-none-eabi/4.7.3/../../../../arm-none-eabi/lib/armv7-m\libg.a(lib_a-fclose.o)
                0x00016f80                _fclose_r
 .text.fclose   0x00017014       0x10 c:/program files (x86)/cypress/psoc creator/3.0/psoc creator/import/gnu_cs/arm/4.7.3/bin/../lib/gcc/arm-none-eabi/4.7.3/../../../../arm-none-eabi/lib/armv7-m\libg.a(lib_a-fclose.o)
                0x00017014                fclose
 .text._fputwc_r
                0x00017024      0x1b0 c:/program files (x86)/cypress/psoc creator/3.0/psoc creator/import/gnu_cs/arm/4.7.3/bin/../lib/gcc/arm-none-eabi/4.7.3/../../../../arm-none-eabi/lib/armv7-m\libg.a(lib_a-fputwc.o)
                0x00017024                _fputwc_r
 .text._fstat_r
                0x000171d4       0x28 c:/program files (x86)/cypress/psoc creator/3.0/psoc creator/import/gnu_cs/arm/4.7.3/bin/../lib/gcc/arm-none-eabi/4.7.3/../../../../arm-none-eabi/lib/armv7-m\libg.a(lib_a-fstatr.o)
                0x000171d4                _fstat_r
 .text._isatty_r
                0x000171fc       0x24 c:/program files (x86)/cypress/psoc creator/3.0/psoc creator/import/gnu_cs/arm/4.7.3/bin/../lib/gcc/arm-none-eabi/4.7.3/../../../../arm-none-eabi/lib/armv7-m\libg.a(lib_a-isattyr.o)
                0x000171fc                _isatty_r
 .text._lseek_r
                0x00017220       0x28 c:/program files (x86)/cypress/psoc creator/3.0/psoc creator/import/gnu_cs/arm/4.7.3/bin/../lib/gcc/arm-none-eabi/4.7.3/../../../../arm-none-eabi/lib/armv7-m\libg.a(lib_a-lseekr.o)
                0x00017220                _lseek_r
 .text._read_r  0x00017248       0x28 c:/program files (x86)/cypress/psoc creator/3.0/psoc creator/import/gnu_cs/arm/4.7.3/bin/../lib/gcc/arm-none-eabi/4.7.3/../../../../arm-none-eabi/lib/armv7-m\libg.a(lib_a-readr.o)
                0x00017248                _read_r
 .text._wcrtomb_r
                0x00017270       0x50 c:/program files (x86)/cypress/psoc creator/3.0/psoc creator/import/gnu_cs/arm/4.7.3/bin/../lib/gcc/arm-none-eabi/4.7.3/../../../../arm-none-eabi/lib/armv7-m\libg.a(lib_a-wcrtomb.o)
                0x00017270                _wcrtomb_r
 .text.__ascii_wctomb
                0x000172c0       0x1c c:/program files (x86)/cypress/psoc creator/3.0/psoc creator/import/gnu_cs/arm/4.7.3/bin/../lib/gcc/arm-none-eabi/4.7.3/../../../../arm-none-eabi/lib/armv7-m\libg.a(lib_a-wctomb_r.o)
                0x000172c0                __ascii_wctomb
 .text          0x000172dc       0x40 c:/program files (x86)/cypress/psoc creator/3.0/psoc creator/import/gnu_cs/arm/4.7.3/bin/../lib/gcc/arm-none-eabi/4.7.3/armv7-m\libgcc.a(_arm_fixunsdfsi.o)
                0x000172dc                __aeabi_d2uiz
                0x000172dc                __fixunsdfsi
 .text          0x0001731c       0x2c c:/program files (x86)/cypress/psoc creator/3.0/psoc creator/import/gnu_cs/arm/4.7.3/bin/../lib/gcc/arm-none-eabi/4.7.3/armv7-m\libgcc.a(_aeabi_uldivmod.o)
                0x0001731c                __aeabi_uldivmod
 .text          0x00017348       0x60 c:/program files (x86)/cypress/psoc creator/3.0/psoc creator/import/gnu_cs/arm/4.7.3/bin/../lib/gcc/arm-none-eabi/4.7.3/armv7-m\libgcc.a(bpabi.o)
                0x00017348                __gnu_ldivmod_helper
                0x00017378                __gnu_uldivmod_helper
 .text          0x000173a8        0x4 c:/program files (x86)/cypress/psoc creator/3.0/psoc creator/import/gnu_cs/arm/4.7.3/bin/../lib/gcc/arm-none-eabi/4.7.3/armv7-m\libgcc.a(_dvmd_tls.o)
                0x000173a8                __aeabi_idiv0
                0x000173a8                __aeabi_ldiv0
 .text          0x000173ac      0x2bc c:/program files (x86)/cypress/psoc creator/3.0/psoc creator/import/gnu_cs/arm/4.7.3/bin/../lib/gcc/arm-none-eabi/4.7.3/armv7-m\libgcc.a(_divdi3.o)
                0x000173ac                __divdi3
 .text          0x00017668      0x28c c:/program files (x86)/cypress/psoc creator/3.0/psoc creator/import/gnu_cs/arm/4.7.3/bin/../lib/gcc/arm-none-eabi/4.7.3/armv7-m\libgcc.a(_udivdi3.o)
                0x00017668                __udivdi3
 .text._sbrk    0x000178f4       0x34 c:/program files (x86)/cypress/psoc creator/3.0/psoc creator/import/gnu_cs/arm/4.7.3/bin/../lib/gcc/arm-none-eabi/4.7.3/../../../../arm-none-eabi/lib/armv7-m\libnosys.a(sbrk.o)
                0x000178f4                _sbrk
 *(.plt)
 *(.gnu.warning)
 *(.glue_7t)
 .glue_7t       0x00000000        0x0 linker stubs
 *(.glue_7)
 .glue_7        0x00000000        0x0 linker stubs
 *(.vfp11_veneer)
 .vfp11_veneer  0x00000000        0x0 linker stubs
 *(.bootloader)
 *(.ARM.extab* .gnu.linkonce.armextab.*)
 *(.gcc_except_table)

.v4_bx          0x00017928        0x0
 .v4_bx         0x00000000        0x0 linker stubs

.iplt           0x00017928        0x0
 .iplt          0x00000000        0x0 c:/program files (x86)/cypress/psoc creator/3.0/psoc creator/import/gnu_cs/arm/4.7.3/bin/../lib/gcc/arm-none-eabi/4.7.3/armv7-m/crtbegin.o

.eh_frame_hdr
 *(.eh_frame_hdr)

.eh_frame       0x00017928        0x4
 *(.eh_frame)
 .eh_frame      0x00017928        0x0 c:/program files (x86)/cypress/psoc creator/3.0/psoc creator/import/gnu_cs/arm/4.7.3/bin/../lib/gcc/arm-none-eabi/4.7.3/armv7-m/crtbegin.o
 .eh_frame      0x00017928        0x4 c:/program files (x86)/cypress/psoc creator/3.0/psoc creator/import/gnu_cs/arm/4.7.3/bin/../lib/gcc/arm-none-eabi/4.7.3/armv7-m/crtend.o
                0x0001792c                PROVIDE (__exidx_start, .)

.ARM.exidx      0x0001792c        0x8
 *(.ARM.exidx* .gnu.linkonce.armexidx.*)
 .ARM.exidx     0x0001792c        0x8 c:/program files (x86)/cypress/psoc creator/3.0/psoc creator/import/gnu_cs/arm/4.7.3/bin/../lib/gcc/arm-none-eabi/4.7.3/armv7-m\libgcc.a(_divdi3.o)
 .ARM.exidx     0x00017934        0x0 c:/program files (x86)/cypress/psoc creator/3.0/psoc creator/import/gnu_cs/arm/4.7.3/bin/../lib/gcc/arm-none-eabi/4.7.3/armv7-m\libgcc.a(_udivdi3.o)
                                  0x8 (size before relaxing)
                0x00017934                __exidx_end = .

.rodata         0x00017938     0x8028
 *(.rodata .rodata.* .gnu.linkonce.r.*)
 .rodata        0x00017938     0x2830 .\CortexM3\ARM_GCC_473\Debug\main.o
                0x00017938                WaveDAC8_wave_sine
                0x00018640                WaveDAC8_wave_triangle
                0x00019348                WaveDAC8_wave_square
 .rodata        0x0001a168     0x354c .\CortexM3\ARM_GCC_473\Debug\console.o
 .rodata        0x0001d6b4      0x358 .\CortexM3\ARM_GCC_473\Debug\gobeelib.o
 .rodata        0x0001da0c      0x12c .\CortexM3\ARM_GCC_473\Debug\das.o
 .rodata        0x0001db38       0x84 .\CortexM3\ARM_GCC_473\Debug\ITG-3701.o
 .rodata        0x0001dbbc       0x44 .\CortexM3\ARM_GCC_473\Debug\GoBee-00.a(cyfitter_cfg.o)
 .rodata        0x0001dc00        0x8 .\CortexM3\ARM_GCC_473\Debug\GoBee-00.a(isr_Ticks.o)
 .rodata        0x0001dc08     0x1a10 .\CortexM3\ARM_GCC_473\Debug\GoBee-00.a(WaveDAC8.o)
                0x0001dc08                WaveDAC8_wave1
                0x0001e910                WaveDAC8_wave2
 .rodata        0x0001f618       0x24 .\CortexM3\ARM_GCC_473\Debug\GoBee-00.a(isr_BUTTON_BUF.o)
 .rodata.str1.4
                0x0001f63c        0x5 c:/program files (x86)/cypress/psoc creator/3.0/psoc creator/import/gnu_cs/arm/4.7.3/bin/../lib/gcc/arm-none-eabi/4.7.3/../../../../arm-none-eabi/lib/armv7-m\libm.a(lib_a-w_sqrt.o)
                                  0x8 (size before relaxing)
 *fill*         0x0001f641        0x3 00
 .rodata._ctype_
                0x0001f644      0x104 c:/program files (x86)/cypress/psoc creator/3.0/psoc creator/import/gnu_cs/arm/4.7.3/bin/../lib/gcc/arm-none-eabi/4.7.3/../../../../arm-none-eabi/lib/armv7-m\libg.a(lib_a-ctype_.o)
                0x0001f644                _ctype_
 .rodata.str1.4
                0x0001f748        0x2 c:/program files (x86)/cypress/psoc creator/3.0/psoc creator/import/gnu_cs/arm/4.7.3/bin/../lib/gcc/arm-none-eabi/4.7.3/../../../../arm-none-eabi/lib/armv7-m\libg.a(lib_a-impure.o)
                                  0x4 (size before relaxing)
 *fill*         0x0001f74a        0x2 00
 .rodata._global_impure_ptr
                0x0001f74c        0x4 c:/program files (x86)/cypress/psoc creator/3.0/psoc creator/import/gnu_cs/arm/4.7.3/bin/../lib/gcc/arm-none-eabi/4.7.3/../../../../arm-none-eabi/lib/armv7-m\libg.a(lib_a-impure.o)
                0x0001f74c                _global_impure_ptr
 .rodata.str1.4
                0x0001f750        0x2 c:/program files (x86)/cypress/psoc creator/3.0/psoc creator/import/gnu_cs/arm/4.7.3/bin/../lib/gcc/arm-none-eabi/4.7.3/../../../../arm-none-eabi/lib/armv7-m\libg.a(lib_a-puts.o)
                                  0x4 (size before relaxing)
 *fill*         0x0001f752        0x2 00
 .rodata.str1.4
                0x0001f754        0xf c:/program files (x86)/cypress/psoc creator/3.0/psoc creator/import/gnu_cs/arm/4.7.3/bin/../lib/gcc/arm-none-eabi/4.7.3/../../../../arm-none-eabi/lib/armv7-m\libg.a(lib_a-strtod.o)
                                 0x10 (size before relaxing)
 *fill*         0x0001f763        0x5 00
 .rodata.tinytens
                0x0001f768       0x28 c:/program files (x86)/cypress/psoc creator/3.0/psoc creator/import/gnu_cs/arm/4.7.3/bin/../lib/gcc/arm-none-eabi/4.7.3/../../../../arm-none-eabi/lib/armv7-m\libg.a(lib_a-strtod.o)
 .rodata.blanks.6735
                0x0001f790       0x10 c:/program files (x86)/cypress/psoc creator/3.0/psoc creator/import/gnu_cs/arm/4.7.3/bin/../lib/gcc/arm-none-eabi/4.7.3/../../../../arm-none-eabi/lib/armv7-m\libg.a(lib_a-vfprintf.o)
 .rodata.str1.4
                0x0001f7a0       0x42 c:/program files (x86)/cypress/psoc creator/3.0/psoc creator/import/gnu_cs/arm/4.7.3/bin/../lib/gcc/arm-none-eabi/4.7.3/../../../../arm-none-eabi/lib/armv7-m\libg.a(lib_a-vfprintf.o)
                                 0x44 (size before relaxing)
 *fill*         0x0001f7e2        0x2 00
 .rodata.zeroes.6736
                0x0001f7e4       0x10 c:/program files (x86)/cypress/psoc creator/3.0/psoc creator/import/gnu_cs/arm/4.7.3/bin/../lib/gcc/arm-none-eabi/4.7.3/../../../../arm-none-eabi/lib/armv7-m\libg.a(lib_a-vfprintf.o)
 .rodata.str1.4
                0x0001f7f4       0x10 c:/program files (x86)/cypress/psoc creator/3.0/psoc creator/import/gnu_cs/arm/4.7.3/bin/../lib/gcc/arm-none-eabi/4.7.3/../../../../arm-none-eabi/lib/armv7-m\libg.a(lib_a-dtoa.o)
                                 0x14 (size before relaxing)
 .rodata.str1.4
                0x0001f804       0x1b c:/program files (x86)/cypress/psoc creator/3.0/psoc creator/import/gnu_cs/arm/4.7.3/bin/../lib/gcc/arm-none-eabi/4.7.3/../../../../arm-none-eabi/lib/armv7-m\libg.a(lib_a-gdtoa-gethex.o)
                                 0x1c (size before relaxing)
 *fill*         0x0001f81f        0x1 00
 .rodata.str1.4
                0x0001f820        0xc c:/program files (x86)/cypress/psoc creator/3.0/psoc creator/import/gnu_cs/arm/4.7.3/bin/../lib/gcc/arm-none-eabi/4.7.3/../../../../arm-none-eabi/lib/armv7-m\libg.a(lib_a-locale.o)
                                 0x14 (size before relaxing)
 .rodata.p05.5242
                0x0001f82c        0xc c:/program files (x86)/cypress/psoc creator/3.0/psoc creator/import/gnu_cs/arm/4.7.3/bin/../lib/gcc/arm-none-eabi/4.7.3/../../../../arm-none-eabi/lib/armv7-m\libg.a(lib_a-mprec.o)
 .rodata.__mprec_tens
                0x0001f838       0xc8 c:/program files (x86)/cypress/psoc creator/3.0/psoc creator/import/gnu_cs/arm/4.7.3/bin/../lib/gcc/arm-none-eabi/4.7.3/../../../../arm-none-eabi/lib/armv7-m\libg.a(lib_a-mprec.o)
                0x0001f838                __mprec_tens
 .rodata.__mprec_bigtens
                0x0001f900       0x28 c:/program files (x86)/cypress/psoc creator/3.0/psoc creator/import/gnu_cs/arm/4.7.3/bin/../lib/gcc/arm-none-eabi/4.7.3/../../../../arm-none-eabi/lib/armv7-m\libg.a(lib_a-mprec.o)
                0x0001f900                __mprec_bigtens
                0x0001f928                . = ALIGN (0x4)
 *(.init)
 .init          0x0001f928        0x4 c:/program files (x86)/cypress/psoc creator/3.0/psoc creator/import/gnu_cs/arm/4.7.3/bin/../lib/gcc/arm-none-eabi/4.7.3/armv7-m/crti.o
                0x0001f928                _init
 .init          0x0001f92c        0x8 c:/program files (x86)/cypress/psoc creator/3.0/psoc creator/import/gnu_cs/arm/4.7.3/bin/../lib/gcc/arm-none-eabi/4.7.3/armv7-m/crtn.o
                0x0001f934                . = ALIGN (0x4)
                0x0001f934                __preinit_array_start = .
 *(.preinit_array)
                0x0001f934                __preinit_array_end = .
                0x0001f934                . = ALIGN (0x4)
                0x0001f934                __init_array_start = .
 *(SORT(.init_array.*))
 .init_array.00000
                0x0001f934        0x4 c:/program files (x86)/cypress/psoc creator/3.0/psoc creator/import/gnu_cs/arm/4.7.3/bin/../lib/gcc/arm-none-eabi/4.7.3/../../../../arm-none-eabi/lib/armv7-m\libg.a(lib_a-__call_atexit.o)
 *(.init_array)
 .init_array    0x0001f938        0x4 c:/program files (x86)/cypress/psoc creator/3.0/psoc creator/import/gnu_cs/arm/4.7.3/bin/../lib/gcc/arm-none-eabi/4.7.3/armv7-m/crtbegin.o
 .init_array    0x0001f93c        0x4 .\CortexM3\ARM_GCC_473\Debug\Cm3Start.o
                0x0001f940                __init_array_end = .
                0x0001f940                . = ALIGN (0x4)
 *(.fini)
 .fini          0x0001f940        0x4 c:/program files (x86)/cypress/psoc creator/3.0/psoc creator/import/gnu_cs/arm/4.7.3/bin/../lib/gcc/arm-none-eabi/4.7.3/armv7-m/crti.o
                0x0001f940                _fini
 .fini          0x0001f944        0x8 c:/program files (x86)/cypress/psoc creator/3.0/psoc creator/import/gnu_cs/arm/4.7.3/bin/../lib/gcc/arm-none-eabi/4.7.3/armv7-m/crtn.o
                0x0001f94c                . = ALIGN (0x4)
                0x0001f94c                __fini_array_start = .
 *(.fini_array)
 .fini_array    0x0001f94c        0x4 c:/program files (x86)/cypress/psoc creator/3.0/psoc creator/import/gnu_cs/arm/4.7.3/bin/../lib/gcc/arm-none-eabi/4.7.3/armv7-m/crtbegin.o
 *(SORT(.fini_array.*))
                0x0001f950                __fini_array_end = .
                0x0001f950                . = ALIGN (0x4)
 *crtbegin.o(.ctors)
 *(EXCLUDE_FILE(*crtend.o) .ctors)
 *(SORT(.ctors.*))
 *crtend.o(.ctors)
                0x0001f950                . = ALIGN (0x4)
 *crtbegin.o(.dtors)
 *(EXCLUDE_FILE(*crtend.o) .dtors)
 *(SORT(.dtors.*))
 *crtend.o(.dtors)
                0x0001f950                . = ALIGN (0x4)
                0x0001f950                __cy_regions = .
                0x0001f950        0x4 LONG 0x1f960 __cy_region_init_ram
                0x0001f954        0x4 LONG 0x1fff8108 __cy_region_start_data
                0x0001f958        0x4 LONG 0x908 __cy_region_init_size_ram
                0x0001f95c        0x4 LONG 0x7088 __cy_region_zero_size_ram
                0x0001f960                __cy_regions_end = .
                0x0001f960                . = ALIGN (0x8)
                0x0001f960                _etext = .

.ramvectors     0x1fff8000      0x100
                0x1fff8000                __cy_region_start_ram = .
 *(.ramvectors)
 .ramvectors    0x1fff8000      0x100 .\CortexM3\ARM_GCC_473\Debug\Cm3Start.o
                0x1fff8000                CyRamVectors

.noinit         0x1fff8100        0x5
 *(.noinit)