Archive member included because of file (symbol)

.\CortexM3\ARM_GCC_473\Debug\GobeeDir.a(cyfitter_cfg.o)
                              .\CortexM3\ARM_GCC_473\Debug\main.o (AMuxSeq_Next)
.\CortexM3\ARM_GCC_473\Debug\GobeeDir.a(ADC.o)
                              .\CortexM3\ARM_GCC_473\Debug\main.o (ADC_Start)
.\CortexM3\ARM_GCC_473\Debug\GobeeDir.a(ADC_INT.o)
                              .\CortexM3\ARM_GCC_473\Debug\GobeeDir.a(ADC.o) (ADC_ISR1)
.\CortexM3\ARM_GCC_473\Debug\GobeeDir.a(UART_USB.o)
                              .\CortexM3\ARM_GCC_473\Debug\main.o (UART_USB_Start)
.\CortexM3\ARM_GCC_473\Debug\GobeeDir.a(Control_Reg_LED.o)
                              .\CortexM3\ARM_GCC_473\Debug\main.o (Control_Reg_LED_Write)
.\CortexM3\ARM_GCC_473\Debug\GobeeDir.a(EEPROM.o)
                              .\CortexM3\ARM_GCC_473\Debug\main.o (EEPROM_Enable)
.\CortexM3\ARM_GCC_473\Debug\GobeeDir.a(AMuxSeq.o)
                              .\CortexM3\ARM_GCC_473\Debug\main.o (AMuxSeq_Start)
.\CortexM3\ARM_GCC_473\Debug\GobeeDir.a(isr_CTRL.o)
                              .\CortexM3\ARM_GCC_473\Debug\main.o (isr_CTRL_Start)
.\CortexM3\ARM_GCC_473\Debug\GobeeDir.a(Status_Reg_BUTTON.o)
                              .\CortexM3\ARM_GCC_473\Debug\console.o (Status_Reg_BUTTON_Read)
.\CortexM3\ARM_GCC_473\Debug\GobeeDir.a(Counter_LED.o)
                              .\CortexM3\ARM_GCC_473\Debug\main.o (Counter_LED_Start)
.\CortexM3\ARM_GCC_473\Debug\GobeeDir.a(ADC_theACLK.o)
                              .\CortexM3\ARM_GCC_473\Debug\GobeeDir.a(ADC.o) (ADC_theACLK_SetDividerRegister)
.\CortexM3\ARM_GCC_473\Debug\GobeeDir.a(ADC_Ext_CP_Clk.o)
                              .\CortexM3\ARM_GCC_473\Debug\GobeeDir.a(ADC.o) (ADC_Ext_CP_Clk_SetDividerRegister)
.\CortexM3\ARM_GCC_473\Debug\GobeeDir.a(UART_USB_IntClock.o)
                              .\CortexM3\ARM_GCC_473\Debug\GobeeDir.a(UART_USB.o) (UART_USB_IntClock_Start)
.\CortexM3\ARM_GCC_473\Debug\GobeeDir.a(CyBootAsmGnu.o)
                              .\CortexM3\ARM_GCC_473\Debug\GobeeDir.a(cyfitter_cfg.o) (CyDelayCycles)
.\CortexM3\ARM_GCC_473\Debug\GobeeDir.a(CyDmac.o)
                              .\CortexM3\ARM_GCC_473\Debug\Cm3Start.o (CyDmacConfigure)
.\CortexM3\ARM_GCC_473\Debug\GobeeDir.a(CyFlash.o)
                              .\CortexM3\ARM_GCC_473\Debug\GobeeDir.a(EEPROM.o) (dieTemperature)
.\CortexM3\ARM_GCC_473\Debug\GobeeDir.a(CyLib.o)
                              .\CortexM3\ARM_GCC_473\Debug\Cm3Start.o (CyResetStatus)
.\CortexM3\ARM_GCC_473\Debug\GobeeDir.a(cyPm.o)
                              .\CortexM3\ARM_GCC_473\Debug\GobeeDir.a(CyLib.o) (CyPmReadStatus)
.\CortexM3\ARM_GCC_473\Debug\GobeeDir.a(CySpc.o)
                              .\CortexM3\ARM_GCC_473\Debug\GobeeDir.a(EEPROM.o) (CySpcStart)
.\CortexM3\ARM_GCC_473\Debug\GobeeDir.a(Control_Reg_BUZ.o)
                              .\CortexM3\ARM_GCC_473\Debug\console.o (Control_Reg_BUZ_Write)
.\CortexM3\ARM_GCC_473\Debug\GobeeDir.a(Control_Reg_MOTOR.o)
                              .\CortexM3\ARM_GCC_473\Debug\motor_CTRL.o (Control_Reg_MOTOR_Write)
.\CortexM3\ARM_GCC_473\Debug\GobeeDir.a(QuadDec_PAN.o)
                              .\CortexM3\ARM_GCC_473\Debug\main.o (QuadDec_PAN_Start)
.\CortexM3\ARM_GCC_473\Debug\GobeeDir.a(QuadDec_PAN_INT.o)
                              .\CortexM3\ARM_GCC_473\Debug\GobeeDir.a(QuadDec_PAN.o) (QuadDec_PAN_count32SoftPart)
.\CortexM3\ARM_GCC_473\Debug\GobeeDir.a(QuadDec_PAN_Cnt16.o)
                              .\CortexM3\ARM_GCC_473\Debug\GobeeDir.a(QuadDec_PAN.o) (QuadDec_PAN_Cnt16_WriteCounter)
.\CortexM3\ARM_GCC_473\Debug\GobeeDir.a(ADC_IRQ.o)
                              .\CortexM3\ARM_GCC_473\Debug\main.o (ADC_IRQ_Enable)
.\CortexM3\ARM_GCC_473\Debug\GobeeDir.a(PWM_MOTOR_PAN.o)
                              .\CortexM3\ARM_GCC_473\Debug\main.o (PWM_MOTOR_PAN_Start)
.\CortexM3\ARM_GCC_473\Debug\GobeeDir.a(isr_BUTTON.o)
                              .\CortexM3\ARM_GCC_473\Debug\main.o (isr_BUTTON_Start)
.\CortexM3\ARM_GCC_473\Debug\GobeeDir.a(WaveDAC8.o)
                              .\CortexM3\ARM_GCC_473\Debug\console.o (WaveDAC8_Wave2Setup)
.\CortexM3\ARM_GCC_473\Debug\GobeeDir.a(WaveDAC8_DacClk.o)
                              .\CortexM3\ARM_GCC_473\Debug\GobeeDir.a(WaveDAC8.o) (WaveDAC8_DacClk_Start)
.\CortexM3\ARM_GCC_473\Debug\GobeeDir.a(WaveDAC8_Wave1_DMA_dma.o)
                              .\CortexM3\ARM_GCC_473\Debug\GobeeDir.a(WaveDAC8.o) (WaveDAC8_Wave1_DMA_DmaInitialize)
.\CortexM3\ARM_GCC_473\Debug\GobeeDir.a(WaveDAC8_Wave2_DMA_dma.o)
                              .\CortexM3\ARM_GCC_473\Debug\GobeeDir.a(WaveDAC8.o) (WaveDAC8_Wave2_DMA_DmaInitialize)
.\CortexM3\ARM_GCC_473\Debug\GobeeDir.a(WaveDAC8_VDAC8.o)
                              .\CortexM3\ARM_GCC_473\Debug\GobeeDir.a(WaveDAC8.o) (WaveDAC8_VDAC8_Init)
.\CortexM3\ARM_GCC_473\Debug\GobeeDir.a(WaveDAC8_BuffAmp.o)
[...]
Memory Configuration

Name             Origin             Length             Attributes
rom              0x00000000         0x00040000         xr
ram              0x1fff8000         0x00010000         xrw
*default*        0x00000000         0xffffffff

Linker script and memory map

LOAD c:/program files (x86)/cypress/psoc creator/3.0/psoc creator/import/gnu_cs/arm/4.7.3/bin/../lib/gcc/arm-none-eabi/4.7.3/armv7-m/crti.o
LOAD c:/program files (x86)/cypress/psoc creator/3.0/psoc creator/import/gnu_cs/arm/4.7.3/bin/../lib/gcc/arm-none-eabi/4.7.3/armv7-m/crtbegin.o
LOAD c:/program files (x86)/cypress/psoc creator/3.0/psoc creator/import/gnu_cs/arm/4.7.3/bin/../lib/gcc/arm-none-eabi/4.7.3/../../../../arm-none-eabi/lib/armv7-m/crt0.o
START GROUP
LOAD .\CortexM3\ARM_GCC_473\Debug\main.o
LOAD .\CortexM3\ARM_GCC_473\Debug\console.o
LOAD .\CortexM3\ARM_GCC_473\Debug\gobeelib.o
LOAD .\CortexM3\ARM_GCC_473\Debug\motor_CTRL.o
LOAD .\CortexM3\ARM_GCC_473\Debug\sensor_CTRL.o
LOAD .\CortexM3\ARM_GCC_473\Debug\pid_lib.o
LOAD .\CortexM3\ARM_GCC_473\Debug\estimators.o
LOAD .\CortexM3\ARM_GCC_473\Debug\ITG-3701.o
LOAD .\CortexM3\ARM_GCC_473\Debug\My_I2C_lib.o
LOAD .\CortexM3\ARM_GCC_473\Debug\mover.o
LOAD .\CortexM3\ARM_GCC_473\Debug\clu.o
LOAD .\CortexM3\ARM_GCC_473\Debug\gml.o
LOAD .\CortexM3\ARM_GCC_473\Debug\torquestat.o
LOAD .\CortexM3\ARM_GCC_473\Debug\statistics.o
LOAD .\CortexM3\ARM_GCC_473\Debug\ME_geometry.o
LOAD .\CortexM3\ARM_GCC_473\Debug\ME_lib_imu_CHRUM7.o
LOAD .\CortexM3\ARM_GCC_473\Debug\ME_lib_cbuffer.o
LOAD .\CortexM3\ARM_GCC_473\Debug\ME_lib_packetizer.o
LOAD .\CortexM3\ARM_GCC_473\Debug\XTR-8LR100.o
LOAD .\CortexM3\ARM_GCC_473\Debug\Cm3Start.o
LOAD .\CortexM3\ARM_GCC_473\Debug\cymetadata.o
LOAD .\CortexM3\ARM_GCC_473\Debug\GobeeDir.a
LOAD C:\Program Files (x86)\Cypress\PSoC Creator\3.0\PSoC Creator\psoc\content\cycomponentlibrary\CyComponentLibrary.cylib\CortexM3\ARM_GCC_473\Debug\CyComponentLibrary.a
LOAD c:/program files (x86)/cypress/psoc creator/3.0/psoc creator/import/gnu_cs/arm/4.7.3/bin/../lib/gcc/arm-none-eabi/4.7.3/../../../../arm-none-eabi/lib/armv7-m\libm.a
END GROUP
START GROUP
LOAD c:/program files (x86)/cypress/psoc creator/3.0/psoc creator/import/gnu_cs/arm/4.7.3/bin/../lib/gcc/arm-none-eabi/4.7.3/armv7-m\libgcc.a
LOAD c:/program files (x86)/cypress/psoc creator/3.0/psoc creator/import/gnu_cs/arm/4.7.3/bin/../lib/gcc/arm-none-eabi/4.7.3/../../../../arm-none-eabi/lib/armv7-m\libg.a
LOAD c:/program files (x86)/cypress/psoc creator/3.0/psoc creator/import/gnu_cs/arm/4.7.3/bin/../lib/gcc/arm-none-eabi/4.7.3/../../../../arm-none-eabi/lib/armv7-m\libc.a
END GROUP
LOAD c:/program files (x86)/cypress/psoc creator/3.0/psoc creator/import/gnu_cs/arm/4.7.3/bin/../lib/gcc/arm-none-eabi/4.7.3/armv7-m/crtend.o
LOAD c:/program files (x86)/cypress/psoc creator/3.0/psoc creator/import/gnu_cs/arm/4.7.3/bin/../lib/gcc/arm-none-eabi/4.7.3/armv7-m/crtn.o
START GROUP
LOAD c:/program files (x86)/cypress/psoc creator/3.0/psoc creator/import/gnu_cs/arm/4.7.3/bin/../lib/gcc/arm-none-eabi/4.7.3/armv7-m\libgcc.a
LOAD c:/program files (x86)/cypress/psoc creator/3.0/psoc creator/import/gnu_cs/arm/4.7.3/bin/../lib/gcc/arm-none-eabi/4.7.3/../../../../arm-none-eabi/lib/armv7-m\libc.a
LOAD c:/program files (x86)/cypress/psoc creator/3.0/psoc creator/import/gnu_cs/arm/4.7.3/bin/../lib/gcc/arm-none-eabi/4.7.3/../../../../arm-none-eabi/lib/armv7-m\libnosys.a
END GROUP
                0x00000000                CY_APPL_ORIGIN = 0x0
                0x00000100                CY_FLASH_ROW_SIZE = 0x100
                0x00000020                CY_ECC_ROW_SIZE = 0x20
                0x00000000                CY_EE_IN_BTLDR = 0x0
                0x00000000                CY_APPL_LOADABLE = 0x0
                0x00000800                CY_EE_SIZE = 0x800
                0x00000001                CY_APPL_NUM = 0x1
                0x00000001                CY_APPL_MAX = 0x1
                0x00000040                CY_METADATA_SIZE = 0x40
                0x20001488                PROVIDE (__cy_heap_start, _end)
                0x00000001                PROVIDE (__cy_region_num, ((__cy_regions_end - __cy_regions) / 0x10))
                0x20008000                PROVIDE (__cy_stack, (ORIGIN (ram) + 0x10000))
                0x20004000                PROVIDE (__cy_heap_end, (__cy_stack - 0x4000))

.cybootloader   0x00000000        0x0
 *(.cybootloader)
                0x00000000                appl1_start = CY_APPL_ORIGIN?CY_APPL_ORIGIN:ALIGN (CY_FLASH_ROW_SIZE)
                0x0001ff00                appl2_start = (appl1_start + ALIGN ((((0x40000 - appl1_start) - (0x2 * CY_FLASH_ROW_SIZE)) / 0x2), CY_FLASH_ROW_SIZE))
                0x00000000                appl_start = (CY_APPL_NUM == 0x1)?appl1_start:appl2_start
                0x00000000                ecc_offset = ((appl_start / CY_FLASH_ROW_SIZE) * CY_ECC_ROW_SIZE)
                0x00000000                ee_offset = (CY_APPL_LOADABLE && ! (CY_EE_IN_BTLDR))?((CY_EE_SIZE / CY_APPL_MAX) * (CY_APPL_NUM - 0x1)):0x0
                0x00000800                ee_size = (CY_APPL_LOADABLE && ! (CY_EE_IN_BTLDR))?(CY_EE_SIZE / CY_APPL_MAX):CY_EE_SIZE
                0x00000000                PROVIDE (CY_ECC_OFFSET, ecc_offset)

.text           0x00000000    0x21c38
 CREATE_OBJECT_SYMBOLS
                0x00000000                PROVIDE (__cy_interrupt_vector, RomVectors)
 *(.romvectors)
 .romvectors    0x00000000       0x10 .\CortexM3\ARM_GCC_473\Debug\Cm3Start.o
                0x00000000                RomVectors
                0x00000001                ASSERT ((. != __cy_interrupt_vector), No interrupt vector)
                0x00000001                ASSERT (CY_APPL_ORIGIN?(SIZEOF (.cybootloader) <= CY_APPL_ORIGIN):0x1, Wrong image location)
                0x00000010                PROVIDE (__cy_reset, Reset)
 *(.text.Reset)
 .text.Reset    0x00000010       0x1c .\CortexM3\ARM_GCC_473\Debug\Cm3Start.o
                0x00000010                Reset
                0x00000001                ASSERT ((. != __cy_reset), No reset code)
 *(.dma_init)
                0x00000001                ASSERT ((((appl_start + .) <= 0x10000) || 0x1), DMA Init must be within the first 64k of flash)
 *(.text .text.* .gnu.linkonce.t.*)
 .text          0x0000002c       0x54 c:/program files (x86)/cypress/psoc creator/3.0/psoc creator/import/gnu_cs/arm/4.7.3/bin/../lib/gcc/arm-none-eabi/4.7.3/armv7-m/crtbegin.o
 .text.main     0x00000080      0x428 .\CortexM3\ARM_GCC_473\Debug\main.o
                0x00000080                main
 .text.ShowStatusMappingSM
                0x000004a8       0xd4 .\CortexM3\ARM_GCC_473\Debug\console.o
                0x000004a8                ShowStatusMappingSM
 .text.ShowCLUSM
                0x0000057c       0xf0 .\CortexM3\ARM_GCC_473\Debug\console.o
                0x0000057c                ShowCLUSM
 .text.ShowParamsDirector
                0x0000066c      0x174 .\CortexM3\ARM_GCC_473\Debug\console.o
                0x0000066c                ShowParamsDirector
 .text.ShowParamsMode
                0x000007e0       0x50 .\CortexM3\ARM_GCC_473\Debug\console.o
                0x000007e0                ShowParamsMode
 .text.ShowParamsAstim
                0x00000830       0x80 .\CortexM3\ARM_GCC_473\Debug\console.o
                0x00000830                ShowParamsAstim
 .text.ShowParamsGainAnaout
                0x000008b0       0x98 .\CortexM3\ARM_GCC_473\Debug\console.o
                0x000008b0                ShowParamsGainAnaout
 .text.ShowParamsAnaoutSelectedAxis
                0x00000948       0x54 .\CortexM3\ARM_GCC_473\Debug\console.o
                0x00000948                ShowParamsAnaoutSelectedAxis
 .text.ShowParamsKiPan
                0x0000099c       0x68 .\CortexM3\ARM_GCC_473\Debug\console.o
                0x0000099c                ShowParamsKiPan
 .text.ShowParamsKiTilt
                0x00000a04       0x68 .\CortexM3\ARM_GCC_473\Debug\console.o
                0x00000a04                ShowParamsKiTilt
 .text.ShowParamsColor
                0x00000a6c      0x120 .\CortexM3\ARM_GCC_473\Debug\console.o
                0x00000a6c                ShowParamsColor
 .text.ShowLimits
                0x00000b8c       0x64 .\CortexM3\ARM_GCC_473\Debug\console.o
                0x00000b8c                ShowLimits
 .text.ReadUSBbuffer
                0x00000bf0       0xfc .\CortexM3\ARM_GCC_473\Debug\console.o
                0x00000bf0                ReadUSBbuffer
 .text.scanner2
                0x00000cec      0x304 .\CortexM3\ARM_GCC_473\Debug\console.o
                0x00000cec                scanner2
 .text.parser   0x00000ff0     0x7688 .\CortexM3\ARM_GCC_473\Debug\console.o
                0x00000ff0                parser
 .text.AnyButtonPressed
                0x00008678       0x1c .\CortexM3\ARM_GCC_473\Debug\console.o
                0x00008678                AnyButtonPressed
 .text.ButtonYNChoice
                0x00008694       0x68 .\CortexM3\ARM_GCC_473\Debug\console.o
                0x00008694                ButtonYNChoice
 .text.clear_string
                0x000086fc       0x3c .\CortexM3\ARM_GCC_473\Debug\console.o
                0x000086fc                clear_string
 .text.USB_Check
                0x00008738       0x10 .\CortexM3\ARM_GCC_473\Debug\console.o
                0x00008738                USB_Check
 .text.GetAnaposOffsetZero
                0x00008748      0x154 .\CortexM3\ARM_GCC_473\Debug\console.o
                0x00008748                GetAnaposOffsetZero
 .text.LPFtau   0x0000889c       0x4c .\CortexM3\ARM_GCC_473\Debug\gobeelib.o
                0x0000889c                LPFtau
 .text.LPFfreq  0x000088e8       0x68 .\CortexM3\ARM_GCC_473\Debug\gobeelib.o
                0x000088e8                LPFfreq
 .text.squaref  0x00008950       0x1c .\CortexM3\ARM_GCC_473\Debug\gobeelib.o
                0x00008950                squaref
 .text.WriteAllEEparams
                0x0000896c      0xb88 .\CortexM3\ARM_GCC_473\Debug\gobeelib.o
                0x0000896c                WriteAllEEparams
 .text.WriteQEEparams
                0x000094f4      0x2dc .\CortexM3\ARM_GCC_473\Debug\gobeelib.o
                0x000094f4                WriteQEEparams
 .text.ReadAllEEparams
                0x000097d0      0x958 .\CortexM3\ARM_GCC_473\Debug\gobeelib.o
                0x000097d0                ReadAllEEparams
 .text.ReadAllQEEparams
                0x0000a128      0x354 .\CortexM3\ARM_GCC_473\Debug\gobeelib.o
                0x0000a128                ReadAllQEEparams
 .text.EEPROM_ReadByte
                0x0000a47c       0x28 .\CortexM3\ARM_GCC_473\Debug\gobeelib.o
                0x0000a47c                EEPROM_ReadByte
 .text.printf_spc
                0x0000a4a4       0x30 .\CortexM3\ARM_GCC_473\Debug\gobeelib.o
                0x0000a4a4                printf_spc
 .text.print_abs_linear_hystogram
                0x0000a4d4       0x9c .\CortexM3\ARM_GCC_473\Debug\gobeelib.o
                0x0000a4d4                print_abs_linear_hystogram
 .text.print_hystogram_border
                0x0000a570       0x50 .\CortexM3\ARM_GCC_473\Debug\gobeelib.o
                0x0000a570                print_hystogram_border
 .text._write   0x0000a5c0       0x44 .\CortexM3\ARM_GCC_473\Debug\gobeelib.o
                0x0000a5c0                _write
 .text._read    0x0000a604       0x1c .\CortexM3\ARM_GCC_473\Debug\gobeelib.o
                0x0000a604                _read
 .text._fstat   0x0000a620       0x24 .\CortexM3\ARM_GCC_473\Debug\gobeelib.o
                0x0000a620                _fstat
 .text._close   0x0000a644       0x18 .\CortexM3\ARM_GCC_473\Debug\gobeelib.o
                0x0000a644                _close
 .text._isatty  0x0000a65c       0x18 .\CortexM3\ARM_GCC_473\Debug\gobeelib.o
                0x0000a65c                _isatty
 .text._lseek   0x0000a674       0x1c .\CortexM3\ARM_GCC_473\Debug\gobeelib.o
                0x0000a674                _lseek
 .text.AnalogShow
                0x0000a690      0x2a0 .\CortexM3\ARM_GCC_473\Debug\motor_CTRL.o
                0x0000a690                AnalogShow
 .text.Axis_limit_control_init
                0x0000a930       0x2c .\CortexM3\ARM_GCC_473\Debug\motor_CTRL.o
                0x0000a930                Axis_limit_control_init
 .text.Axis_limit_control
                0x0000a95c       0xc8 .\CortexM3\ARM_GCC_473\Debug\motor_CTRL.o
                0x0000a95c                Axis_limit_control
 .text.All_Axes_limit_control
                0x0000aa24       0x30 .\CortexM3\ARM_GCC_473\Debug\motor_CTRL.o
                0x0000aa24                All_Axes_limit_control
 *fill*         0x0000aa54        0x4 00
 .text.motor_control
                0x0000aa58      0x5e8 .\CortexM3\ARM_GCC_473\Debug\motor_CTRL.o
                0x0000aa58                motor_control
 .text.GalilTrick
                0x0000b040       0xac .\CortexM3\ARM_GCC_473\Debug\motor_CTRL.o
                0x0000b040                GalilTrick
 .text.motor_init
                0x0000b0ec       0x54 .\CortexM3\ARM_GCC_473\Debug\motor_CTRL.o
                0x0000b0ec                motor_init
 .text.motor_energize
                0x0000b140       0x34 .\CortexM3\ARM_GCC_473\Debug\motor_CTRL.o
                0x0000b140                motor_energize
 .text.motor_sleep
                0x0000b174       0x34 .\CortexM3\ARM_GCC_473\Debug\motor_CTRL.o
                0x0000b174                motor_sleep
 .text.Control_sensors_processing
                0x0000b1a8      0x1ec .\CortexM3\ARM_GCC_473\Debug\sensor_CTRL.o
                0x0000b1a8                Control_sensors_processing
 .text.Heading_sensors_processing
                0x0000b394      0x31c .\CortexM3\ARM_GCC_473\Debug\sensor_CTRL.o
                0x0000b394                Heading_sensors_processing
 .text.fpSpid_k2
                0x0000b6b0      0x14c .\CortexM3\ARM_GCC_473\Debug\pid_lib.o
                0x0000b6b0                fpSpid_k2
 .text.convKiTi
                0x0000b7fc       0x2c .\CortexM3\ARM_GCC_473\Debug\pid_lib.o
                0x0000b7fc                convKiTi
 .text.PIDs_DataClear
                0x0000b828       0x3c .\CortexM3\ARM_GCC_473\Debug\pid_lib.o
                0x0000b828                PIDs_DataClear
 .text.SimpleJumpEventEstimator
                0x0000b864       0x88 .\CortexM3\ARM_GCC_473\Debug\estimators.o
                0x0000b864                SimpleJumpEventEstimator
 .text.SimpleHorizAccelerationEventsEstimator
                0x0000b8ec       0x74 .\CortexM3\ARM_GCC_473\Debug\estimators.o
                0x0000b8ec                SimpleHorizAccelerationEventsEstimator
 .text.SimpleRollAngleEventsEstimator
                0x0000b960       0x90 .\CortexM3\ARM_GCC_473\Debug\estimators.o
                0x0000b960                SimpleRollAngleEventsEstimator
 .text.SimpleTiltAngleEventsEstimator
                0x0000b9f0      0x198 .\CortexM3\ARM_GCC_473\Debug\estimators.o
                0x0000b9f0                SimpleTiltAngleEventsEstimator
 .text.SimpleVibrationEventsEstimator
                0x0000bb88       0x98 .\CortexM3\ARM_GCC_473\Debug\estimators.o
                0x0000bb88                SimpleVibrationEventsEstimator
 .text.MappingStateMachineExecution
                0x0000bc20      0x3e0 .\CortexM3\ARM_GCC_473\Debug\estimators.o
                0x0000bc20                MappingStateMachineExecution
 .text.MappingStateMachineInit
                0x0000c000       0x28 .\CortexM3\ARM_GCC_473\Debug\estimators.o
                0x0000c000                MappingStateMachineInit
 .text.MappingStateMachineStart
                0x0000c028       0x28 .\CortexM3\ARM_GCC_473\Debug\estimators.o
                0x0000c028                MappingStateMachineStart
 .text.CalculateTrapezoid
                0x0000c050      0x278 .\CortexM3\ARM_GCC_473\Debug\mover.o
                0x0000c050                CalculateTrapezoid
 .text.MoverInit
                0x0000c2c8       0x38 .\CortexM3\ARM_GCC_473\Debug\mover.o
                0x0000c2c8                MoverInit
 .text.MoverStart
                0x0000c300       0x44 .\CortexM3\ARM_GCC_473\Debug\mover.o
                0x0000c300                MoverStart
 .text.MoverGeneratedSteps
                0x0000c344      0x224 .\CortexM3\ARM_GCC_473\Debug\mover.o
                0x0000c344                MoverGeneratedSteps
 .text.CalculatePath
                0x0000c568       0xf8 .\CortexM3\ARM_GCC_473\Debug\mover.o
                0x0000c568                CalculatePath
 .text.CalculatePanGotoHomePath
                0x0000c660       0x10 .\CortexM3\ARM_GCC_473\Debug\mover.o
                0x0000c660                CalculatePanGotoHomePath
 .text.CalculateTiltGotoHomePath
                0x0000c670       0x10 .\CortexM3\ARM_GCC_473\Debug\mover.o
                0x0000c670                CalculateTiltGotoHomePath
 .text.CalculatePanGotoQPath
                0x0000c680       0x10 .\CortexM3\ARM_GCC_473\Debug\mover.o
                0x0000c680                CalculatePanGotoQPath
 .text.CalculateTiltGotoQPath
                0x0000c690       0x10 .\CortexM3\ARM_GCC_473\Debug\mover.o
                0x0000c690                CalculateTiltGotoQPath
 .text.InitPanGotoHomePath
                0x0000c6a0       0x80 .\CortexM3\ARM_GCC_473\Debug\mover.o
                0x0000c6a0                InitPanGotoHomePath
 .text.InitTiltGotoHomePath
                0x0000c720       0x80 .\CortexM3\ARM_GCC_473\Debug\mover.o
                0x0000c720                InitTiltGotoHomePath
 .text.InitPanGotoQPath
                0x0000c7a0      0x140 .\CortexM3\ARM_GCC_473\Debug\mover.o
                0x0000c7a0                InitPanGotoQPath
 .text.InitTiltGotoQPath
                0x0000c8e0      0x140 .\CortexM3\ARM_GCC_473\Debug\mover.o
                0x0000c8e0                InitTiltGotoQPath
 .text.InitQFastIdxTable
                0x0000ca20       0x70 .\CortexM3\ARM_GCC_473\Debug\mover.o
                0x0000ca20                InitQFastIdxTable
 .text.ClearQFastIdxTable
                0x0000ca90       0x38 .\CortexM3\ARM_GCC_473\Debug\mover.o
                0x0000ca90                ClearQFastIdxTable
 .text.InitQAllPositions
                0x0000cac8       0x2c .\CortexM3\ARM_GCC_473\Debug\mover.o
                0x0000cac8                InitQAllPositions
 .text.InitQPosition
                0x0000caf4      0x1b0 .\CortexM3\ARM_GCC_473\Debug\mover.o
                0x0000caf4                InitQPosition
 .text.InitQmemoryStandardAllocationTable
                0x0000cca4      0x128 .\CortexM3\ARM_GCC_473\Debug\mover.o
                0x0000cca4                InitQmemoryStandardAllocationTable
 .text.InitAllClus
                0x0000cdcc     0x1ce4 .\CortexM3\ARM_GCC_473\Debug\clu.o
                0x0000cdcc                InitAllClus
 .text.InitCluSequence
                0x0000eab0      0x1b0 .\CortexM3\ARM_GCC_473\Debug\clu.o
                0x0000eab0                InitCluSequence
 .text.PrintClu
                0x0000ec60       0x9c .\CortexM3\ARM_GCC_473\Debug\clu.o
                0x0000ec60                PrintClu
 .text.ClearAllClus
                0x0000ecfc       0x48 .\CortexM3\ARM_GCC_473\Debug\clu.o
                0x0000ecfc                ClearAllClus
 .text.isCluEmpty
                0x0000ed44       0x48 .\CortexM3\ARM_GCC_473\Debug\clu.o
                0x0000ed44                isCluEmpty
 .text.clu_sm_exec
                0x0000ed8c      0x170 .\CortexM3\ARM_GCC_473\Debug\gml.o
                0x0000ed8c                clu_sm_exec
 .text.clu_sm_init
                0x0000eefc       0x18 .\CortexM3\ARM_GCC_473\Debug\gml.o
                0x0000eefc                clu_sm_init
 .text.clu_sm_start
                0x0000ef14       0xa0 .\CortexM3\ARM_GCC_473\Debug\gml.o
                0x0000ef14                clu_sm_start
 .text.ReadCLUbuffer
                0x0000efb4       0x70 .\CortexM3\ARM_GCC_473\Debug\gml.o
                0x0000efb4                ReadCLUbuffer
 .text.gml_scanner
                0x0000f024      0x1b0 .\CortexM3\ARM_GCC_473\Debug\gml.o
                0x0000f024                gml_scanner
 .text.gml_parser
                0x0000f1d4      0xb4c .\CortexM3\ARM_GCC_473\Debug\gml.o
                0x0000f1d4                gml_parser
 .text.clear_gml_string
                0x0000fd20       0x3c .\CortexM3\ARM_GCC_473\Debug\gml.o
                0x0000fd20                clear_gml_string
 .text.current_statistics_elab_step
                0x0000fd5c       0x4c .\CortexM3\ARM_GCC_473\Debug\torquestat.o
                0x0000fd5c                current_statistics_elab_step
 .text.current_statistics_init
                0x0000fda8       0x18 .\CortexM3\ARM_GCC_473\Debug\torquestat.o
                0x0000fda8                current_statistics_init
 .text.current_statistics_start
                0x0000fdc0       0x18 .\CortexM3\ARM_GCC_473\Debug\torquestat.o
                0x0000fdc0                current_statistics_start
 .text.current_statistics_stop
                0x0000fdd8       0x18 .\CortexM3\ARM_GCC_473\Debug\torquestat.o
                0x0000fdd8                current_statistics_stop
 .text.qpower_statistics_elab_step
                0x0000fdf0       0x40 .\CortexM3\ARM_GCC_473\Debug\torquestat.o
                0x0000fdf0                qpower_statistics_elab_step
 .text.qpower_statistics_start
                0x0000fe30       0x18 .\CortexM3\ARM_GCC_473\Debug\torquestat.o
                0x0000fe30                qpower_statistics_start
 .text.qpower_statistics_stop
                0x0000fe48       0x18 .\CortexM3\ARM_GCC_473\Debug\torquestat.o
                0x0000fe48                qpower_statistics_stop
 .text.motor_abs_velocity_sampling
                0x0000fe60       0xc8 .\CortexM3\ARM_GCC_473\Debug\torquestat.o
                0x0000fe60                motor_abs_velocity_sampling
 .text.motor_abs_velocity_sampling_init
                0x0000ff28       0x1c .\CortexM3\ARM_GCC_473\Debug\torquestat.o
                0x0000ff28                motor_abs_velocity_sampling_init
 .text.i_noload
                0x0000ff44       0x14 .\CortexM3\ARM_GCC_473\Debug\torquestat.o
                0x0000ff44                i_noload
 .text.i_max    0x0000ff58       0x18 .\CortexM3\ARM_GCC_473\Debug\torquestat.o
                0x0000ff58                i_max
 .text.TMOT_max
                0x0000ff70       0x90 .\CortexM3\ARM_GCC_473\Debug\torquestat.o
                0x0000ff70                TMOT_max
 .text.PMOTE_max
                0x00010000       0x60 .\CortexM3\ARM_GCC_473\Debug\torquestat.o
                0x00010000                PMOTE_max
 .text.TOUT_max
                0x00010060       0x34 .\CortexM3\ARM_GCC_473\Debug\torquestat.o
                0x00010060                TOUT_max
 .text.i_mean   0x00010094       0x18 .\CortexM3\ARM_GCC_473\Debug\torquestat.o
                0x00010094                i_mean
 *fill*         0x000100ac        0x4 00
 .text.TMOT_mean
                0x000100b0       0x90 .\CortexM3\ARM_GCC_473\Debug\torquestat.o
                0x000100b0                TMOT_mean
 .text.PMOTE_mean
                0x00010140       0x60 .\CortexM3\ARM_GCC_473\Debug\torquestat.o
                0x00010140                PMOTE_mean
 .text.TOUT_mean
                0x000101a0       0x34 .\CortexM3\ARM_GCC_473\Debug\torquestat.o
                0x000101a0                TOUT_mean
 .text.i_t      0x000101d4       0x18 .\CortexM3\ARM_GCC_473\Debug\torquestat.o
                0x000101d4                i_t
 .text.omega_t  0x000101ec       0x18 .\CortexM3\ARM_GCC_473\Debug\torquestat.o
                0x000101ec                omega_t
 *fill*         0x00010204        0x4 00
 .text.rpm_t    0x00010208       0x48 .\CortexM3\ARM_GCC_473\Debug\torquestat.o
                0x00010208                rpm_t
 .text.TMOT_t   0x00010250       0x90 .\CortexM3\ARM_GCC_473\Debug\torquestat.o
                0x00010250                TMOT_t
 .text.PMOTE_t  0x000102e0       0x60 .\CortexM3\ARM_GCC_473\Debug\torquestat.o
                0x000102e0                PMOTE_t
 .text.TOUT_t   0x00010340       0x34 .\CortexM3\ARM_GCC_473\Debug\torquestat.o
                0x00010340                TOUT_t
 .text.Battery_Energy_Integral_Reset
                0x00010374       0x20 .\CortexM3\ARM_GCC_473\Debug\torquestat.o
                0x00010374                Battery_Energy_Integral_Reset
 .text.Battery_Energy
                0x00010394       0x68 .\CortexM3\ARM_GCC_473\Debug\torquestat.o
                0x00010394                Battery_Energy
 .text.Battery_Energy_Meter
                0x000103fc       0x3c .\CortexM3\ARM_GCC_473\Debug\torquestat.o
                0x000103fc                Battery_Energy_Meter
 .text.statistics_init
                0x00010438       0x1c .\CortexM3\ARM_GCC_473\Debug\statistics.o
                0x00010438                statistics_init
 .text.statistics_start
                0x00010454       0x1c .\CortexM3\ARM_GCC_473\Debug\statistics.o
                0x00010454                statistics_start
 .text.statistics_stop
                0x00010470       0x1c .\CortexM3\ARM_GCC_473\Debug\statistics.o
                0x00010470                statistics_stop
 .text.statistics_elab_step
                0x0001048c      0x124 .\CortexM3\ARM_GCC_473\Debug\statistics.o
                0x0001048c                statistics_elab_step
 .text.print_euler_angles
                0x000105b0       0x58 .\CortexM3\ARM_GCC_473\Debug\ME_geometry.o
                0x000105b0                print_euler_angles
 .text.CHRUM7_PacketToEuler
                0x00010608       0xf8 .\CortexM3\ARM_GCC_473\Debug\ME_lib_imu_CHRUM7.o
                0x00010608                CHRUM7_PacketToEuler
 .text.CHRUM7_RegisterIO
                0x00010700      0x168 .\CortexM3\ARM_GCC_473\Debug\ME_lib_imu_CHRUM7.o
                0x00010700                CHRUM7_RegisterIO
 .text.CHRUM7_HeaderValidator
                0x00010868       0x8c .\CortexM3\ARM_GCC_473\Debug\ME_lib_imu_CHRUM7.o
                0x00010868                CHRUM7_HeaderValidator
 .text.CHRUM7_PacketValidator
                0x000108f4       0x7c .\CortexM3\ARM_GCC_473\Debug\ME_lib_imu_CHRUM7.o
                0x000108f4                CHRUM7_PacketValidator
 .text.CBuffer_Init
                0x00010970       0x3c .\CortexM3\ARM_GCC_473\Debug\ME_lib_cbuffer.o
                0x00010970                CBuffer_Init
 .text.CBuffer_PutByte
                0x000109ac       0x68 .\CortexM3\ARM_GCC_473\Debug\ME_lib_cbuffer.o
                0x000109ac                CBuffer_PutByte
 .text.CBuffer_GetByte
                0x00010a14       0x70 .\CortexM3\ARM_GCC_473\Debug\ME_lib_cbuffer.o
                0x00010a14                CBuffer_GetByte
 .text.CBuffer_AnyData
                0x00010a84       0x40 .\CortexM3\ARM_GCC_473\Debug\ME_lib_cbuffer.o
                0x00010a84                CBuffer_AnyData
 .text.PacketBuffer_Init
                0x00010ac4       0x64 .\CortexM3\ARM_GCC_473\Debug\ME_lib_packetizer.o
                0x00010ac4                PacketBuffer_Init
 .text.PacketBuffer_Reset
                0x00010b28       0x34 .\CortexM3\ARM_GCC_473\Debug\ME_lib_packetizer.o
                0x00010b28                PacketBuffer_Reset
 .text.PacketBuffer_BuildPacket
                0x00010b5c      0x1ac .\CortexM3\ARM_GCC_473\Debug\ME_lib_packetizer.o
                0x00010b5c                PacketBuffer_BuildPacket
 .text.sendLoRaATcmd
                0x00010d08       0x74 .\CortexM3\ARM_GCC_473\Debug\XTR-8LR100.o
                0x00010d08                sendLoRaATcmd
 .text.UART_LORA_RX_isr_process
                0x00010d7c       0x64 .\CortexM3\ARM_GCC_473\Debug\XTR-8LR100.o
                0x00010d7c                UART_LORA_RX_isr_process
 .text.IntDefaultHandler
                0x00010de0        0x8 .\CortexM3\ARM_GCC_473\Debug\Cm3Start.o
                0x00010de0                IntDefaultHandler
 .text.Start_c  0x00010de8       0xcc .\CortexM3\ARM_GCC_473\Debug\Cm3Start.o
                0x00010de8                Start_c
 .text.initialize_psoc
                0x00010eb4       0xb8 .\CortexM3\ARM_GCC_473\Debug\Cm3Start.o
                0x00010eb4                initialize_psoc
 .text.CYMEMZERO
                0x00010f6c       0x20 .\CortexM3\ARM_GCC_473\Debug\GobeeDir.a(cyfitter_cfg.o)
 .text.CYCONFIGCPY
                0x00010f8c       0x20 .\CortexM3\ARM_GCC_473\Debug\GobeeDir.a(cyfitter_cfg.o)
 .text.CyClockStartupError
                0x00010fac        0xc .\CortexM3\ARM_GCC_473\Debug\GobeeDir.a(cyfitter_cfg.o)
 .text.cfg_write_bytes32
                0x00010fb8       0x84 .\CortexM3\ARM_GCC_473\Debug\GobeeDir.a(cyfitter_cfg.o)
 .text.ClockSetup
                0x0001103c      0x2e0 .\CortexM3\ARM_GCC_473\Debug\GobeeDir.a(cyfitter_cfg.o)
 .text.AnalogSetDefault
                0x0001131c       0xf8 .\CortexM3\ARM_GCC_473\Debug\GobeeDir.a(cyfitter_cfg.o)
 .text.AMuxSeq_DisconnectAll
                0x00011414       0x6c .\CortexM3\ARM_GCC_473\Debug\GobeeDir.a(cyfitter_cfg.o)
                0x00011414                AMuxSeq_DisconnectAll
 .text.AMuxSeq_Next
                0x00011480      0x198 .\CortexM3\ARM_GCC_473\Debug\GobeeDir.a(cyfitter_cfg.o)
                0x00011480                AMuxSeq_Next
 .text.cyfitter_cfg
                0x00011618      0x2b0 .\CortexM3\ARM_GCC_473\Debug\GobeeDir.a(cyfitter_cfg.o)
                0x00011618                cyfitter_cfg
 .text.ADC_Init
                0x000118c8      0x190 .\CortexM3\ARM_GCC_473\Debug\GobeeDir.a(ADC.o)
                0x000118c8                ADC_Init
 .text.ADC_Enable
                0x00011a58      0x1e4 .\CortexM3\ARM_GCC_473\Debug\GobeeDir.a(ADC.o)
                0x00011a58                ADC_Enable
 .text.ADC_Start
                0x00011c3c       0x3c .\CortexM3\ARM_GCC_473\Debug\GobeeDir.a(ADC.o)
                0x00011c3c                ADC_Start
 .text.ADC_StartConvert
                0x00011c78       0x28 .\CortexM3\ARM_GCC_473\Debug\GobeeDir.a(ADC.o)
                0x00011c78                ADC_StartConvert
 .text.ADC_StopConvert
                0x00011ca0       0x28 .\CortexM3\ARM_GCC_473\Debug\GobeeDir.a(ADC.o)
                0x00011ca0                ADC_StopConvert
 .text.ADC_GetResult16
                0x00011cc8       0x90 .\CortexM3\ARM_GCC_473\Debug\GobeeDir.a(ADC.o)
                0x00011cc8                ADC_GetResult16
 .text.ADC_InitConfig
                0x00011d58      0x1e0 .\CortexM3\ARM_GCC_473\Debug\GobeeDir.a(ADC.o)
 .text.ADC_GainCompensation
                0x00011f38      0x19c .\CortexM3\ARM_GCC_473\Debug\GobeeDir.a(ADC.o)
 .text.ADC_SetDSMRef0Reg
                0x000120d4       0xa8 .\CortexM3\ARM_GCC_473\Debug\GobeeDir.a(ADC.o)
 .text.ADC_ISR1
                0x0001217c       0x84 .\CortexM3\ARM_GCC_473\Debug\GobeeDir.a(ADC_INT.o)
                0x0001217c                ADC_ISR1
 .text.UART_USB_Start
                0x00012200       0x2c .\CortexM3\ARM_GCC_473\Debug\GobeeDir.a(UART_USB.o)
                0x00012200                UART_USB_Start
 .text.UART_USB_Init
                0x0001222c       0x50 .\CortexM3\ARM_GCC_473\Debug\GobeeDir.a(UART_USB.o)
                0x0001222c                UART_USB_Init
 .text.UART_USB_Enable
                0x0001227c       0x78 .\CortexM3\ARM_GCC_473\Debug\GobeeDir.a(UART_USB.o)
                0x0001227c                UART_USB_Enable
 .text.UART_USB_GetChar
                0x000122f4       0x4c .\CortexM3\ARM_GCC_473\Debug\GobeeDir.a(UART_USB.o)
                0x000122f4                UART_USB_GetChar
 .text.UART_USB_PutChar
                0x00012340       0x38 .\CortexM3\ARM_GCC_473\Debug\GobeeDir.a(UART_USB.o)
                0x00012340                UART_USB_PutChar
 .text.Control_Reg_LED_Write
                0x00012378       0x20 .\CortexM3\ARM_GCC_473\Debug\GobeeDir.a(Control_Reg_LED.o)
                0x00012378                Control_Reg_LED_Write
 .text.EEPROM_Enable
                0x00012398        0xc .\CortexM3\ARM_GCC_473\Debug\GobeeDir.a(EEPROM.o)
                0x00012398                EEPROM_Enable
 .text.EEPROM_Write
                0x000123a4      0x12c .\CortexM3\ARM_GCC_473\Debug\GobeeDir.a(EEPROM.o)
                0x000123a4                EEPROM_Write
 .text.AMuxSeq_Start
                0x000124d0       0x18 .\CortexM3\ARM_GCC_473\Debug\GobeeDir.a(AMuxSeq.o)
                0x000124d0                AMuxSeq_Start
 .text.isr_CTRL_Start
                0x000124e8       0x24 .\CortexM3\ARM_GCC_473\Debug\GobeeDir.a(isr_CTRL.o)
                0x000124e8                isr_CTRL_Start
 .text.isr_CTRL_Stop
                0x0001250c       0x18 .\CortexM3\ARM_GCC_473\Debug\GobeeDir.a(isr_CTRL.o)
                0x0001250c                isr_CTRL_Stop
 .text.isr_CTRL_Interrupt
                0x00012524       0x78 .\CortexM3\ARM_GCC_473\Debug\GobeeDir.a(isr_CTRL.o)
                0x00012524                isr_CTRL_Interrupt
 .text.isr_CTRL_SetVector
                0x0001259c       0x28 .\CortexM3\ARM_GCC_473\Debug\GobeeDir.a(isr_CTRL.o)
                0x0001259c                isr_CTRL_SetVector
 .text.isr_CTRL_SetPriority
                0x000125c4       0x28 .\CortexM3\ARM_GCC_473\Debug\GobeeDir.a(isr_CTRL.o)
                0x000125c4                isr_CTRL_SetPriority
 .text.isr_CTRL_Enable
                0x000125ec       0x18 .\CortexM3\ARM_GCC_473\Debug\GobeeDir.a(isr_CTRL.o)
                0x000125ec                isr_CTRL_Enable
 .text.isr_CTRL_Disable
                0x00012604       0x18 .\CortexM3\ARM_GCC_473\Debug\GobeeDir.a(isr_CTRL.o)
                0x00012604                isr_CTRL_Disable
 .text.Status_Reg_BUTTON_Read
                0x0001261c       0x18 .\CortexM3\ARM_GCC_473\Debug\GobeeDir.a(Status_Reg_BUTTON.o)
                0x0001261c                Status_Reg_BUTTON_Read
 .text.Counter_LED_Init
                0x00012634       0xe4 .\CortexM3\ARM_GCC_473\Debug\GobeeDir.a(Counter_LED.o)
                0x00012634                Counter_LED_Init
 .text.Counter_LED_Enable
                0x00012718       0x60 .\CortexM3\ARM_GCC_473\Debug\GobeeDir.a(Counter_LED.o)
                0x00012718                Counter_LED_Enable
 .text.Counter_LED_Start
                0x00012778       0x2c .\CortexM3\ARM_GCC_473\Debug\GobeeDir.a(Counter_LED.o)
                0x00012778                Counter_LED_Start
 .text.Counter_LED_SetInterruptMode
                0x000127a4       0x20 .\CortexM3\ARM_GCC_473\Debug\GobeeDir.a(Counter_LED.o)
                0x000127a4                Counter_LED_SetInterruptMode
 .text.Counter_LED_WriteCounter
                0x000127c4       0x74 .\CortexM3\ARM_GCC_473\Debug\GobeeDir.a(Counter_LED.o)
                0x000127c4                Counter_LED_WriteCounter
 .text.Counter_LED_WritePeriod
                0x00012838       0x24 .\CortexM3\ARM_GCC_473\Debug\GobeeDir.a(Counter_LED.o)
                0x00012838                Counter_LED_WritePeriod
 .text.ADC_theACLK_SetDividerRegister
                0x0001285c      0x1e8 .\CortexM3\ARM_GCC_473\Debug\GobeeDir.a(ADC_theACLK.o)
                0x0001285c                ADC_theACLK_SetDividerRegister
 .text.ADC_theACLK_GetDividerRegister
                0x00012a44       0x18 .\CortexM3\ARM_GCC_473\Debug\GobeeDir.a(ADC_theACLK.o)
                0x00012a44                ADC_theACLK_GetDividerRegister
 .text.ADC_theACLK_SetModeRegister
                0x00012a5c       0x3c .\CortexM3\ARM_GCC_473\Debug\GobeeDir.a(ADC_theACLK.o)
                0x00012a5c                ADC_theACLK_SetModeRegister
 .text.ADC_theACLK_GetSourceRegister
                0x00012a98       0x20 .\CortexM3\ARM_GCC_473\Debug\GobeeDir.a(ADC_theACLK.o)
                0x00012a98                ADC_theACLK_GetSourceRegister
 .text.ADC_Ext_CP_Clk_SetDividerRegister
                0x00012ab8      0x1e8 .\CortexM3\ARM_GCC_473\Debug\GobeeDir.a(ADC_Ext_CP_Clk.o)
                0x00012ab8                ADC_Ext_CP_Clk_SetDividerRegister
 .text.ADC_Ext_CP_Clk_GetDividerRegister
                0x00012ca0       0x18 .\CortexM3\ARM_GCC_473\Debug\GobeeDir.a(ADC_Ext_CP_Clk.o)
                0x00012ca0                ADC_Ext_CP_Clk_GetDividerRegister
 .text.ADC_Ext_CP_Clk_SetModeRegister
                0x00012cb8       0x3c .\CortexM3\ARM_GCC_473\Debug\GobeeDir.a(ADC_Ext_CP_Clk.o)
                0x00012cb8                ADC_Ext_CP_Clk_SetModeRegister
 .text.ADC_Ext_CP_Clk_GetSourceRegister
                0x00012cf4       0x20 .\CortexM3\ARM_GCC_473\Debug\GobeeDir.a(ADC_Ext_CP_Clk.o)
                0x00012cf4                ADC_Ext_CP_Clk_GetSourceRegister
 .text.UART_USB_IntClock_Start
                0x00012d14       0x44 .\CortexM3\ARM_GCC_473\Debug\GobeeDir.a(UART_USB_IntClock.o)
                0x00012d14                UART_USB_IntClock_Start
 .text          0x00012d58       0x28 .\CortexM3\ARM_GCC_473\Debug\GobeeDir.a(CyBootAsmGnu.o)
                0x00012d58                CyDelayCycles
                0x00012d6c                CyEnterCriticalSection
                0x00012d74                CyExitCriticalSection
 .text.CyDmacConfigure
                0x00012d80       0x70 .\CortexM3\ARM_GCC_473\Debug\GobeeDir.a(CyDmac.o)
                0x00012d80                CyDmacConfigure
 .text.CyDmaChEnable
                0x00012df0       0xbc .\CortexM3\ARM_GCC_473\Debug\GobeeDir.a(CyDmac.o)
                0x00012df0                CyDmaChEnable
 .text.CyDmaChDisable
                0x00012eac       0x84 .\CortexM3\ARM_GCC_473\Debug\GobeeDir.a(CyDmac.o)
                0x00012eac                CyDmaChDisable
 .text.CyDmaChPriority
                0x00012f30       0x70 .\CortexM3\ARM_GCC_473\Debug\GobeeDir.a(CyDmac.o)
                0x00012f30                CyDmaChPriority
 .text.CyDmaChSetExtendedAddress
                0x00012fa0       0x88 .\CortexM3\ARM_GCC_473\Debug\GobeeDir.a(CyDmac.o)
                0x00012fa0                CyDmaChSetExtendedAddress
 .text.CyDmaChSetInitialTd
                0x00013028       0x44 .\CortexM3\ARM_GCC_473\Debug\GobeeDir.a(CyDmac.o)
                0x00013028                CyDmaChSetInitialTd
 .text.CyDmaChSetConfiguration
                0x0001306c       0xa4 .\CortexM3\ARM_GCC_473\Debug\GobeeDir.a(CyDmac.o)
                0x0001306c                CyDmaChSetConfiguration
 .text.CyDmaTdAllocate
                0x00013110       0x78 .\CortexM3\ARM_GCC_473\Debug\GobeeDir.a(CyDmac.o)
                0x00013110                CyDmaTdAllocate
 .text.CyDmaTdSetConfiguration
                0x00013188       0x7c .\CortexM3\ARM_GCC_473\Debug\GobeeDir.a(CyDmac.o)
                0x00013188                CyDmaTdSetConfiguration
 .text.CyDmaTdSetAddress
                0x00013204       0x68 .\CortexM3\ARM_GCC_473\Debug\GobeeDir.a(CyDmac.o)
                0x00013204                CyDmaTdSetAddress
 .text.CyEEPROM_Start
                0x0001326c       0x44 .\CortexM3\ARM_GCC_473\Debug\GobeeDir.a(CyFlash.o)
                0x0001326c                CyEEPROM_Start
 .text.CyHalt   0x000132b0       0x18 .\CortexM3\ARM_GCC_473\Debug\GobeeDir.a(CyLib.o)
                0x000132b0                CyHalt
 .text.CyDelay  0x000132c8       0x48 .\CortexM3\ARM_GCC_473\Debug\GobeeDir.a(CyLib.o)
                0x000132c8                CyDelay
 .text.CyDelayUs
                0x00013310       0x28 .\CortexM3\ARM_GCC_473\Debug\GobeeDir.a(CyLib.o)
                0x00013310                CyDelayUs
 .text.CyIntSetVector
                0x00013338       0x60 .\CortexM3\ARM_GCC_473\Debug\GobeeDir.a(CyLib.o)
                0x00013338                CyIntSetVector
 .text.CyIntSetPriority
                0x00013398       0x4c .\CortexM3\ARM_GCC_473\Debug\GobeeDir.a(CyLib.o)
                0x00013398                CyIntSetPriority
 .text.CySpcStart
                0x000133e4       0x58 .\CortexM3\ARM_GCC_473\Debug\GobeeDir.a(CySpc.o)
                0x000133e4                CySpcStart
 .text.CySpcLoadRow
                0x0001343c       0xbc .\CortexM3\ARM_GCC_473\Debug\GobeeDir.a(CySpc.o)
                0x0001343c                CySpcLoadRow
 .text.CySpcWriteRow
                0x000134f8       0xcc .\CortexM3\ARM_GCC_473\Debug\GobeeDir.a(CySpc.o)
                0x000134f8                CySpcWriteRow
 .text.CySpcLock
                0x000135c4       0x88 .\CortexM3\ARM_GCC_473\Debug\GobeeDir.a(CySpc.o)
                0x000135c4                CySpcLock
 .text.CySpcUnlock
                0x0001364c       0x68 .\CortexM3\ARM_GCC_473\Debug\GobeeDir.a(CySpc.o)
                0x0001364c                CySpcUnlock
 .text.Control_Reg_BUZ_Write
                0x000136b4       0x20 .\CortexM3\ARM_GCC_473\Debug\GobeeDir.a(Control_Reg_BUZ.o)
                0x000136b4                Control_Reg_BUZ_Write
 .text.Control_Reg_MOTOR_Write
                0x000136d4       0x20 .\CortexM3\ARM_GCC_473\Debug\GobeeDir.a(Control_Reg_MOTOR.o)
                0x000136d4                Control_Reg_MOTOR_Write
 .text.QuadDec_PAN_Init
                0x000136f4       0x30 .\CortexM3\ARM_GCC_473\Debug\GobeeDir.a(QuadDec_PAN.o)
                0x000136f4                QuadDec_PAN_Init
 .text.QuadDec_PAN_Enable
                0x00013724       0x54 .\CortexM3\ARM_GCC_473\Debug\GobeeDir.a(QuadDec_PAN.o)
                0x00013724                QuadDec_PAN_Enable
 .text.QuadDec_PAN_Start
                0x00013778       0x44 .\CortexM3\ARM_GCC_473\Debug\GobeeDir.a(QuadDec_PAN.o)
                0x00013778                QuadDec_PAN_Start
 .text.QuadDec_PAN_GetCounter
                0x000137bc       0x54 .\CortexM3\ARM_GCC_473\Debug\GobeeDir.a(QuadDec_PAN.o)
                0x000137bc                QuadDec_PAN_GetCounter
 .text.QuadDec_PAN_SetCounter
                0x00013810       0x40 .\CortexM3\ARM_GCC_473\Debug\GobeeDir.a(QuadDec_PAN.o)
                0x00013810                QuadDec_PAN_SetCounter
 .text.QuadDec_PAN_GetEvents
                0x00013850       0x20 .\CortexM3\ARM_GCC_473\Debug\GobeeDir.a(QuadDec_PAN.o)
                0x00013850                QuadDec_PAN_GetEvents
 .text.QuadDec_PAN_SetInterruptMask
                0x00013870       0x28 .\CortexM3\ARM_GCC_473\Debug\GobeeDir.a(QuadDec_PAN.o)
                0x00013870                QuadDec_PAN_SetInterruptMask
 .text.QuadDec_PAN_ISR
                0x00013898       0x98 .\CortexM3\ARM_GCC_473\Debug\GobeeDir.a(QuadDec_PAN_INT.o)
                0x00013898                QuadDec_PAN_ISR
 .text.QuadDec_PAN_Cnt16_Init
                0x00013930       0xa0 .\CortexM3\ARM_GCC_473\Debug\GobeeDir.a(QuadDec_PAN_Cnt16.o)
                0x00013930                QuadDec_PAN_Cnt16_Init
 .text.QuadDec_PAN_Cnt16_Enable
                0x000139d0       0x28 .\CortexM3\ARM_GCC_473\Debug\GobeeDir.a(QuadDec_PAN_Cnt16.o)
                0x000139d0                QuadDec_PAN_Cnt16_Enable
 .text.QuadDec_PAN_Cnt16_Start
                0x000139f8       0x2c .\CortexM3\ARM_GCC_473\Debug\GobeeDir.a(QuadDec_PAN_Cnt16.o)
                0x000139f8                QuadDec_PAN_Cnt16_Start
 .text.QuadDec_PAN_Cnt16_SetInterruptMode
                0x00013a24       0x20 .\CortexM3\ARM_GCC_473\Debug\GobeeDir.a(QuadDec_PAN_Cnt16.o)
                0x00013a24                QuadDec_PAN_Cnt16_SetInterruptMode
 .text.QuadDec_PAN_Cnt16_ReadStatusRegister
                0x00013a44       0x18 .\CortexM3\ARM_GCC_473\Debug\GobeeDir.a(QuadDec_PAN_Cnt16.o)
                0x00013a44                QuadDec_PAN_Cnt16_ReadStatusRegister
 .text.QuadDec_PAN_Cnt16_WriteCounter
                0x00013a5c       0x20 .\CortexM3\ARM_GCC_473\Debug\GobeeDir.a(QuadDec_PAN_Cnt16.o)
                0x00013a5c                QuadDec_PAN_Cnt16_WriteCounter
 .text.QuadDec_PAN_Cnt16_ReadCounter
                0x00013a7c       0x24 .\CortexM3\ARM_GCC_473\Debug\GobeeDir.a(QuadDec_PAN_Cnt16.o)
                0x00013a7c                QuadDec_PAN_Cnt16_ReadCounter
 .text.QuadDec_PAN_Cnt16_ReadCapture
                0x00013aa0       0x18 .\CortexM3\ARM_GCC_473\Debug\GobeeDir.a(QuadDec_PAN_Cnt16.o)
                0x00013aa0                QuadDec_PAN_Cnt16_ReadCapture
 .text.QuadDec_PAN_Cnt16_WritePeriod
                0x00013ab8       0x20 .\CortexM3\ARM_GCC_473\Debug\GobeeDir.a(QuadDec_PAN_Cnt16.o)
                0x00013ab8                QuadDec_PAN_Cnt16_WritePeriod
 .text.QuadDec_PAN_Cnt16_WriteCompare
                0x00013ad8       0x20 .\CortexM3\ARM_GCC_473\Debug\GobeeDir.a(QuadDec_PAN_Cnt16.o)
                0x00013ad8                QuadDec_PAN_Cnt16_WriteCompare
 .text.QuadDec_PAN_Cnt16_ClearFIFO
                0x00013af8       0x1c .\CortexM3\ARM_GCC_473\Debug\GobeeDir.a(QuadDec_PAN_Cnt16.o)
                0x00013af8                QuadDec_PAN_Cnt16_ClearFIFO
 .text.ADC_IRQ_Enable
                0x00013b14       0x18 .\CortexM3\ARM_GCC_473\Debug\GobeeDir.a(ADC_IRQ.o)
                0x00013b14                ADC_IRQ_Enable
 .text.PWM_MOTOR_PAN_Start
                0x00013b2c       0x2c .\CortexM3\ARM_GCC_473\Debug\GobeeDir.a(PWM_MOTOR_PAN.o)
                0x00013b2c                PWM_MOTOR_PAN_Start
 .text.PWM_MOTOR_PAN_Init
                0x00013b58      0x134 .\CortexM3\ARM_GCC_473\Debug\GobeeDir.a(PWM_MOTOR_PAN.o)
                0x00013b58                PWM_MOTOR_PAN_Init
 .text.PWM_MOTOR_PAN_Enable
                0x00013c8c       0x60 .\CortexM3\ARM_GCC_473\Debug\GobeeDir.a(PWM_MOTOR_PAN.o)
                0x00013c8c                PWM_MOTOR_PAN_Enable
 .text.PWM_MOTOR_PAN_WritePeriod
                0x00013cec       0x20 .\CortexM3\ARM_GCC_473\Debug\GobeeDir.a(PWM_MOTOR_PAN.o)
                0x00013cec                PWM_MOTOR_PAN_WritePeriod
 .text.PWM_MOTOR_PAN_WriteCompare
                0x00013d0c       0x20 .\CortexM3\ARM_GCC_473\Debug\GobeeDir.a(PWM_MOTOR_PAN.o)
                0x00013d0c                PWM_MOTOR_PAN_WriteCompare
 .text.PWM_MOTOR_PAN_WriteDeadTime
                0x00013d2c       0x58 .\CortexM3\ARM_GCC_473\Debug\GobeeDir.a(PWM_MOTOR_PAN.o)
                0x00013d2c                PWM_MOTOR_PAN_WriteDeadTime
 .text.PWM_MOTOR_PAN_SetInterruptMode
                0x00013d84       0x20 .\CortexM3\ARM_GCC_473\Debug\GobeeDir.a(PWM_MOTOR_PAN.o)
                0x00013d84                PWM_MOTOR_PAN_SetInterruptMode
 .text.isr_BUTTON_Start
                0x00013da4       0x24 .\CortexM3\ARM_GCC_473\Debug\GobeeDir.a(isr_BUTTON.o)
                0x00013da4                isr_BUTTON_Start
 .text.isr_BUTTON_Interrupt
                0x00013dc8      0x10c .\CortexM3\ARM_GCC_473\Debug\GobeeDir.a(isr_BUTTON.o)
                0x00013dc8                isr_BUTTON_Interrupt
 .text.isr_BUTTON_SetVector
                0x00013ed4       0x28 .\CortexM3\ARM_GCC_473\Debug\GobeeDir.a(isr_BUTTON.o)
                0x00013ed4                isr_BUTTON_SetVector
 .text.isr_BUTTON_SetPriority
                0x00013efc       0x28 .\CortexM3\ARM_GCC_473\Debug\GobeeDir.a(isr_BUTTON.o)
                0x00013efc                isr_BUTTON_SetPriority
 .text.isr_BUTTON_Enable
                0x00013f24       0x18 .\CortexM3\ARM_GCC_473\Debug\GobeeDir.a(isr_BUTTON.o)
                0x00013f24                isr_BUTTON_Enable
 .text.isr_BUTTON_Disable
                0x00013f3c       0x18 .\CortexM3\ARM_GCC_473\Debug\GobeeDir.a(isr_BUTTON.o)
                0x00013f3c                isr_BUTTON_Disable
 .text.WaveDAC8_Init
                0x00013f54       0x64 .\CortexM3\ARM_GCC_473\Debug\GobeeDir.a(WaveDAC8.o)
                0x00013f54                WaveDAC8_Init
 .text.WaveDAC8_Enable
                0x00013fb8       0x44 .\CortexM3\ARM_GCC_473\Debug\GobeeDir.a(WaveDAC8.o)
                0x00013fb8                WaveDAC8_Enable
 .text.WaveDAC8_Start
                0x00013ffc       0x2c .\CortexM3\ARM_GCC_473\Debug\GobeeDir.a(WaveDAC8.o)
                0x00013ffc                WaveDAC8_Start
 .text.WaveDAC8_Stop
                0x00014028       0x30 .\CortexM3\ARM_GCC_473\Debug\GobeeDir.a(WaveDAC8.o)
                0x00014028                WaveDAC8_Stop
 .text.WaveDAC8_Wave1Setup
                0x00014058       0x98 .\CortexM3\ARM_GCC_473\Debug\GobeeDir.a(WaveDAC8.o)
                0x00014058                WaveDAC8_Wave1Setup
 .text.WaveDAC8_Wave2Setup
                0x000140f0       0x98 .\CortexM3\ARM_GCC_473\Debug\GobeeDir.a(WaveDAC8.o)
                0x000140f0                WaveDAC8_Wave2Setup
 .text.WaveDAC8_DacClk_Start
                0x00014188       0x44 .\CortexM3\ARM_GCC_473\Debug\GobeeDir.a(WaveDAC8_DacClk.o)
                0x00014188                WaveDAC8_DacClk_Start
 .text.WaveDAC8_DacClk_Stop
                0x000141cc       0x44 .\CortexM3\ARM_GCC_473\Debug\GobeeDir.a(WaveDAC8_DacClk.o)
                0x000141cc                WaveDAC8_DacClk_Stop
 .text.WaveDAC8_Wave1_DMA_DmaInitialize
                0x00014210       0x84 .\CortexM3\ARM_GCC_473\Debug\GobeeDir.a(WaveDAC8_Wave1_DMA_dma.o)
                0x00014210                WaveDAC8_Wave1_DMA_DmaInitialize
 .text.WaveDAC8_Wave2_DMA_DmaInitialize
                0x00014294       0x84 .\CortexM3\ARM_GCC_473\Debug\GobeeDir.a(WaveDAC8_Wave2_DMA_dma.o)
                0x00014294                WaveDAC8_Wave2_DMA_DmaInitialize
 .text.WaveDAC8_VDAC8_Init
                0x00014318       0x50 .\CortexM3\ARM_GCC_473\Debug\GobeeDir.a(WaveDAC8_VDAC8.o)
                0x00014318                WaveDAC8_VDAC8_Init
 .text.WaveDAC8_VDAC8_Enable
                0x00014368       0x44 .\CortexM3\ARM_GCC_473\Debug\GobeeDir.a(WaveDAC8_VDAC8.o)
                0x00014368                WaveDAC8_VDAC8_Enable
 .text.WaveDAC8_VDAC8_Stop
                0x000143ac       0x44 .\CortexM3\ARM_GCC_473\Debug\GobeeDir.a(WaveDAC8_VDAC8.o)
                0x000143ac                WaveDAC8_VDAC8_Stop
 .text.WaveDAC8_VDAC8_SetSpeed
                0x000143f0       0x54 .\CortexM3\ARM_GCC_473\Debug\GobeeDir.a(WaveDAC8_VDAC8.o)
                0x000143f0                WaveDAC8_VDAC8_SetSpeed
 .text.WaveDAC8_VDAC8_SetRange
                0x00014444       0x54 .\CortexM3\ARM_GCC_473\Debug\GobeeDir.a(WaveDAC8_VDAC8.o)
                0x00014444                WaveDAC8_VDAC8_SetRange
 .text.WaveDAC8_VDAC8_SetValue
                0x00014498       0x20 .\CortexM3\ARM_GCC_473\Debug\GobeeDir.a(WaveDAC8_VDAC8.o)
                0x00014498                WaveDAC8_VDAC8_SetValue
 .text.WaveDAC8_VDAC8_DacTrim
                0x000144b8       0x44 .\CortexM3\ARM_GCC_473\Debug\GobeeDir.a(WaveDAC8_VDAC8.o)
                0x000144b8                WaveDAC8_VDAC8_DacTrim
 .text.WaveDAC8_BuffAmp_Init
                0x000144fc       0x10 .\CortexM3\ARM_GCC_473\Debug\GobeeDir.a(WaveDAC8_BuffAmp.o)
                0x000144fc                WaveDAC8_BuffAmp_Init
 .text.WaveDAC8_BuffAmp_Enable
                0x0001450c       0x60 .\CortexM3\ARM_GCC_473\Debug\GobeeDir.a(WaveDAC8_BuffAmp.o)
                0x0001450c                WaveDAC8_BuffAmp_Enable
 .text.WaveDAC8_BuffAmp_SetPower
                0x0001456c       0x54 .\CortexM3\ARM_GCC_473\Debug\GobeeDir.a(WaveDAC8_BuffAmp.o)
                0x0001456c                WaveDAC8_BuffAmp_SetPower
 .text.VDAC8_ANAPOS_Init
                0x000145c0       0x34 .\CortexM3\ARM_GCC_473\Debug\GobeeDir.a(VDAC8_ANAPOS.o)
                0x000145c0                VDAC8_ANAPOS_Init
 .text.VDAC8_ANAPOS_Enable
                0x000145f4       0x44 .\CortexM3\ARM_GCC_473\Debug\GobeeDir.a(VDAC8_ANAPOS.o)
                0x000145f4                VDAC8_ANAPOS_Enable
 .text.VDAC8_ANAPOS_Start
                0x00014638       0x34 .\CortexM3\ARM_GCC_473\Debug\GobeeDir.a(VDAC8_ANAPOS.o)
                0x00014638                VDAC8_ANAPOS_Start
 .text.VDAC8_ANAPOS_SetSpeed
                0x0001466c       0x54 .\CortexM3\ARM_GCC_473\Debug\GobeeDir.a(VDAC8_ANAPOS.o)
                0x0001466c                VDAC8_ANAPOS_SetSpeed
 .text.VDAC8_ANAPOS_SetRange
                0x000146c0       0x54 .\CortexM3\ARM_GCC_473\Debug\GobeeDir.a(VDAC8_ANAPOS.o)
                0x000146c0                VDAC8_ANAPOS_SetRange
 .text.VDAC8_ANAPOS_SetValue
                0x00014714       0x20 .\CortexM3\ARM_GCC_473\Debug\GobeeDir.a(VDAC8_ANAPOS.o)
                0x00014714                VDAC8_ANAPOS_SetValue
 .text.VDAC8_ANAPOS_DacTrim
                0x00014734       0x44 .\CortexM3\ARM_GCC_473\Debug\GobeeDir.a(VDAC8_ANAPOS.o)
                0x00014734                VDAC8_ANAPOS_DacTrim
 .text.isr_EVENTS_IDENTIF_Start
                0x00014778       0x24 .\CortexM3\ARM_GCC_473\Debug\GobeeDir.a(isr_EVENTS_IDENTIF.o)
                0x00014778                isr_EVENTS_IDENTIF_Start
 .text.isr_EVENTS_IDENTIF_Interrupt
                0x0001479c       0xe0 .\CortexM3\ARM_GCC_473\Debug\GobeeDir.a(isr_EVENTS_IDENTIF.o)
                0x0001479c                isr_EVENTS_IDENTIF_Interrupt
 .text.isr_EVENTS_IDENTIF_SetVector
                0x0001487c       0x28 .\CortexM3\ARM_GCC_473\Debug\GobeeDir.a(isr_EVENTS_IDENTIF.o)
                0x0001487c                isr_EVENTS_IDENTIF_SetVector
 .text.isr_EVENTS_IDENTIF_SetPriority
                0x000148a4       0x28 .\CortexM3\ARM_GCC_473\Debug\GobeeDir.a(isr_EVENTS_IDENTIF.o)
                0x000148a4                isr_EVENTS_IDENTIF_SetPriority
 .text.isr_EVENTS_IDENTIF_Enable
                0x000148cc       0x18 .\CortexM3\ARM_GCC_473\Debug\GobeeDir.a(isr_EVENTS_IDENTIF.o)
                0x000148cc                isr_EVENTS_IDENTIF_Enable
 .text.isr_EVENTS_IDENTIF_Disable
                0x000148e4       0x18 .\CortexM3\ARM_GCC_473\Debug\GobeeDir.a(isr_EVENTS_IDENTIF.o)
                0x000148e4                isr_EVENTS_IDENTIF_Disable
 .text.QuadDec_TILT_Init
                0x000148fc       0x30 .\CortexM3\ARM_GCC_473\Debug\GobeeDir.a(QuadDec_TILT.o)
                0x000148fc                QuadDec_TILT_Init
 .text.QuadDec_TILT_Enable
                0x0001492c       0x54 .\CortexM3\ARM_GCC_473\Debug\GobeeDir.a(QuadDec_TILT.o)
                0x0001492c                QuadDec_TILT_Enable
 .text.QuadDec_TILT_Start
                0x00014980       0x44 .\CortexM3\ARM_GCC_473\Debug\GobeeDir.a(QuadDec_TILT.o)
                0x00014980                QuadDec_TILT_Start
 .text.QuadDec_TILT_GetCounter
                0x000149c4       0x54 .\CortexM3\ARM_GCC_473\Debug\GobeeDir.a(QuadDec_TILT.o)
                0x000149c4                QuadDec_TILT_GetCounter
 .text.QuadDec_TILT_SetCounter
                0x00014a18       0x40 .\CortexM3\ARM_GCC_473\Debug\GobeeDir.a(QuadDec_TILT.o)
                0x00014a18                QuadDec_TILT_SetCounter
 .text.QuadDec_TILT_GetEvents
                0x00014a58       0x20 .\CortexM3\ARM_GCC_473\Debug\GobeeDir.a(QuadDec_TILT.o)
                0x00014a58                QuadDec_TILT_GetEvents
 .text.QuadDec_TILT_SetInterruptMask
                0x00014a78       0x28 .\CortexM3\ARM_GCC_473\Debug\GobeeDir.a(QuadDec_TILT.o)
                0x00014a78                QuadDec_TILT_SetInterruptMask
 .text.QuadDec_TILT_ISR
                0x00014aa0       0x98 .\CortexM3\ARM_GCC_473\Debug\GobeeDir.a(QuadDec_TILT_INT.o)
                0x00014aa0                QuadDec_TILT_ISR
 .text.PWM_MOTOR_TILT_Start
                0x00014b38       0x2c .\CortexM3\ARM_GCC_473\Debug\GobeeDir.a(PWM_MOTOR_TILT.o)
                0x00014b38                PWM_MOTOR_TILT_Start
 .text.PWM_MOTOR_TILT_Init
                0x00014b64      0x134 .\CortexM3\ARM_GCC_473\Debug\GobeeDir.a(PWM_MOTOR_TILT.o)
                0x00014b64                PWM_MOTOR_TILT_Init
 .text.PWM_MOTOR_TILT_Enable
                0x00014c98       0x60 .\CortexM3\ARM_GCC_473\Debug\GobeeDir.a(PWM_MOTOR_TILT.o)
                0x00014c98                PWM_MOTOR_TILT_Enable
 .text.PWM_MOTOR_TILT_WritePeriod
                0x00014cf8       0x20 .\CortexM3\ARM_GCC_473\Debug\GobeeDir.a(PWM_MOTOR_TILT.o)
                0x00014cf8                PWM_MOTOR_TILT_WritePeriod
 .text.PWM_MOTOR_TILT_WriteCompare
                0x00014d18       0x20 .\CortexM3\ARM_GCC_473\Debug\GobeeDir.a(PWM_MOTOR_TILT.o)
                0x00014d18                PWM_MOTOR_TILT_WriteCompare
 .text.PWM_MOTOR_TILT_WriteDeadTime
                0x00014d38       0x58 .\CortexM3\ARM_GCC_473\Debug\GobeeDir.a(PWM_MOTOR_TILT.o)
                0x00014d38                PWM_MOTOR_TILT_WriteDeadTime
 .text.PWM_MOTOR_TILT_SetInterruptMode
                0x00014d90       0x20 .\CortexM3\ARM_GCC_473\Debug\GobeeDir.a(PWM_MOTOR_TILT.o)
                0x00014d90                PWM_MOTOR_TILT_SetInterruptMode
 .text.QuadDec_TILT_Cnt16_Init
                0x00014db0       0xa0 .\CortexM3\ARM_GCC_473\Debug\GobeeDir.a(QuadDec_TILT_Cnt16.o)
                0x00014db0                QuadDec_TILT_Cnt16_Init
 .text.QuadDec_TILT_Cnt16_Enable
                0x00014e50       0x28 .\CortexM3\ARM_GCC_473\Debug\GobeeDir.a(QuadDec_TILT_Cnt16.o)
                0x00014e50                QuadDec_TILT_Cnt16_Enable
 .text.QuadDec_TILT_Cnt16_Start
                0x00014e78       0x2c .\CortexM3\ARM_GCC_473\Debug\GobeeDir.a(QuadDec_TILT_Cnt16.o)
                0x00014e78                QuadDec_TILT_Cnt16_Start
 .text.QuadDec_TILT_Cnt16_SetInterruptMode
                0x00014ea4       0x20 .\CortexM3\ARM_GCC_473\Debug\GobeeDir.a(QuadDec_TILT_Cnt16.o)
                0x00014ea4                QuadDec_TILT_Cnt16_SetInterruptMode
 .text.QuadDec_TILT_Cnt16_ReadStatusRegister
                0x00014ec4       0x18 .\CortexM3\ARM_GCC_473\Debug\GobeeDir.a(QuadDec_TILT_Cnt16.o)
                0x00014ec4                QuadDec_TILT_Cnt16_ReadStatusRegister
 .text.QuadDec_TILT_Cnt16_WriteCounter
                0x00014edc       0x20 .\CortexM3\ARM_GCC_473\Debug\GobeeDir.a(QuadDec_TILT_Cnt16.o)
                0x00014edc                QuadDec_TILT_Cnt16_WriteCounter
 .text.QuadDec_TILT_Cnt16_ReadCounter
                0x00014efc       0x24 .\CortexM3\ARM_GCC_473\Debug\GobeeDir.a(QuadDec_TILT_Cnt16.o)
                0x00014efc                QuadDec_TILT_Cnt16_ReadCounter
 .text.QuadDec_TILT_Cnt16_ReadCapture
                0x00014f20       0x18 .\CortexM3\ARM_GCC_473\Debug\GobeeDir.a(QuadDec_TILT_Cnt16.o)
                0x00014f20                QuadDec_TILT_Cnt16_ReadCapture
 .text.QuadDec_TILT_Cnt16_WritePeriod
                0x00014f38       0x20 .\CortexM3\ARM_GCC_473\Debug\GobeeDir.a(QuadDec_TILT_Cnt16.o)
                0x00014f38                QuadDec_TILT_Cnt16_WritePeriod
 .text.QuadDec_TILT_Cnt16_WriteCompare
                0x00014f58       0x20 .\CortexM3\ARM_GCC_473\Debug\GobeeDir.a(QuadDec_TILT_Cnt16.o)
                0x00014f58                QuadDec_TILT_Cnt16_WriteCompare
 .text.QuadDec_TILT_Cnt16_ClearFIFO
                0x00014f78       0x1c .\CortexM3\ARM_GCC_473\Debug\GobeeDir.a(QuadDec_TILT_Cnt16.o)
                0x00014f78                QuadDec_TILT_Cnt16_ClearFIFO
 .text.PGA_ASTIM_Init
                0x00014f94       0x50 .\CortexM3\ARM_GCC_473\Debug\GobeeDir.a(PGA_ASTIM.o)
                0x00014f94                PGA_ASTIM_Init
 .text.PGA_ASTIM_Enable
                0x00014fe4       0x60 .\CortexM3\ARM_GCC_473\Debug\GobeeDir.a(PGA_ASTIM.o)
                0x00014fe4                PGA_ASTIM_Enable
 .text.PGA_ASTIM_Start
                0x00015044       0x2c .\CortexM3\ARM_GCC_473\Debug\GobeeDir.a(PGA_ASTIM.o)
                0x00015044                PGA_ASTIM_Start
 .text.PGA_ASTIM_Stop
                0x00015070       0x44 .\CortexM3\ARM_GCC_473\Debug\GobeeDir.a(PGA_ASTIM.o)
                0x00015070                PGA_ASTIM_Stop
 .text.PGA_ASTIM_SetPower
                0x000150b4       0x40 .\CortexM3\ARM_GCC_473\Debug\GobeeDir.a(PGA_ASTIM.o)
                0x000150b4                PGA_ASTIM_SetPower
 .text.PGA_ASTIM_SetGain
                0x000150f4       0xec .\CortexM3\ARM_GCC_473\Debug\GobeeDir.a(PGA_ASTIM.o)
                0x000150f4                PGA_ASTIM_SetGain
 .text.Status_Reg_MOTORS_Read
                0x000151e0       0x18 .\CortexM3\ARM_GCC_473\Debug\GobeeDir.a(Status_Reg_MOTORS.o)
                0x000151e0                Status_Reg_MOTORS_Read
 .text.isr_CLU_EXEC_Start
                0x000151f8       0x24 .\CortexM3\ARM_GCC_473\Debug\GobeeDir.a(isr_CLU_EXEC.o)
                0x000151f8                isr_CLU_EXEC_Start
 .text.isr_CLU_EXEC_Interrupt
                0x0001521c       0x10 .\CortexM3\ARM_GCC_473\Debug\GobeeDir.a(isr_CLU_EXEC.o)
                0x0001521c                isr_CLU_EXEC_Interrupt
 .text.isr_CLU_EXEC_SetVector
                0x0001522c       0x28 .\CortexM3\ARM_GCC_473\Debug\GobeeDir.a(isr_CLU_EXEC.o)
                0x0001522c                isr_CLU_EXEC_SetVector
 .text.isr_CLU_EXEC_SetPriority
                0x00015254       0x28 .\CortexM3\ARM_GCC_473\Debug\GobeeDir.a(isr_CLU_EXEC.o)
                0x00015254                isr_CLU_EXEC_SetPriority
 .text.isr_CLU_EXEC_Enable
                0x0001527c       0x18 .\CortexM3\ARM_GCC_473\Debug\GobeeDir.a(isr_CLU_EXEC.o)
                0x0001527c                isr_CLU_EXEC_Enable
 .text.isr_CLU_EXEC_Disable
                0x00015294       0x18 .\CortexM3\ARM_GCC_473\Debug\GobeeDir.a(isr_CLU_EXEC.o)
                0x00015294                isr_CLU_EXEC_Disable
 .text.UART_LORA_Start
                0x000152ac       0x2c .\CortexM3\ARM_GCC_473\Debug\GobeeDir.a(UART_LORA.o)
                0x000152ac                UART_LORA_Start
 .text.UART_LORA_Init
                0x000152d8       0x68 .\CortexM3\ARM_GCC_473\Debug\GobeeDir.a(UART_LORA.o)
                0x000152d8                UART_LORA_Init
 .text.UART_LORA_Enable
                0x00015340       0x84 .\CortexM3\ARM_GCC_473\Debug\GobeeDir.a(UART_LORA.o)
                0x00015340                UART_LORA_Enable
 .text.UART_LORA_EnableRxInt
                0x000153c4       0x18 .\CortexM3\ARM_GCC_473\Debug\GobeeDir.a(UART_LORA.o)
                0x000153c4                UART_LORA_EnableRxInt
 .text.UART_LORA_DisableRxInt
                0x000153dc       0x18 .\CortexM3\ARM_GCC_473\Debug\GobeeDir.a(UART_LORA.o)
                0x000153dc                UART_LORA_DisableRxInt
 .text.UART_LORA_ReadRxStatus
                0x000153f4       0x4c .\CortexM3\ARM_GCC_473\Debug\GobeeDir.a(UART_LORA.o)
                0x000153f4                UART_LORA_ReadRxStatus
 .text.UART_LORA_GetChar
                0x00015440       0xd4 .\CortexM3\ARM_GCC_473\Debug\GobeeDir.a(UART_LORA.o)
                0x00015440                UART_LORA_GetChar
 .text.UART_LORA_GetRxBufferSize
                0x00015514       0xb4 .\CortexM3\ARM_GCC_473\Debug\GobeeDir.a(UART_LORA.o)
                0x00015514                UART_LORA_GetRxBufferSize
 .text.UART_LORA_PutChar
                0x000155c8       0x38 .\CortexM3\ARM_GCC_473\Debug\GobeeDir.a(UART_LORA.o)
                0x000155c8                UART_LORA_PutChar
 .text.UART_LORA_RXISR
                0x00015600       0xf0 .\CortexM3\ARM_GCC_473\Debug\GobeeDir.a(UART_LORA_INT.o)
                0x00015600                UART_LORA_RXISR
 .text.UART_LORA_IntClock_Start
                0x000156f0       0x44 .\CortexM3\ARM_GCC_473\Debug\GobeeDir.a(UART_LORA_IntClock.o)
                0x000156f0                UART_LORA_IntClock_Start
 .text.Control_Reg_LORA_Write
                0x00015734       0x20 .\CortexM3\ARM_GCC_473\Debug\GobeeDir.a(Control_Reg_LORA.o)
                0x00015734                Control_Reg_LORA_Write
 .text.Control_Reg_LORA_RESET_Write
                0x00015754       0x20 .\CortexM3\ARM_GCC_473\Debug\GobeeDir.a(Control_Reg_LORA_RESET.o)
                0x00015754                Control_Reg_LORA_RESET_Write
 .text.isr_TORQUESTAT_Start
                0x00015774       0x24 .\CortexM3\ARM_GCC_473\Debug\GobeeDir.a(isr_TORQUESTAT.o)
                0x00015774                isr_TORQUESTAT_Start
 .text.isr_TORQUESTAT_Stop
                0x00015798       0x18 .\CortexM3\ARM_GCC_473\Debug\GobeeDir.a(isr_TORQUESTAT.o)
                0x00015798                isr_TORQUESTAT_Stop
 .text.isr_TORQUESTAT_Interrupt
                0x000157b0       0xe0 .\CortexM3\ARM_GCC_473\Debug\GobeeDir.a(isr_TORQUESTAT.o)
                0x000157b0                isr_TORQUESTAT_Interrupt
 .text.isr_TORQUESTAT_SetVector
                0x00015890       0x28 .\CortexM3\ARM_GCC_473\Debug\GobeeDir.a(isr_TORQUESTAT.o)
                0x00015890                isr_TORQUESTAT_SetVector
 .text.isr_TORQUESTAT_SetPriority
                0x000158b8       0x28 .\CortexM3\ARM_GCC_473\Debug\GobeeDir.a(isr_TORQUESTAT.o)
                0x000158b8                isr_TORQUESTAT_SetPriority
 .text.isr_TORQUESTAT_Enable
                0x000158e0       0x18 .\CortexM3\ARM_GCC_473\Debug\GobeeDir.a(isr_TORQUESTAT.o)
                0x000158e0                isr_TORQUESTAT_Enable
 .text.isr_TORQUESTAT_Disable
                0x000158f8       0x18 .\CortexM3\ARM_GCC_473\Debug\GobeeDir.a(isr_TORQUESTAT.o)
                0x000158f8                isr_TORQUESTAT_Disable
 .text.isr_LIMIT_CTRL_Start
                0x00015910       0x24 .\CortexM3\ARM_GCC_473\Debug\GobeeDir.a(isr_LIMIT_CTRL.o)
                0x00015910                isr_LIMIT_CTRL_Start
 .text.isr_LIMIT_CTRL_Interrupt
                0x00015934        0xc .\CortexM3\ARM_GCC_473\Debug\GobeeDir.a(isr_LIMIT_CTRL.o)
                0x00015934                isr_LIMIT_CTRL_Interrupt
 .text.isr_LIMIT_CTRL_SetVector
                0x00015940       0x28 .\CortexM3\ARM_GCC_473\Debug\GobeeDir.a(isr_LIMIT_CTRL.o)
                0x00015940                isr_LIMIT_CTRL_SetVector
 .text.isr_LIMIT_CTRL_SetPriority
                0x00015968       0x28 .\CortexM3\ARM_GCC_473\Debug\GobeeDir.a(isr_LIMIT_CTRL.o)
                0x00015968                isr_LIMIT_CTRL_SetPriority
 .text.isr_LIMIT_CTRL_Enable
                0x00015990       0x18 .\CortexM3\ARM_GCC_473\Debug\GobeeDir.a(isr_LIMIT_CTRL.o)
                0x00015990                isr_LIMIT_CTRL_Enable
 .text.isr_LIMIT_CTRL_Disable
                0x000159a8       0x18 .\CortexM3\ARM_GCC_473\Debug\GobeeDir.a(isr_LIMIT_CTRL.o)
                0x000159a8                isr_LIMIT_CTRL_Disable
 .text.ReceiveISR
                0x000159c0       0x54 .\CortexM3\ARM_GCC_473\Debug\GobeeDir.a(IMU_UM7.o)
 .text.IMU_UM7_WriteRegister
                0x00015a14       0xa8 .\CortexM3\ARM_GCC_473\Debug\GobeeDir.a(IMU_UM7.o)
                0x00015a14                IMU_UM7_WriteRegister
 .text.IMU_UM7_ReadRegister
                0x00015abc       0x80 .\CortexM3\ARM_GCC_473\Debug\GobeeDir.a(IMU_UM7.o)
                0x00015abc                IMU_UM7_ReadRegister
 .text.IMU_UM7_InitAndStart
                0x00015b3c       0x9c .\CortexM3\ARM_GCC_473\Debug\GobeeDir.a(IMU_UM7.o)
                0x00015b3c                IMU_UM7_InitAndStart
 .text.IMU_UM7_Stop
                0x00015bd8       0x10 .\CortexM3\ARM_GCC_473\Debug\GobeeDir.a(IMU_UM7.o)
                0x00015bd8                IMU_UM7_Stop
 .text.IMU_UM7_CheckForPacket
                0x00015be8       0x3c .\CortexM3\ARM_GCC_473\Debug\GobeeDir.a(IMU_UM7.o)
                0x00015be8                IMU_UM7_CheckForPacket
 .text.IMU_UM7_PacketAddress
                0x00015c24       0x18 .\CortexM3\ARM_GCC_473\Debug\GobeeDir.a(IMU_UM7.o)
                0x00015c24                IMU_UM7_PacketAddress
 .text.IMU_UM7_SetMisc
                0x00015c3c       0x54 .\CortexM3\ARM_GCC_473\Debug\GobeeDir.a(IMU_UM7.o)
                0x00015c3c                IMU_UM7_SetMisc
 .text.print_vector
                0x00015c90       0x60 .\CortexM3\ARM_GCC_473\Debug\GobeeDir.a(IMU_UM7.o)
 .text.IMU_UM7_PrintSettings
                0x00015cf0      0x208 .\CortexM3\ARM_GCC_473\Debug\GobeeDir.a(IMU_UM7.o)
                0x00015cf0                IMU_UM7_PrintSettings
 .text.IMU_UM7_PacketToEuler
                0x00015ef8       0x24 .\CortexM3\ARM_GCC_473\Debug\GobeeDir.a(IMU_UM7.o)
                0x00015ef8                IMU_UM7_PacketToEuler
 .text.IMU_UM7_CheckForEulerPacket
                0x00015f1c       0x38 .\CortexM3\ARM_GCC_473\Debug\GobeeDir.a(IMU_UM7.o)
                0x00015f1c                IMU_UM7_CheckForEulerPacket
 .text.IMU_UM7_UART_Start
                0x00015f54       0x2c .\CortexM3\ARM_GCC_473\Debug\GobeeDir.a(IMU_UM7_UART.o)
                0x00015f54                IMU_UM7_UART_Start
 .text.IMU_UM7_UART_Init
                0x00015f80       0x68 .\CortexM3\ARM_GCC_473\Debug\GobeeDir.a(IMU_UM7_UART.o)
                0x00015f80                IMU_UM7_UART_Init
 .text.IMU_UM7_UART_Enable
                0x00015fe8       0x84 .\CortexM3\ARM_GCC_473\Debug\GobeeDir.a(IMU_UM7_UART.o)
                0x00015fe8                IMU_UM7_UART_Enable
 .text.IMU_UM7_UART_Stop
                0x0001606c       0x7c .\CortexM3\ARM_GCC_473\Debug\GobeeDir.a(IMU_UM7_UART.o)
                0x0001606c                IMU_UM7_UART_Stop
 .text.IMU_UM7_UART_EnableRxInt
                0x000160e8       0x18 .\CortexM3\ARM_GCC_473\Debug\GobeeDir.a(IMU_UM7_UART.o)
                0x000160e8                IMU_UM7_UART_EnableRxInt
 .text.IMU_UM7_UART_DisableRxInt
                0x00016100       0x18 .\CortexM3\ARM_GCC_473\Debug\GobeeDir.a(IMU_UM7_UART.o)
                0x00016100                IMU_UM7_UART_DisableRxInt
 .text.IMU_UM7_UART_ClearRxBuffer
                0x00016118       0x98 .\CortexM3\ARM_GCC_473\Debug\GobeeDir.a(IMU_UM7_UART.o)
                0x00016118                IMU_UM7_UART_ClearRxBuffer
 .text.IMU_UM7_UART_PutChar
                0x000161b0       0x38 .\CortexM3\ARM_GCC_473\Debug\GobeeDir.a(IMU_UM7_UART.o)
                0x000161b0                IMU_UM7_UART_PutChar
 .text.IMU_UM7_UART_RXISR
                0x000161e8       0xec .\CortexM3\ARM_GCC_473\Debug\GobeeDir.a(IMU_UM7_UART_INT.o)
                0x000161e8                IMU_UM7_UART_RXISR
 .text.IMU_UM7_CBUFFER_Init
                0x000162d4       0x20 .\CortexM3\ARM_GCC_473\Debug\GobeeDir.a(IMU_UM7_CBUFFER.o)
                0x000162d4                IMU_UM7_CBUFFER_Init
 .text.IMU_UM7_CBUFFER_PutByte
                0x000162f4       0x24 .\CortexM3\ARM_GCC_473\Debug\GobeeDir.a(IMU_UM7_CBUFFER.o)
                0x000162f4                IMU_UM7_CBUFFER_PutByte
 .text.IMU_UM7_CBUFFER_GetByte
                0x00016318       0x18 .\CortexM3\ARM_GCC_473\Debug\GobeeDir.a(IMU_UM7_CBUFFER.o)
                0x00016318                IMU_UM7_CBUFFER_GetByte
 .text.IMU_UM7_CBUFFER_AnyData
                0x00016330       0x18 .\CortexM3\ARM_GCC_473\Debug\GobeeDir.a(IMU_UM7_CBUFFER.o)
                0x00016330                IMU_UM7_CBUFFER_AnyData
 .text.IMU_UM7_ISR_StartEx
                0x00016348       0x28 .\CortexM3\ARM_GCC_473\Debug\GobeeDir.a(IMU_UM7_ISR.o)
                0x00016348                IMU_UM7_ISR_StartEx
 .text.IMU_UM7_ISR_Stop
                0x00016370       0x18 .\CortexM3\ARM_GCC_473\Debug\GobeeDir.a(IMU_UM7_ISR.o)
                0x00016370                IMU_UM7_ISR_Stop
 .text.IMU_UM7_ISR_SetVector
                0x00016388       0x28 .\CortexM3\ARM_GCC_473\Debug\GobeeDir.a(IMU_UM7_ISR.o)
                0x00016388                IMU_UM7_ISR_SetVector
 .text.IMU_UM7_ISR_SetPriority
                0x000163b0       0x28 .\CortexM3\ARM_GCC_473\Debug\GobeeDir.a(IMU_UM7_ISR.o)
                0x000163b0                IMU_UM7_ISR_SetPriority
 .text.IMU_UM7_ISR_Enable
                0x000163d8       0x18 .\CortexM3\ARM_GCC_473\Debug\GobeeDir.a(IMU_UM7_ISR.o)
                0x000163d8                IMU_UM7_ISR_Enable
 .text.IMU_UM7_ISR_Disable
                0x000163f0       0x18 .\CortexM3\ARM_GCC_473\Debug\GobeeDir.a(IMU_UM7_ISR.o)
                0x000163f0                IMU_UM7_ISR_Disable
 .text.IMU_UM7_PACKETIZER_Init
                0x00016408       0x48 .\CortexM3\ARM_GCC_473\Debug\GobeeDir.a(IMU_UM7_PACKETIZER.o)
                0x00016408                IMU_UM7_PACKETIZER_Init
 .text.IMU_UM7_PACKETIZER_BuildPacket
                0x00016450       0x6c .\CortexM3\ARM_GCC_473\Debug\GobeeDir.a(IMU_UM7_PACKETIZER.o)
                0x00016450                IMU_UM7_PACKETIZER_BuildPacket
 .text.IMU_UM7_UART_IntClock_Start
                0x000164bc       0x44 .\CortexM3\ARM_GCC_473\Debug\GobeeDir.a(IMU_UM7_UART_IntClock.o)
                0x000164bc                IMU_UM7_UART_IntClock_Start
 .text.IMU_UM7_UART_IntClock_Stop
                0x00016500       0x44 .\CortexM3\ARM_GCC_473\Debug\GobeeDir.a(IMU_UM7_UART_IntClock.o)
                0x00016500                IMU_UM7_UART_IntClock_Stop
 .text.Control_Reg_WS_Write
                0x00016544       0x20 .\CortexM3\ARM_GCC_473\Debug\GobeeDir.a(Control_Reg_WS.o)
                0x00016544                Control_Reg_WS_Write
 .text.isr_UART_LORA_RX_Start
                0x00016564       0x24 .\CortexM3\ARM_GCC_473\Debug\GobeeDir.a(isr_UART_LORA_RX.o)
                0x00016564                isr_UART_LORA_RX_Start
 .text.isr_UART_LORA_RX_Interrupt
                0x00016588        0xc .\CortexM3\ARM_GCC_473\Debug\GobeeDir.a(isr_UART_LORA_RX.o)
                0x00016588                isr_UART_LORA_RX_Interrupt
 .text.isr_UART_LORA_RX_SetVector
                0x00016594       0x28 .\CortexM3\ARM_GCC_473\Debug\GobeeDir.a(isr_UART_LORA_RX.o)
                0x00016594                isr_UART_LORA_RX_SetVector
 .text.isr_UART_LORA_RX_SetPriority
                0x000165bc       0x28 .\CortexM3\ARM_GCC_473\Debug\GobeeDir.a(isr_UART_LORA_RX.o)
                0x000165bc                isr_UART_LORA_RX_SetPriority
 .text.isr_UART_LORA_RX_Enable
                0x000165e4       0x18 .\CortexM3\ARM_GCC_473\Debug\GobeeDir.a(isr_UART_LORA_RX.o)
                0x000165e4                isr_UART_LORA_RX_Enable
 .text.isr_UART_LORA_RX_Disable
                0x000165fc       0x18 .\CortexM3\ARM_GCC_473\Debug\GobeeDir.a(isr_UART_LORA_RX.o)
                0x000165fc                isr_UART_LORA_RX_Disable
 .text.sqrt     0x00016614       0xa8 c:/program files (x86)/cypress/psoc creator/3.0/psoc creator/import/gnu_cs/arm/4.7.3/bin/../lib/gcc/arm-none-eabi/4.7.3/../../../../arm-none-eabi/lib/armv7-m\libm.a(lib_a-w_sqrt.o)
                0x00016614                sqrt
 .text.__ieee754_sqrt
                0x000166bc      0x208 c:/program files (x86)/cypress/psoc creator/3.0/psoc creator/import/gnu_cs/arm/4.7.3/bin/../lib/gcc/arm-none-eabi/4.7.3/../../../../arm-none-eabi/lib/armv7-m\libm.a(lib_a-e_sqrt.o)
                0x000166bc                __ieee754_sqrt
 .text.__fpclassifyd
                0x000168c4       0x68 c:/program files (x86)/cypress/psoc creator/3.0/psoc creator/import/gnu_cs/arm/4.7.3/bin/../lib/gcc/arm-none-eabi/4.7.3/../../../../arm-none-eabi/lib/armv7-m\libm.a(lib_a-s_fpclassify.o)
                0x000168c4                __fpclassifyd
 .text.matherr  0x0001692c        0x4 c:/program files (x86)/cypress/psoc creator/3.0/psoc creator/import/gnu_cs/arm/4.7.3/bin/../lib/gcc/arm-none-eabi/4.7.3/../../../../arm-none-eabi/lib/armv7-m\libm.a(lib_a-s_matherr.o)
                0x0001692c                matherr
 .text          0x00016930      0x370 c:/program files (x86)/cypress/psoc creator/3.0/psoc creator/import/gnu_cs/arm/4.7.3/bin/../lib/gcc/arm-none-eabi/4.7.3/armv7-m\libgcc.a(_arm_addsubdf3.o)
                0x00016930                __aeabi_drsub
                0x00016938                __aeabi_dsub
                0x00016938                __subdf3
                0x0001693c                __aeabi_dadd
                0x0001693c                __adddf3
                0x00016bb4                __floatunsidf
                0x00016bb4                __aeabi_ui2d
                0x00016bd4                __floatsidf
                0x00016bd4                __aeabi_i2d
                0x00016bf8                __aeabi_f2d
                0x00016bf8                __extendsfdf2
                0x00016c34                __floatundidf
                0x00016c34                __aeabi_ul2d
                0x00016c44                __floatdidf
                0x00016c44                __aeabi_l2d
 .text          0x00016ca0      0x424 c:/program files (x86)/cypress/psoc creator/3.0/psoc creator/import/gnu_cs/arm/4.7.3/bin/../lib/gcc/arm-none-eabi/4.7.3/armv7-m\libgcc.a(_arm_muldivdf3.o)
                0x00016ca0                __aeabi_dmul
                0x00016ca0                __muldf3
                0x00016ef4                __divdf3
                0x00016ef4                __aeabi_ddiv
 .text          0x000170c4      0x110 c:/program files (x86)/cypress/psoc creator/3.0/psoc creator/import/gnu_cs/arm/4.7.3/bin/../lib/gcc/arm-none-eabi/4.7.3/armv7-m\libgcc.a(_arm_cmpdf2.o)
                0x000170c4                __gtdf2
                0x000170c4                __gedf2
                0x000170cc                __ltdf2
                0x000170cc                __ledf2
                0x000170d4                __nedf2
                0x000170d4                __eqdf2
                0x000170d4                __cmpdf2
                0x00017150                __aeabi_cdrcmple
                0x00017160                __aeabi_cdcmpeq
                0x00017160                __aeabi_cdcmple
                0x00017170                __aeabi_dcmpeq
                0x00017184                __aeabi_dcmplt
                0x00017198                __aeabi_dcmple
                0x000171ac                __aeabi_dcmpge
                0x000171c0                __aeabi_dcmpgt
 .text          0x000171d4       0x50 c:/program files (x86)/cypress/psoc creator/3.0/psoc creator/import/gnu_cs/arm/4.7.3/bin/../lib/gcc/arm-none-eabi/4.7.3/armv7-m\libgcc.a(_arm_fixdfsi.o)
                0x000171d4                __aeabi_d2iz
                0x000171d4                __fixdfsi
 .text          0x00017224       0xa0 c:/program files (x86)/cypress/psoc creator/3.0/psoc creator/import/gnu_cs/arm/4.7.3/bin/../lib/gcc/arm-none-eabi/4.7.3/armv7-m\libgcc.a(_arm_truncdfsf2.o)
                0x00017224                __truncdfsf2
                0x00017224                __aeabi_d2f
 .text          0x000172c4      0x21c c:/program files (x86)/cypress/psoc creator/3.0/psoc creator/import/gnu_cs/arm/4.7.3/bin/../lib/gcc/arm-none-eabi/4.7.3/armv7-m\libgcc.a(_arm_addsubsf3.o)
                0x000172c4                __aeabi_frsub
                0x000172cc                __subsf3
                0x000172cc                __aeabi_fsub
                0x000172d0                __aeabi_fadd
                0x000172d0                __addsf3
                0x00017430                __aeabi_ui2f
                0x00017430                __floatunsisf
                0x00017438                __aeabi_i2f
                0x00017438                __floatsisf
                0x00017454                __aeabi_ul2f
                0x00017454                __floatundisf
                0x00017464                __aeabi_l2f
                0x00017464                __floatdisf
 .text          0x000174e0      0x2a0 c:/program files (x86)/cypress/psoc creator/3.0/psoc creator/import/gnu_cs/arm/4.7.3/bin/../lib/gcc/arm-none-eabi/4.7.3/armv7-m\libgcc.a(_arm_muldivsf3.o)
                0x000174e0                __mulsf3
                0x000174e0                __aeabi_fmul
                0x00017648                __aeabi_fdiv
                0x00017648                __divsf3
 .text          0x00017780       0xec c:/program files (x86)/cypress/psoc creator/3.0/psoc creator/import/gnu_cs/arm/4.7.3/bin/../lib/gcc/arm-none-eabi/4.7.3/armv7-m\libgcc.a(_arm_cmpsf2.o)
                0x00017780                __gesf2
                0x00017780                __gtsf2
                0x00017788                __lesf2
                0x00017788                __ltsf2
                0x00017790                __nesf2
                0x00017790                __eqsf2
                0x00017790                __cmpsf2
                0x000177f0                __aeabi_cfrcmple
                0x000177f8                __aeabi_cfcmpeq
                0x000177f8                __aeabi_cfcmple
                0x00017808                __aeabi_fcmpeq
                0x0001781c                __aeabi_fcmplt
                0x00017830                __aeabi_fcmple
                0x00017844                __aeabi_fcmpge
                0x00017858                __aeabi_fcmpgt
 .text          0x0001786c       0x4c c:/program files (x86)/cypress/psoc creator/3.0/psoc creator/import/gnu_cs/arm/4.7.3/bin/../lib/gcc/arm-none-eabi/4.7.3/armv7-m\libgcc.a(_arm_fixsfsi.o)
                0x0001786c                __aeabi_f2iz
                0x0001786c                __fixsfsi
 .text          0x000178b8       0x40 c:/program files (x86)/cypress/psoc creator/3.0/psoc creator/import/gnu_cs/arm/4.7.3/bin/../lib/gcc/arm-none-eabi/4.7.3/armv7-m\libgcc.a(_arm_fixunssfsi.o)
                0x000178b8                __fixunssfsi
                0x000178b8                __aeabi_f2uiz
 .text.__register_exitproc
                0x000178f8       0xac c:/program files (x86)/cypress/psoc creator/3.0/psoc creator/import/gnu_cs/arm/4.7.3/bin/../lib/gcc/arm-none-eabi/4.7.3/../../../../arm-none-eabi/lib/armv7-m\libg.a(lib_a-__atexit.o)
                0x000178f8                __register_exitproc
 .text.atof     0x000179a4        0x8 c:/program files (x86)/cypress/psoc creator/3.0/psoc creator/import/gnu_cs/arm/4.7.3/bin/../lib/gcc/arm-none-eabi/4.7.3/../../../../arm-none-eabi/lib/armv7-m\libg.a(lib_a-atof.o)
                0x000179a4                atof
 .text.atoi     0x000179ac        0x8 c:/program files (x86)/cypress/psoc creator/3.0/psoc creator/import/gnu_cs/arm/4.7.3/bin/../lib/gcc/arm-none-eabi/4.7.3/../../../../arm-none-eabi/lib/armv7-m\libg.a(lib_a-atoi.o)
                0x000179ac                atoi
 .text.__errno  0x000179b4        0xc c:/program files (x86)/cypress/psoc creator/3.0/psoc creator/import/gnu_cs/arm/4.7.3/bin/../lib/gcc/arm-none-eabi/4.7.3/../../../../arm-none-eabi/lib/armv7-m\libg.a(lib_a-errno.o)
                0x000179b4                __errno
 .text.__libc_fini_array
                0x000179c0       0x50 c:/program files (x86)/cypress/psoc creator/3.0/psoc creator/import/gnu_cs/arm/4.7.3/bin/../lib/gcc/arm-none-eabi/4.7.3/../../../../arm-none-eabi/lib/armv7-m\libg.a(lib_a-fini.o)
                0x000179c0                __libc_fini_array
 .text.__libc_init_array
                0x00017a10       0x94 c:/program files (x86)/cypress/psoc creator/3.0/psoc creator/import/gnu_cs/arm/4.7.3/bin/../lib/gcc/arm-none-eabi/4.7.3/../../../../arm-none-eabi/lib/armv7-m\libg.a(lib_a-init.o)
                0x00017a10                __libc_init_array
 .text.memcpy   0x00017aa4      0x15c c:/program files (x86)/cypress/psoc creator/3.0/psoc creator/import/gnu_cs/arm/4.7.3/bin/../lib/gcc/arm-none-eabi/4.7.3/../../../../arm-none-eabi/lib/armv7-m\libg.a(lib_a-memcpy.o)
                0x00017aa4                memcpy
 .text.memset   0x00017c00      0x12c c:/program files (x86)/cypress/psoc creator/3.0/psoc creator/import/gnu_cs/arm/4.7.3/bin/../lib/gcc/arm-none-eabi/4.7.3/../../../../arm-none-eabi/lib/armv7-m\libg.a(lib_a-memset.o)
                0x00017c00                memset
 .text.printf   0x00017d2c       0x2c c:/program files (x86)/cypress/psoc creator/3.0/psoc creator/import/gnu_cs/arm/4.7.3/bin/../lib/gcc/arm-none-eabi/4.7.3/../../../../arm-none-eabi/lib/armv7-m\libg.a(lib_a-printf.o)
                0x00017d2c                printf
 .text.putchar  0x00017d58       0x14 c:/program files (x86)/cypress/psoc creator/3.0/psoc creator/import/gnu_cs/arm/4.7.3/bin/../lib/gcc/arm-none-eabi/4.7.3/../../../../arm-none-eabi/lib/armv7-m\libg.a(lib_a-putchar.o)
                0x00017d58                putchar
 .text._puts_r  0x00017d6c       0x68 c:/program files (x86)/cypress/psoc creator/3.0/psoc creator/import/gnu_cs/arm/4.7.3/bin/../lib/gcc/arm-none-eabi/4.7.3/../../../../arm-none-eabi/lib/armv7-m\libg.a(lib_a-puts.o)
                0x00017d6c                _puts_r
 .text.puts     0x00017dd4       0x10 c:/program files (x86)/cypress/psoc creator/3.0/psoc creator/import/gnu_cs/arm/4.7.3/bin/../lib/gcc/arm-none-eabi/4.7.3/../../../../arm-none-eabi/lib/armv7-m\libg.a(lib_a-puts.o)
                0x00017dd4                puts
 .text.setvbuf  0x00017de4      0x10c c:/program files (x86)/cypress/psoc creator/3.0/psoc creator/import/gnu_cs/arm/4.7.3/bin/../lib/gcc/arm-none-eabi/4.7.3/../../../../arm-none-eabi/lib/armv7-m\libg.a(lib_a-setvbuf.o)
                0x00017de4                setvbuf
 .text.sprintf  0x00017ef0       0x50 c:/program files (x86)/cypress/psoc creator/3.0/psoc creator/import/gnu_cs/arm/4.7.3/bin/../lib/gcc/arm-none-eabi/4.7.3/../../../../arm-none-eabi/lib/armv7-m\libg.a(lib_a-sprintf.o)
                0x00017ef0                sprintf
 .text.strcmp   0x00017f40       0x80 c:/program files (x86)/cypress/psoc creator/3.0/psoc creator/import/gnu_cs/arm/4.7.3/bin/../lib/gcc/arm-none-eabi/4.7.3/../../../../arm-none-eabi/lib/armv7-m\libg.a(lib_a-strcmp.o)
                0x00017f40                strcmp
 .text.strcmp_unaligned
                0x00017fc0      0x15c c:/program files (x86)/cypress/psoc creator/3.0/psoc creator/import/gnu_cs/arm/4.7.3/bin/../lib/gcc/arm-none-eabi/4.7.3/../../../../arm-none-eabi/lib/armv7-m\libg.a(lib_a-strcmp.o)
 .text.strcpy   0x0001811c       0xbc c:/program files (x86)/cypress/psoc creator/3.0/psoc creator/import/gnu_cs/arm/4.7.3/bin/../lib/gcc/arm-none-eabi/4.7.3/../../../../arm-none-eabi/lib/armv7-m\libg.a(lib_a-strcpy.o)
                0x0001811c                strcpy
 .text.strlen   0x000181d8       0x60 c:/program files (x86)/cypress/psoc creator/3.0/psoc creator/import/gnu_cs/arm/4.7.3/bin/../lib/gcc/arm-none-eabi/4.7.3/../../../../arm-none-eabi/lib/armv7-m\libg.a(lib_a-strlen.o)
                0x000181d8                strlen
 .text._strtod_r
                0x00018238      0xeb0 c:/program files (x86)/cypress/psoc creator/3.0/psoc creator/import/gnu_cs/arm/4.7.3/bin/../lib/gcc/arm-none-eabi/4.7.3/../../../../arm-none-eabi/lib/armv7-m\libg.a(lib_a-strtod.o)
                0x00018238                _strtod_r
 .text.strtod   0x000190e8       0x18 c:/program files (x86)/cypress/psoc creator/3.0/psoc creator/import/gnu_cs/arm/4.7.3/bin/../lib/gcc/arm-none-eabi/4.7.3/../../../../arm-none-eabi/lib/armv7-m\libg.a(lib_a-strtod.o)
                0x000190e8                strtod
 .text.strtok   0x00019100       0x14 c:/program files (x86)/cypress/psoc creator/3.0/psoc creator/import/gnu_cs/arm/4.7.3/bin/../lib/gcc/arm-none-eabi/4.7.3/../../../../arm-none-eabi/lib/armv7-m\libg.a(lib_a-strtok.o)
                0x00019100                strtok
 .text.__strtok_r
                0x00019114       0x60 c:/program files (x86)/cypress/psoc creator/3.0/psoc creator/import/gnu_cs/arm/4.7.3/bin/../lib/gcc/arm-none-eabi/4.7.3/../../../../arm-none-eabi/lib/armv7-m\libg.a(lib_a-strtok_r.o)
                0x00019114                __strtok_r
 .text._strtol_r
                0x00019174      0x130 c:/program files (x86)/cypress/psoc creator/3.0/psoc creator/import/gnu_cs/arm/4.7.3/bin/../lib/gcc/arm-none-eabi/4.7.3/../../../../arm-none-eabi/lib/armv7-m\libg.a(lib_a-strtol.o)
                0x00019174                _strtol_r
 .text.strtol   0x000192a4       0x1c c:/program files (x86)/cypress/psoc creator/3.0/psoc creator/import/gnu_cs/arm/4.7.3/bin/../lib/gcc/arm-none-eabi/4.7.3/../../../../arm-none-eabi/lib/armv7-m\libg.a(lib_a-strtol.o)
                0x000192a4                strtol
 .text._svfprintf_r
                0x000192c0     0x1adc c:/program files (x86)/cypress/psoc creator/3.0/psoc creator/import/gnu_cs/arm/4.7.3/bin/../lib/gcc/arm-none-eabi/4.7.3/../../../../arm-none-eabi/lib/armv7-m\libg.a(lib_a-svfprintf.o)
                0x000192c0                _svfprintf_r
 .text._vfprintf_r
                0x0001ad9c     0x1c48 c:/program files (x86)/cypress/psoc creator/3.0/psoc creator/import/gnu_cs/arm/4.7.3/bin/../lib/gcc/arm-none-eabi/4.7.3/../../../../arm-none-eabi/lib/armv7-m\libg.a(lib_a-vfprintf.o)
                0x0001ad9c                _vfprintf_r
 .text.__sbprintf
                0x0001c9e4       0x80 c:/program files (x86)/cypress/psoc creator/3.0/psoc creator/import/gnu_cs/arm/4.7.3/bin/../lib/gcc/arm-none-eabi/4.7.3/../../../../arm-none-eabi/lib/armv7-m\libg.a(lib_a-vfprintf.o)
 .text.__swsetup_r
                0x0001ca64       0xc4 c:/program files (x86)/cypress/psoc creator/3.0/psoc creator/import/gnu_cs/arm/4.7.3/bin/../lib/gcc/arm-none-eabi/4.7.3/../../../../arm-none-eabi/lib/armv7-m\libg.a(lib_a-wsetup.o)
                0x0001ca64                __swsetup_r
 .text.startup.register_fini
                0x0001cb28       0x14 c:/program files (x86)/cypress/psoc creator/3.0/psoc creator/import/gnu_cs/arm/4.7.3/bin/../lib/gcc/arm-none-eabi/4.7.3/../../../../arm-none-eabi/lib/armv7-m\libg.a(lib_a-__call_atexit.o)
 .text.atexit   0x0001cb3c        0xc c:/program files (x86)/cypress/psoc creator/3.0/psoc creator/import/gnu_cs/arm/4.7.3/bin/../lib/gcc/arm-none-eabi/4.7.3/../../../../arm-none-eabi/lib/armv7-m\libg.a(lib_a-atexit.o)
                0x0001cb3c                atexit
 .text.quorem   0x0001cb48      0x2ec c:/program files (x86)/cypress/psoc creator/3.0/psoc creator/import/gnu_cs/arm/4.7.3/bin/../lib/gcc/arm-none-eabi/4.7.3/../../../../arm-none-eabi/lib/armv7-m\libg.a(lib_a-dtoa.o)
 *fill*         0x0001ce34        0x4 00
 .text._dtoa_r  0x0001ce38     0x11f8 c:/program files (x86)/cypress/psoc creator/3.0/psoc creator/import/gnu_cs/arm/4.7.3/bin/../lib/gcc/arm-none-eabi/4.7.3/../../../../arm-none-eabi/lib/armv7-m\libg.a(lib_a-dtoa.o)
                0x0001ce38                _dtoa_r
 .text._fflush_r
                0x0001e030      0x164 c:/program files (x86)/cypress/psoc creator/3.0/psoc creator/import/gnu_cs/arm/4.7.3/bin/../lib/gcc/arm-none-eabi/4.7.3/../../../../arm-none-eabi/lib/armv7-m\libg.a(lib_a-fflush.o)
                0x0001e030                _fflush_r
 .text._cleanup_r
                0x0001e194        0xc c:/program files (x86)/cypress/psoc creator/3.0/psoc creator/import/gnu_cs/arm/4.7.3/bin/../lib/gcc/arm-none-eabi/4.7.3/../../../../arm-none-eabi/lib/armv7-m\libg.a(lib_a-findfp.o)
                0x0001e194                _cleanup_r
 .text.std.isra.0
                0x0001e1a0       0x50 c:/program files (x86)/cypress/psoc creator/3.0/psoc creator/import/gnu_cs/arm/4.7.3/bin/../lib/gcc/arm-none-eabi/4.7.3/../../../../arm-none-eabi/lib/armv7-m\libg.a(lib_a-findfp.o)
 .text.__sinit  0x0001e1f0       0x4c c:/program files (x86)/cypress/psoc creator/3.0/psoc creator/import/gnu_cs/arm/4.7.3/bin/../lib/gcc/arm-none-eabi/4.7.3/../../../../arm-none-eabi/lib/armv7-m\libg.a(lib_a-findfp.o)
                0x0001e1f0                __sinit
 .text.__sfp_lock_acquire
                0x0001e23c        0x4 c:/program files (x86)/cypress/psoc creator/3.0/psoc creator/import/gnu_cs/arm/4.7.3/bin/../lib/gcc/arm-none-eabi/4.7.3/../../../../arm-none-eabi/lib/armv7-m\libg.a(lib_a-findfp.o)
                0x0001e23c                __sfp_lock_acquire
 .text.__sfp_lock_release
                0x0001e240        0x4 c:/program files (x86)/cypress/psoc creator/3.0/psoc creator/import/gnu_cs/arm/4.7.3/bin/../lib/gcc/arm-none-eabi/4.7.3/../../../../arm-none-eabi/lib/armv7-m\libg.a(lib_a-findfp.o)
                0x0001e240                __sfp_lock_release
 .text._malloc_trim_r
                0x0001e244       0x98 c:/program files (x86)/cypress/psoc creator/3.0/psoc creator/import/gnu_cs/arm/4.7.3/bin/../lib/gcc/arm-none-eabi/4.7.3/../../../../arm-none-eabi/lib/armv7-m\libg.a(lib_a-freer.o)
                0x0001e244                _malloc_trim_r
 .text._free_r  0x0001e2dc      0x194 c:/program files (x86)/cypress/psoc creator/3.0/psoc creator/import/gnu_cs/arm/4.7.3/bin/../lib/gcc/arm-none-eabi/4.7.3/../../../../arm-none-eabi/lib/armv7-m\libg.a(lib_a-freer.o)
                0x0001e2dc                _free_r
 .text.__sfvwrite_r
                0x0001e470      0x314 c:/program files (x86)/cypress/psoc creator/3.0/psoc creator/import/gnu_cs/arm/4.7.3/bin/../lib/gcc/arm-none-eabi/4.7.3/../../../../arm-none-eabi/lib/armv7-m\libg.a(lib_a-fvwrite.o)
                0x0001e470                __sfvwrite_r
 .text._fwalk   0x0001e784       0xb8 c:/program files (x86)/cypress/psoc creator/3.0/psoc creator/import/gnu_cs/arm/4.7.3/bin/../lib/gcc/arm-none-eabi/4.7.3/../../../../arm-none-eabi/lib/armv7-m\libg.a(lib_a-fwalk.o)
                0x0001e784                _fwalk
 .text.rshift   0x0001e83c      0x148 c:/program files (x86)/cypress/psoc creator/3.0/psoc creator/import/gnu_cs/arm/4.7.3/bin/../lib/gcc/arm-none-eabi/4.7.3/../../../../arm-none-eabi/lib/armv7-m\libg.a(lib_a-gdtoa-gethex.o)
 .text.__hexdig_init
                0x0001e984       0x50 c:/program files (x86)/cypress/psoc creator/3.0/psoc creator/import/gnu_cs/arm/4.7.3/bin/../lib/gcc/arm-none-eabi/4.7.3/../../../../arm-none-eabi/lib/armv7-m\libg.a(lib_a-gdtoa-gethex.o)
                0x0001e984                __hexdig_init
 .text.__gethex
                0x0001e9d4      0x588 c:/program files (x86)/cypress/psoc creator/3.0/psoc creator/import/gnu_cs/arm/4.7.3/bin/../lib/gcc/arm-none-eabi/4.7.3/../../../../arm-none-eabi/lib/armv7-m\libg.a(lib_a-gdtoa-gethex.o)
                0x0001e9d4                __gethex
 .text.__hexnan
                0x0001ef5c      0x2f0 c:/program files (x86)/cypress/psoc creator/3.0/psoc creator/import/gnu_cs/arm/4.7.3/bin/../lib/gcc/arm-none-eabi/4.7.3/../../../../arm-none-eabi/lib/armv7-m\libg.a(lib_a-gdtoa-hexnan.o)
                0x0001ef5c                __hexnan
 .text.__locale_charset
                0x0001f24c        0xc c:/program files (x86)/cypress/psoc creator/3.0/psoc creator/import/gnu_cs/arm/4.7.3/bin/../lib/gcc/arm-none-eabi/4.7.3/../../../../arm-none-eabi/lib/armv7-m\libg.a(lib_a-locale.o)
                0x0001f24c                __locale_charset
 .text.__locale_mb_cur_max
                0x0001f258        0xc c:/program files (x86)/cypress/psoc creator/3.0/psoc creator/import/gnu_cs/arm/4.7.3/bin/../lib/gcc/arm-none-eabi/4.7.3/../../../../arm-none-eabi/lib/armv7-m\libg.a(lib_a-locale.o)
                0x0001f258                __locale_mb_cur_max
 .text._localeconv_r
                0x0001f264        0xc c:/program files (x86)/cypress/psoc creator/3.0/psoc creator/import/gnu_cs/arm/4.7.3/bin/../lib/gcc/arm-none-eabi/4.7.3/../../../../arm-none-eabi/lib/armv7-m\libg.a(lib_a-locale.o)
                0x0001f264                _localeconv_r
 .text.__smakebuf_r
                0x0001f270       0xe8 c:/program files (x86)/cypress/psoc creator/3.0/psoc creator/import/gnu_cs/arm/4.7.3/bin/../lib/gcc/arm-none-eabi/4.7.3/../../../../arm-none-eabi/lib/armv7-m\libg.a(lib_a-makebuf.o)
                0x0001f270                __smakebuf_r
 .text.malloc   0x0001f358       0x10 c:/program files (x86)/cypress/psoc creator/3.0/psoc creator/import/gnu_cs/arm/4.7.3/bin/../lib/gcc/arm-none-eabi/4.7.3/../../../../arm-none-eabi/lib/armv7-m\libg.a(lib_a-malloc.o)